Component: ARM Compiler 5.06 update 4 (build 422) Tool: armlink [4d35d2]

==============================================================================

Section Cross References

    main.o(i.EXTI0_IRQHandler) refers to stm32f1xx_hal_gpio.o(i.HAL_GPIO_EXTI_IRQHandler) for HAL_GPIO_EXTI_IRQHandler
    main.o(i.EXTI9_5_IRQHandler) refers to stm32f1xx_hal_gpio.o(i.HAL_GPIO_EXTI_IRQHandler) for HAL_GPIO_EXTI_IRQHandler
    main.o(i.EXTI9_5_IRQHandler) refers to main.o(.data) for fentmp
    main.o(i.Multiple_Read_BH1750) refers to myiic.o(i.IIC_Start) for IIC_Start
    main.o(i.Multiple_Read_BH1750) refers to myiic.o(i.IIC_Send_Byte) for IIC_Send_Byte
    main.o(i.Multiple_Read_BH1750) refers to myiic.o(i.IIC_Wait_Ack) for IIC_Wait_Ack
    main.o(i.Multiple_Read_BH1750) refers to myiic.o(i.IIC_Read_Byte) for IIC_Read_Byte
    main.o(i.Multiple_Read_BH1750) refers to myiic.o(i.IIC_Stop) for IIC_Stop
    main.o(i.Single_Write_BH1750) refers to myiic.o(i.IIC_Start) for IIC_Start
    main.o(i.Single_Write_BH1750) refers to myiic.o(i.IIC_Send_Byte) for IIC_Send_Byte
    main.o(i.Single_Write_BH1750) refers to myiic.o(i.IIC_Wait_Ack) for IIC_Wait_Ack
    main.o(i.Single_Write_BH1750) refers to myiic.o(i.IIC_Stop) for IIC_Stop
    main.o(i.WriteToPingmu) refers to _printf_percent.o(.ARM.Collect$$_printf_percent$$00000000) for _printf_percent
    main.o(i.WriteToPingmu) refers to _printf_d.o(.ARM.Collect$$_printf_percent$$00000009) for _printf_d
    main.o(i.WriteToPingmu) refers to _printf_dec.o(.text) for _printf_int_dec
    main.o(i.WriteToPingmu) refers to _printf_s.o(.ARM.Collect$$_printf_percent$$00000014) for _printf_s
    main.o(i.WriteToPingmu) refers to _printf_str.o(.text) for _printf_str
    main.o(i.WriteToPingmu) refers to rt_memclr_w.o(.text) for __aeabi_memclr4
    main.o(i.WriteToPingmu) refers to delay.o(i.delay_ms) for delay_ms
    main.o(i.WriteToPingmu) refers to noretval__2sprintf.o(.text) for __2sprintf
    main.o(i.WriteToPingmu) refers to main.o(i.print3) for print3
    main.o(i.WriteToPingmu) refers to noretval__2printf.o(.text) for __2printf
    main.o(i.baojincheck) refers to tongxin.o(i.push) for push
    main.o(i.baojincheck) refers to main.o(i.WriteToPingmu) for WriteToPingmu
    main.o(i.baojincheck) refers to main.o(.data) for g_fengshan
    main.o(i.chuankou1jisuuan) refers to main.o(.data) for weizhi1
    main.o(i.chuankou1jisuuan) refers to main.o(.bss) for rec1
    main.o(i.chuankou1put) refers to main.o(.data) for weishu3
    main.o(i.chuankou1put) refers to main.o(.bss) for buf3
    main.o(i.chuankou1time) refers to main.o(.data) for timeleft3
    main.o(i.chuankou3jisuuan) refers to main.o(i.chuankou1put) for chuankou1put
    main.o(i.dealchuankou) refers to main.o(i.jiexi) for jiexi
    main.o(i.dealchuankou) refers to rt_memclr.o(.text) for __aeabi_memclr
    main.o(i.dealchuankou) refers to main.o(.data) for flag3
    main.o(i.dealchuankou) refers to main.o(.bss) for buf3
    main.o(i.dealorder) refers to _printf_percent.o(.ARM.Collect$$_printf_percent$$00000000) for _printf_percent
    main.o(i.dealorder) refers to _printf_d.o(.ARM.Collect$$_printf_percent$$00000009) for _printf_d
    main.o(i.dealorder) refers to _printf_dec.o(.text) for _printf_int_dec
    main.o(i.dealorder) refers to _printf_s.o(.ARM.Collect$$_printf_percent$$00000014) for _printf_s
    main.o(i.dealorder) refers to _printf_str.o(.text) for _printf_str
    main.o(i.dealorder) refers to rt_memclr_w.o(.text) for __aeabi_memclr4
    main.o(i.dealorder) refers to tongxin.o(i.pop2) for pop2
    main.o(i.dealorder) refers to noretval__2sprintf.o(.text) for __2sprintf
    main.o(i.dealorder) refers to main.o(i.print1) for print1
    main.o(i.dealorder) refers to noretval__2printf.o(.text) for __2printf
    main.o(i.dealorder) refers to main.o(.data) for timepush
    main.o(i.exitinit) refers to stm32f1xx_hal_gpio.o(i.HAL_GPIO_Init) for HAL_GPIO_Init
    main.o(i.exitinit) refers to stm32f1xx_hal_cortex.o(i.HAL_NVIC_EnableIRQ) for HAL_NVIC_EnableIRQ
    main.o(i.getiicguang) refers to main.o(i.Single_Write_BH1750) for Single_Write_BH1750
    main.o(i.getiicguang) refers to main.o(i.Multiple_Read_BH1750) for Multiple_Read_BH1750
    main.o(i.getiicguang) refers to main.o(.data) for runningtimes
    main.o(i.getwendu) refers to adc.o(i.Get_Adc_Average) for Get_Adc_Average
    main.o(i.getwendu) refers to main.o(i.getdianzu) for getdianzu
    main.o(i.getwendu) refers to main.o(i.jisuanwendu) for jisuanwendu
    main.o(i.getwendu) refers to main.o(i.showendu) for showendu
    main.o(i.getwendu) refers to main.o(.data) for g_wendu
    main.o(i.getzhiandchange) refers to tongxin2.o(i.pop22) for pop22
    main.o(i.getzhiandchange) refers to tongxin.o(i.push) for push
    main.o(i.init) refers to stm32f1xx_hal.o(i.HAL_Init) for HAL_Init
    main.o(i.init) refers to sys.o(i.Stm32_Clock_Init) for Stm32_Clock_Init
[...]
    ds1302.o(i.DS1302Read) refers to ds1302.o(i.DS1302WriteByte) for DS1302WriteByte
    ds1302.o(i.DS1302Read) refers to ds1302.o(i.DS1302ReadByte) for DS1302ReadByte
    ds1302.o(i.DS1302ReadByte) refers to ds1302.o(i.DS1302_DATA_INPUT_MODE) for DS1302_DATA_INPUT_MODE
    ds1302.o(i.DS1302ReadByte) refers to delay.o(i.delay_us) for delay_us
    ds1302.o(i.DS1302ReadByte) refers to stm32f1xx_hal_gpio.o(i.HAL_GPIO_WritePin) for HAL_GPIO_WritePin
    ds1302.o(i.DS1302ReadByte) refers to stm32f1xx_hal_gpio.o(i.HAL_GPIO_ReadPin) for HAL_GPIO_ReadPin
    ds1302.o(i.DS1302ReadByte) refers to ds1302.o(i.DS1302_DATA_OUTPUT_MODE) for DS1302_DATA_OUTPUT_MODE
    ds1302.o(i.DS1302Write) refers to stm32f1xx_hal_gpio.o(i.HAL_GPIO_WritePin) for HAL_GPIO_WritePin
    ds1302.o(i.DS1302Write) refers to ds1302.o(i.DS1302WriteByte) for DS1302WriteByte
    ds1302.o(i.DS1302WriteByte) refers to ds1302.o(i.DS1302_DATA_OUTPUT_MODE) for DS1302_DATA_OUTPUT_MODE
    ds1302.o(i.DS1302WriteByte) refers to stm32f1xx_hal_gpio.o(i.HAL_GPIO_WritePin) for HAL_GPIO_WritePin
    ds1302.o(i.DS1302WriteByte) refers to delay.o(i.delay_us) for delay_us
    ds1302.o(i.DS1302_CE_Init) refers to stm32f1xx_hal_gpio.o(i.HAL_GPIO_WritePin) for HAL_GPIO_WritePin
    ds1302.o(i.DS1302_CE_Init) refers to stm32f1xx_hal_gpio.o(i.HAL_GPIO_Init) for HAL_GPIO_Init
    ds1302.o(i.DS1302_DATA_INPUT_MODE) refers to stm32f1xx_hal_gpio.o(i.HAL_GPIO_Init) for HAL_GPIO_Init
    ds1302.o(i.DS1302_DATA_OUTPUT_MODE) refers to stm32f1xx_hal_gpio.o(i.HAL_GPIO_WritePin) for HAL_GPIO_WritePin
    ds1302.o(i.DS1302_DATA_OUTPUT_MODE) refers to stm32f1xx_hal_gpio.o(i.HAL_GPIO_Init) for HAL_GPIO_Init
    ds1302.o(i.DS1302_Init) refers to ds1302.o(i.DS1302_CE_Init) for DS1302_CE_Init
    ds1302.o(i.DS1302_Init) refers to ds1302.o(i.DS1302_SCLK_Init) for DS1302_SCLK_Init
    ds1302.o(i.DS1302_Init) refers to ds1302.o(i.DS1302_DATA_OUTPUT_MODE) for DS1302_DATA_OUTPUT_MODE
    ds1302.o(i.DS1302_SCLK_Init) refers to stm32f1xx_hal_gpio.o(i.HAL_GPIO_WritePin) for HAL_GPIO_WritePin
    ds1302.o(i.DS1302_SCLK_Init) refers to stm32f1xx_hal_gpio.o(i.HAL_GPIO_Init) for HAL_GPIO_Init
    ds1302.o(i.GetDate) refers to ds1302.o(i.DS1302Read) for DS1302Read
    ds1302.o(i.GetDay) refers to ds1302.o(i.DS1302Read) for DS1302Read
    ds1302.o(i.GetHour) refers to ds1302.o(i.DS1302Read) for DS1302Read
    ds1302.o(i.GetMinutes) refers to ds1302.o(i.DS1302Read) for DS1302Read
    ds1302.o(i.GetMonth) refers to ds1302.o(i.DS1302Read) for DS1302Read
    ds1302.o(i.GetSeconds) refers to ds1302.o(i.DS1302Read) for DS1302Read
    ds1302.o(i.GetYear) refers to ds1302.o(i.DS1302Read) for DS1302Read
    ds1302.o(i.SetDate) refers to ds1302.o(i.DS1302Write) for DS1302Write
    ds1302.o(i.SetDay) refers to ds1302.o(i.DS1302Write) for DS1302Write
    ds1302.o(i.SetHour) refers to ds1302.o(i.DS1302Write) for DS1302Write
    ds1302.o(i.SetMinutes) refers to ds1302.o(i.DS1302Write) for DS1302Write
    ds1302.o(i.SetMonth) refers to ds1302.o(i.DS1302Write) for DS1302Write
    ds1302.o(i.SetSconds) refers to ds1302.o(i.DS1302Write) for DS1302Write
    ds1302.o(i.SetYear) refers to ds1302.o(i.DS1302Write) for DS1302Write
    ds1302.o(i.Set_Hour_Minutes_Seconds) refers to ds1302.o(i.SetHour) for SetHour
    ds1302.o(i.Set_Hour_Minutes_Seconds) refers to ds1302.o(i.SetMinutes) for SetMinutes
    ds1302.o(i.Set_Hour_Minutes_Seconds) refers to ds1302.o(i.SetSconds) for SetSconds
    ds1302.o(i.Set_Year_Month_Date) refers to ds1302.o(i.SetYear) for SetYear
    ds1302.o(i.Set_Year_Month_Date) refers to ds1302.o(i.SetMonth) for SetMonth
    ds1302.o(i.Set_Year_Month_Date) refers to ds1302.o(i.SetDate) for SetDate
    ds1302.o(i.setxxtime) refers to ds1302.o(i.Set_Year_Month_Date) for Set_Year_Month_Date
    ds1302.o(i.setxxtime) refers to ds1302.o(i.Set_Hour_Minutes_Seconds) for Set_Hour_Minutes_Seconds
    bujindianji1.o(i.dianjirun1) refers to bujindianji1.o(i.zheng) for zheng
    bujindianji1.o(i.dianjirun1) refers to bujindianji1.o(i.fan) for fan
    bujindianji1.o(i.fan) refers to bujindianji1.o(i.stop) for stop
    bujindianji1.o(i.fan) refers to bujindianji1.o(i.setstep) for setstep
    bujindianji1.o(i.fan) refers to bujindianji1.o(.data) for weizhinow
    bujindianji1.o(i.setstep) refers to bujindianji1.o(i.stop) for stop
    bujindianji1.o(i.setstep) refers to io.o(i.yout_set) for yout_set
    bujindianji1.o(i.stop) refers to io.o(i.yout_set) for yout_set
    bujindianji1.o(i.zheng) refers to bujindianji1.o(i.stop) for stop
    bujindianji1.o(i.zheng) refers to bujindianji1.o(i.setstep) for setstep
    bujindianji1.o(i.zheng) refers to bujindianji1.o(.data) for weizhinow
    bujindianji2.o(i.dianjirun2) refers to bujindianji2.o(i.zheng) for zheng
    bujindianji2.o(i.dianjirun2) refers to bujindianji2.o(i.fan) for fan
    bujindianji2.o(i.fan) refers to bujindianji2.o(i.stop) for stop
    bujindianji2.o(i.fan) refers to bujindianji2.o(i.setstep) for setstep
    bujindianji2.o(i.fan) refers to bujindianji2.o(.data) for weizhinow
    bujindianji2.o(i.setstep) refers to bujindianji2.o(i.stop) for stop
    bujindianji2.o(i.setstep) refers to io.o(i.yout_set) for yout_set
    bujindianji2.o(i.stop) refers to io.o(i.yout_set) for yout_set
    bujindianji2.o(i.zheng) refers to bujindianji2.o(i.stop) for stop
    bujindianji2.o(i.zheng) refers to bujindianji2.o(i.setstep) for setstep
    bujindianji2.o(i.zheng) refers to bujindianji2.o(.data) for weizhinow
    dht11.o(i.DHT11_Check) refers to dht11.o(i.DHT11_IO_IN) for DHT11_IO_IN
    dht11.o(i.DHT11_Check) refers to delay.o(i.delay_us) for delay_us
    dht11.o(i.DHT11_IO_IN) refers to stm32f1xx_hal_gpio.o(i.HAL_GPIO_Init) for HAL_GPIO_Init
    dht11.o(i.DHT11_IO_OUT) refers to stm32f1xx_hal_gpio.o(i.HAL_GPIO_Init) for HAL_GPIO_Init
    dht11.o(i.DHT11_Init) refers to stm32f1xx_hal_gpio.o(i.HAL_GPIO_Init) for HAL_GPIO_Init
    dht11.o(i.DHT11_Init) refers to dht11.o(i.DHT11_Rst) for DHT11_Rst
    dht11.o(i.DHT11_Init) refers to dht11.o(i.DHT11_Check) for DHT11_Check
    dht11.o(i.DHT11_Read_Bit) refers to delay.o(i.delay_us) for delay_us
    dht11.o(i.DHT11_Read_Byte) refers to dht11.o(i.DHT11_Read_Bit) for DHT11_Read_Bit
    dht11.o(i.DHT11_Read_Data) refers to dht11.o(i.DHT11_Rst) for DHT11_Rst
    dht11.o(i.DHT11_Read_Data) refers to dht11.o(i.DHT11_Check) for DHT11_Check
    dht11.o(i.DHT11_Read_Data) refers to dht11.o(i.DHT11_Read_Byte) for DHT11_Read_Byte
    dht11.o(i.DHT11_Rst) refers to dht11.o(i.DHT11_IO_OUT) for DHT11_IO_OUT
    dht11.o(i.DHT11_Rst) refers to delay.o(i.delay_ms) for delay_ms
    dht11.o(i.DHT11_Rst) refers to delay.o(i.delay_us) for delay_us
    adc.o(i.Get_Adc) refers to stm32f1xx_hal_adc.o(i.HAL_ADC_ConfigChannel) for HAL_ADC_ConfigChannel
    adc.o(i.Get_Adc) refers to stm32f1xx_hal_adc.o(i.HAL_ADC_Start) for HAL_ADC_Start
    adc.o(i.Get_Adc) refers to stm32f1xx_hal_adc.o(i.HAL_ADC_PollForConversion) for HAL_ADC_PollForConversion
    adc.o(i.Get_Adc) refers to stm32f1xx_hal_adc.o(i.HAL_ADC_GetValue) for HAL_ADC_GetValue
    adc.o(i.Get_Adc) refers to adc.o(.bss) for ADC1_Handler
    adc.o(i.Get_Adc_Average) refers to adc.o(i.Get_Adc) for Get_Adc
    adc.o(i.Get_Adc_Average) refers to delay.o(i.delay_ms) for delay_ms
    adc.o(i.HAL_ADC_MspInit) refers to stm32f1xx_hal_gpio.o(i.HAL_GPIO_Init) for HAL_GPIO_Init
    adc.o(i.MY_ADC_Init) refers to stm32f1xx_hal_rcc_ex.o(i.HAL_RCCEx_PeriphCLKConfig) for HAL_RCCEx_PeriphCLKConfig
    adc.o(i.MY_ADC_Init) refers to stm32f1xx_hal_adc.o(i.HAL_ADC_Init) for HAL_ADC_Init
    adc.o(i.MY_ADC_Init) refers to stm32f1xx_hal_adc_ex.o(i.HAL_ADCEx_Calibration_Start) for HAL_ADCEx_Calibration_Start
    adc.o(i.MY_ADC_Init) refers to adc.o(.bss) for ADC1_Handler
    tongxin.o(i.deal) refers to _printf_percent.o(.ARM.Collect$$_printf_percent$$00000000) for _printf_percent
    tongxin.o(i.deal) refers to _printf_d.o(.ARM.Collect$$_printf_percent$$00000009) for _printf_d
    tongxin.o(i.deal) refers to _printf_dec.o(.text) for _printf_int_dec
    tongxin.o(i.deal) refers to noretval__2printf.o(.text) for __2printf
    tongxin.o(i.empty) refers to tongxin.o(i.getemptyindex) for getemptyindex
    tongxin.o(i.getemptyindex) refers to tongxin.o(.bss) for tongxindata
    tongxin.o(i.isfull) refers to tongxin.o(i.getemptyindex) for getemptyindex
    tongxin.o(i.pop) refers to tongxin.o(i.getemptyindex) for getemptyindex
    tongxin.o(i.pop) refers to tongxin.o(i.xmemcpy) for xmemcpy
    tongxin.o(i.pop) refers to tongxin.o(.bss) for tongxindata
    tongxin.o(i.pop2) refers to tongxin.o(i.getemptyindex) for getemptyindex
    tongxin.o(i.pop2) refers to tongxin.o(.bss) for tongxindata
    tongxin.o(i.push) refers to tongxin.o(i.getemptyindex) for getemptyindex
    tongxin.o(i.push) refers to tongxin.o(.bss) for tongxindata
    tongxin.o(i.pushshow) refers to tongxin.o(i.push) for push
    tongxin.o(i.pushshow) refers to tongxin.o(i.show) for show
    tongxin.o(i.show) refers to _printf_percent.o(.ARM.Collect$$_printf_percent$$00000000) for _printf_percent
    tongxin.o(i.show) refers to _printf_d.o(.ARM.Collect$$_printf_percent$$00000009) for _printf_d
    tongxin.o(i.show) refers to _printf_dec.o(.text) for _printf_int_dec
    tongxin.o(i.show) refers to tongxin.o(i.getemptyindex) for getemptyindex
    tongxin.o(i.show) refers to noretval__2printf.o(.text) for __2printf
    tongxin.o(i.show) refers to tongxin.o(.bss) for tongxindata
    tongxin2.o(i.empty2) refers to tongxin2.o(i.getemptyindex2) for getemptyindex2
    tongxin2.o(i.getemptyindex2) refers to tongxin2.o(.bss) for tongxindata2
    tongxin2.o(i.isfull2) refers to tongxin2.o(i.getemptyindex2) for getemptyindex2
    tongxin2.o(i.pop22) refers to tongxin2.o(i.getemptyindex2) for getemptyindex2
    tongxin2.o(i.pop22) refers to tongxin2.o(.bss) for tongxindata2
    tongxin2.o(i.push2) refers to tongxin2.o(i.getemptyindex2) for getemptyindex2
    tongxin2.o(i.push2) refers to tongxin2.o(.bss) for tongxindata2
    myiic.o(i.IIC_Ack) refers to delay.o(i.delay_us) for delay_us
    myiic.o(i.IIC_Init) refers to stm32f1xx_hal_gpio.o(i.HAL_GPIO_Init) for HAL_GPIO_Init
    myiic.o(i.IIC_NAck) refers to delay.o(i.delay_us) for delay_us
    myiic.o(i.IIC_Read_Byte) refers to delay.o(i.delay_us) for delay_us
    myiic.o(i.IIC_Read_Byte) refers to myiic.o(i.IIC_NAck) for IIC_NAck
    myiic.o(i.IIC_Read_Byte) refers to myiic.o(i.IIC_Ack) for IIC_Ack
    myiic.o(i.IIC_Send_Byte) refers to delay.o(i.delay_us) for delay_us
    myiic.o(i.IIC_Start) refers to delay.o(i.delay_us) for delay_us
    myiic.o(i.IIC_Stop) refers to delay.o(i.delay_us) for delay_us
    myiic.o(i.IIC_Wait_Ack) refers to delay.o(i.delay_us) for delay_us
    myiic.o(i.IIC_Wait_Ack) refers to myiic.o(i.IIC_Stop) for IIC_Stop
    stmflash.o(i.STMFLASH_Read) refers to stmflash.o(i.STMFLASH_ReadHalfWord) for STMFLASH_ReadHalfWord
    stmflash.o(i.STMFLASH_Write) refers to stmflash.o(i.STMFLASH_Read) for STMFLASH_Read
    stmflash.o(i.STMFLASH_Write) refers to stmflash.o(i.STMFLASH_Write_NoCheck) for STMFLASH_Write_NoCheck
    stmflash.o(i.STMFLASH_Write) refers to stmflash.o(.bss) for STMFLASH_BUF
    stmflash.o(i.Test_Write) refers to stmflash.o(i.STMFLASH_Write) for STMFLASH_Write
    usmart.o(i.TIM4_IRQHandler) refers to usmart.o(.bss) for TIM4_Handler
    usmart.o(i.TIM4_IRQHandler) refers to usmart_config.o(.data) for usmart_dev
    usmart.o(i.Timer4_Init) refers to stm32f1xx_hal_cortex.o(i.HAL_NVIC_SetPriority) for HAL_NVIC_SetPriority
    usmart.o(i.Timer4_Init) refers to stm32f1xx_hal_cortex.o(i.HAL_NVIC_EnableIRQ) for HAL_NVIC_EnableIRQ
    usmart.o(i.Timer4_Init) refers to stm32f1xx_hal_tim.o(i.HAL_TIM_Base_Init) for HAL_TIM_Base_Init
    usmart.o(i.Timer4_Init) refers to stm32f1xx_hal_tim.o(i.HAL_TIM_Base_Start_IT) for HAL_TIM_Base_Start_IT
    usmart.o(i.Timer4_Init) refers to usmart.o(.bss) for TIM4_Handler
    usmart.o(i.usmart_cmd_rec) refers to usmart_str.o(i.usmart_get_fname) for usmart_get_fname
    usmart.o(i.usmart_cmd_rec) refers to usmart_str.o(i.usmart_strcmp) for usmart_strcmp
    usmart.o(i.usmart_cmd_rec) refers to usmart_str.o(i.usmart_get_fparam) for usmart_get_fparam
    usmart.o(i.usmart_cmd_rec) refers to usmart_config.o(.data) for usmart_dev
    usmart.o(i.usmart_exe) refers to _printf_percent.o(.ARM.Collect$$_printf_percent$$00000000) for _printf_percent
    usmart.o(i.usmart_exe) refers to _printf_s.o(.ARM.Collect$$_printf_percent$$00000014) for _printf_s
    usmart.o(i.usmart_exe) refers to _printf_str.o(.text) for _printf_str
    usmart.o(i.usmart_exe) refers to _printf_c.o(.ARM.Collect$$_printf_percent$$00000013) for _printf_c
    usmart.o(i.usmart_exe) refers to _printf_d.o(.ARM.Collect$$_printf_percent$$00000009) for _printf_d
    usmart.o(i.usmart_exe) refers to _printf_dec.o(.text) for _printf_int_dec
    usmart.o(i.usmart_exe) refers to _printf_x.o(.ARM.Collect$$_printf_percent$$0000000C) for _printf_x
    usmart.o(i.usmart_exe) refers to _printf_hex_int.o(.text) for _printf_longlong_hex
    usmart.o(i.usmart_exe) refers to _printf_u.o(.ARM.Collect$$_printf_percent$$0000000A) for _printf_u
    usmart.o(i.usmart_exe) refers to _printf_pad.o(.text) for _printf_pre_padding
    usmart.o(i.usmart_exe) refers to usmart_str.o(i.usmart_get_fname) for usmart_get_fname
    usmart.o(i.usmart_exe) refers to noretval__2printf.o(.text) for __2printf
    usmart.o(i.usmart_exe) refers to usmart_str.o(i.usmart_get_parmpos) for usmart_get_parmpos
    usmart.o(i.usmart_exe) refers to usmart.o(i.usmart_reset_runtime) for usmart_reset_runtime
    usmart.o(i.usmart_exe) refers to usmart.o(i.usmart_get_runtime) for usmart_get_runtime
    usmart.o(i.usmart_exe) refers to usmart_config.o(.data) for usmart_dev
    usmart.o(i.usmart_get_runtime) refers to usmart.o(.bss) for TIM4_Handler
    usmart.o(i.usmart_get_runtime) refers to usmart_config.o(.data) for usmart_dev
    usmart.o(i.usmart_init) refers to usmart.o(i.Timer4_Init) for Timer4_Init
    usmart.o(i.usmart_init) refers to usmart_config.o(.data) for usmart_dev
    usmart.o(i.usmart_reset_runtime) refers to usmart.o(.bss) for TIM4_Handler
    usmart.o(i.usmart_reset_runtime) refers to usmart_config.o(.data) for usmart_dev
    usmart.o(i.usmart_scan) refers to usmart.o(i.usmart_sys_cmd_exe) for usmart_sys_cmd_exe
    usmart.o(i.usmart_scan) refers to noretval__2printf.o(.text) for __2printf
    usmart.o(i.usmart_scan) refers to usart.o(.data) for USART_RX_STA
    usmart.o(i.usmart_scan) refers to usart.o(.bss) for USART_RX_BUF
    usmart.o(i.usmart_scan) refers to usmart_config.o(.data) for usmart_dev
    usmart.o(i.usmart_sys_cmd_exe) refers to _printf_percent.o(.ARM.Collect$$_printf_percent$$00000000) for _printf_percent
    usmart.o(i.usmart_sys_cmd_exe) refers to _printf_s.o(.ARM.Collect$$_printf_percent$$00000014) for _printf_s
    usmart.o(i.usmart_sys_cmd_exe) refers to _printf_str.o(.text) for _printf_str
    usmart.o(i.usmart_sys_cmd_exe) refers to _printf_pad.o(.text) for _printf_pre_padding
    usmart.o(i.usmart_sys_cmd_exe) refers to _printf_x.o(.ARM.Collect$$_printf_percent$$0000000C) for _printf_x
    usmart.o(i.usmart_sys_cmd_exe) refers to _printf_hex_int.o(.text) for _printf_longlong_hex
    usmart.o(i.usmart_sys_cmd_exe) refers to _printf_u.o(.ARM.Collect$$_printf_percent$$0000000A) for _printf_u
    usmart.o(i.usmart_sys_cmd_exe) refers to _printf_dec.o(.text) for _printf_int_dec
    usmart.o(i.usmart_sys_cmd_exe) refers to usmart_str.o(i.usmart_get_cmdname) for usmart_get_cmdname
    usmart.o(i.usmart_sys_cmd_exe) refers to usmart_str.o(i.usmart_strcmp) for usmart_strcmp
    usmart.o(i.usmart_sys_cmd_exe) refers to noretval__2printf.o(.text) for __2printf
    usmart.o(i.usmart_sys_cmd_exe) refers to usmart.o(.data) for sys_cmd_tab
    usmart.o(i.usmart_sys_cmd_exe) refers to usmart_config.o(.data) for usmart_dev
    usmart.o(i.usmart_sys_cmd_exe) refers to usmart_str.o(i.usmart_get_fname) for usmart_get_fname
    usmart.o(i.usmart_sys_cmd_exe) refers to usmart_str.o(i.usmart_get_aparm) for usmart_get_aparm
    usmart.o(i.usmart_sys_cmd_exe) refers to usmart_str.o(i.usmart_str2num) for usmart_str2num
    usmart.o(.data) refers to usmart.o(.conststring) for .conststring
    usmart_config.o(.data) refers to delay.o(i.delay_ms) for delay_ms
    usmart_config.o(.data) refers to usmart_config.o(.conststring) for .conststring
    usmart_config.o(.data) refers to delay.o(i.delay_us) for delay_us
    usmart_config.o(.data) refers to sys.o(i.fuwei) for fuwei
    usmart_config.o(.data) refers to main.o(i.settime) for settime
    usmart_config.o(.data) refers to io.o(i.yout_set) for yout_set
    usmart_config.o(.data) refers to io.o(i.yout_get) for yout_get
    usmart_config.o(.data) refers to tongxin.o(i.show) for show
    usmart_config.o(.data) refers to tongxin.o(i.push) for push
    usmart_config.o(.data) refers to tongxin.o(i.pop) for pop
    usmart_config.o(.data) refers to usmart.o(i.usmart_init) for usmart_init
    usmart_config.o(.data) refers to usmart.o(i.usmart_cmd_rec) for usmart_cmd_rec
    usmart_config.o(.data) refers to usmart.o(i.usmart_exe) for usmart_exe
    usmart_config.o(.data) refers to usmart.o(i.usmart_scan) for usmart_scan
    usmart_str.o(i.usmart_get_fname) refers to usmart_str.o(i.usmart_strcmp) for usmart_strcmp
    usmart_str.o(i.usmart_get_fname) refers to usmart_str.o(i.usmart_search_nextc) for usmart_search_nextc
    usmart_str.o(i.usmart_get_fparam) refers to usmart_str.o(i.usmart_get_aparm) for usmart_get_aparm
    usmart_str.o(i.usmart_get_fparam) refers to usmart_str.o(i.usmart_str2num) for usmart_str2num
    usmart_str.o(i.usmart_get_fparam) refers to usmart_str.o(i.usmart_get_parmpos) for usmart_get_parmpos
    usmart_str.o(i.usmart_get_fparam) refers to usmart_str.o(i.usmart_strlen) for usmart_strlen
    usmart_str.o(i.usmart_get_fparam) refers to usmart_str.o(i.usmart_strcopy) for usmart_strcopy
    usmart_str.o(i.usmart_get_fparam) refers to usmart_config.o(.data) for usmart_dev
    usmart_str.o(i.usmart_get_parmpos) refers to usmart_config.o(.data) for usmart_dev
    usmart_str.o(i.usmart_str2num) refers to usmart_str.o(i.usmart_pow) for usmart_pow
    __2printf.o(.text) refers to _printf_char_file.o(.text) for _printf_char_file
    __2printf.o(.text) refers to usart.o(.data) for __stdout
    __2sprintf.o(.text) refers to _printf_char_common.o(.text) for _printf_char_common
    __2sprintf.o(.text) refers to _sputc.o(.text) for _sputc
    noretval__2printf.o(.text) refers to _printf_char_file.o(.text) for _printf_char_file
    noretval__2printf.o(.text) refers to usart.o(.data) for __stdout
    noretval__2sprintf.o(.text) refers to _printf_char_common.o(.text) for _printf_char_common
    noretval__2sprintf.o(.text) refers to _sputc.o(.text) for _sputc
    __printf.o(.text) refers to _printf_percent.o(.ARM.Collect$$_printf_percent$$00000000) for _printf_percent
    _printf_str.o(.text) refers (Special) to _printf_char.o(.text) for _printf_cs_common
    _printf_str.o(.text) refers (Weak) to _printf_pad.o(.text) for _printf_pre_padding
    _printf_str.o(.text) refers (Weak) to _printf_pad.o(.text) for _printf_post_padding
    _printf_dec.o(.text) refers to _printf_intcommon.o(.text) for _printf_int_common
    _printf_hex_ll.o(.text) refers to _printf_intcommon.o(.text) for _printf_int_common
    _printf_hex_ll.o(.text) refers to _printf_hex_ll.o(.constdata) for .constdata
    _printf_hex_int.o(.text) refers to _printf_intcommon.o(.text) for _printf_int_common
    _printf_hex_int.o(.text) refers to _printf_hex_int.o(.constdata) for .constdata
    _printf_hex_int_ll.o(.text) refers to _printf_intcommon.o(.text) for _printf_int_common
    _printf_hex_int_ll.o(.text) refers to _printf_hex_int_ll.o(.constdata) for .constdata
    _printf_hex_ptr.o(.text) refers to _printf_intcommon.o(.text) for _printf_int_common
    _printf_hex_ptr.o(.text) refers to _printf_hex_ptr.o(.constdata) for .constdata
    _printf_hex_int_ptr.o(.text) refers to _printf_intcommon.o(.text) for _printf_int_common
    _printf_hex_int_ptr.o(.text) refers to _printf_hex_int_ptr.o(.constdata) for .constdata
    _printf_hex_ll_ptr.o(.text) refers to _printf_intcommon.o(.text) for _printf_int_common
    _printf_hex_ll_ptr.o(.text) refers to _printf_hex_ll_ptr.o(.constdata) for .constdata
    _printf_hex_int_ll_ptr.o(.text) refers to _printf_intcommon.o(.text) for _printf_int_common
    _printf_hex_int_ll_ptr.o(.text) refers to _printf_hex_int_ll_ptr.o(.constdata) for .constdata
    __printf_flags.o(.text) refers to _printf_percent.o(.ARM.Collect$$_printf_percent$$00000000) for _printf_percent
    __printf_flags.o(.text) refers to __printf_flags.o(.constdata) for .constdata
    __printf_ss.o(.text) refers to _printf_percent.o(.ARM.Collect$$_printf_percent$$00000000) for _printf_percent
    __printf_flags_ss.o(.text) refers to _printf_percent.o(.ARM.Collect$$_printf_percent$$00000000) for _printf_percent
    __printf_flags_ss.o(.text) refers to __printf_flags_ss.o(.constdata) for .constdata
    __printf_wp.o(.text) refers to __printf_wp.o(i._is_digit) for _is_digit
    __printf_wp.o(.text) refers to _printf_percent.o(.ARM.Collect$$_printf_percent$$00000000) for _printf_percent
    __printf_flags_wp.o(.text) refers to __printf_wp.o(i._is_digit) for _is_digit
    __printf_flags_wp.o(.text) refers to _printf_percent.o(.ARM.Collect$$_printf_percent$$00000000) for _printf_percent
    __printf_flags_wp.o(.text) refers to __printf_flags_wp.o(.constdata) for .constdata
    __printf_ss_wp.o(.text) refers to __printf_wp.o(i._is_digit) for _is_digit
    __printf_ss_wp.o(.text) refers to _printf_percent.o(.ARM.Collect$$_printf_percent$$00000000) for _printf_percent
    __printf_flags_ss_wp.o(.text) refers to __printf_wp.o(i._is_digit) for _is_digit
    __printf_flags_ss_wp.o(.text) refers to _printf_percent.o(.ARM.Collect$$_printf_percent$$00000000) for _printf_percent
    __printf_flags_ss_wp.o(.text) refers to __printf_flags_ss_wp.o(.constdata) for .constdata
    _printf_c.o(.ARM.Collect$$_printf_percent$$00000013) refers (Weak) to _printf_char.o(.text) for _printf_char
    _printf_s.o(.ARM.Collect$$_printf_percent$$00000014) refers (Weak) to _printf_char.o(.text) for _printf_string
    _printf_x.o(.ARM.Collect$$_printf_percent$$0000000C) refers (Weak) to _printf_hex_int.o(.text) for _printf_int_hex
    _printf_d.o(.ARM.Collect$$_printf_percent$$00000009) refers (Weak) to _printf_dec.o(.text) for _printf_int_dec
    _printf_u.o(.ARM.Collect$$_printf_percent$$0000000A) refers (Weak) to _printf_dec.o(.text) for _printf_int_dec
    _printf_percent.o(.ARM.Collect$$_printf_percent$$00000000) refers (Special) to _printf_percent_end.o(.ARM.Collect$$_printf_percent$$00000017) for _printf_percent_end
    atoi.o(.text) refers to rt_errno_addr_intlibspace.o(.text) for __aeabi_errno_addr
    atoi.o(.text) refers to strtol.o(.text) for strtol
    rt_memclr.o(.text) refers to rt_memclr_w.o(.text) for _memset_w
    __main.o(!!!main) refers to __rtentry.o(.ARM.Collect$$rtentry$$00000000) for __rt_entry
    __rtentry.o(.ARM.Collect$$rtentry$$00000000) refers (Special) to __rtentry2.o(.ARM.Collect$$rtentry$$0000000A) for __rt_entry_li
    __rtentry.o(.ARM.Collect$$rtentry$$00000000) refers (Special) to __rtentry2.o(.ARM.Collect$$rtentry$$0000000D) for __rt_entry_main
    __rtentry.o(.ARM.Collect$$rtentry$$00000000) refers (Special) to __rtentry2.o(.ARM.Collect$$rtentry$$0000000C) for __rt_entry_postli_1
    __rtentry.o(.ARM.Collect$$rtentry$$00000000) refers (Special) to __rtentry2.o(.ARM.Collect$$rtentry$$00000009) for __rt_entry_postsh_1
    __rtentry.o(.ARM.Collect$$rtentry$$00000000) refers (Special) to __rtentry2.o(.ARM.Collect$$rtentry$$00000002) for __rt_entry_presh_1
    __rtentry.o(.ARM.Collect$$rtentry$$00000000) refers (Special) to __rtentry4.o(.ARM.Collect$$rtentry$$00000004) for __rt_entry_sh
    rt_errno_addr.o(.text) refers to rt_errno_addr.o(.bss) for __aeabi_errno_addr_data
    rt_errno_addr_intlibspace.o(.text) refers to libspace.o(.bss) for __libspace_start
    _printf_intcommon.o(.text) refers (Weak) to _printf_pad.o(.text) for _printf_pre_padding
    _printf_intcommon.o(.text) refers (Weak) to _printf_pad.o(.text) for _printf_pre_padding
    _printf_intcommon.o(.text) refers (Weak) to _printf_pad.o(.text) for _printf_post_padding
    _printf_char_common.o(.text) refers to __printf_flags_ss_wp.o(.text) for __printf
    _printf_char.o(.text) refers (Weak) to _printf_str.o(.text) for _printf_str
    _printf_char_file.o(.text) refers to _printf_char_common.o(.text) for _printf_char_common
    _printf_char_file.o(.text) refers to ferror.o(.text) for ferror
    _printf_char_file.o(.text) refers to usart.o(i.fputc) for fputc
    strtol.o(.text) refers to rt_ctype_table.o(.text) for __rt_ctype_table
    strtol.o(.text) refers to _strtoul.o(.text) for _strtoul
    strtol.o(.text) refers to rt_errno_addr_intlibspace.o(.text) for __aeabi_errno_addr
    libspace.o(.text) refers to libspace.o(.bss) for __libspace_start
    __rtentry2.o(.ARM.Collect$$rtentry$$00000008) refers to boardinit2.o(.text) for _platform_post_stackheap_init
    __rtentry2.o(.ARM.Collect$$rtentry$$0000000A) refers to libinit.o(.ARM.Collect$$libinit$$00000000) for __rt_lib_init
    __rtentry2.o(.ARM.Collect$$rtentry$$0000000B) refers to boardinit3.o(.text) for _platform_post_lib_init
    __rtentry2.o(.ARM.Collect$$rtentry$$0000000D) refers to main.o(i.main) for main
    __rtentry2.o(.ARM.Collect$$rtentry$$0000000D) refers to exit.o(.text) for exit
    __rtentry2.o(.ARM.exidx) refers to __rtentry2.o(.ARM.Collect$$rtentry$$00000001) for .ARM.Collect$$rtentry$$00000001
    __rtentry2.o(.ARM.exidx) refers to __rtentry2.o(.ARM.Collect$$rtentry$$00000008) for .ARM.Collect$$rtentry$$00000008
    __rtentry2.o(.ARM.exidx) refers to __rtentry2.o(.ARM.Collect$$rtentry$$0000000A) for .ARM.Collect$$rtentry$$0000000A
    __rtentry2.o(.ARM.exidx) refers to __rtentry2.o(.ARM.Collect$$rtentry$$0000000B) for .ARM.Collect$$rtentry$$0000000B
    __rtentry2.o(.ARM.exidx) refers to __rtentry2.o(.ARM.Collect$$rtentry$$0000000D) for .ARM.Collect$$rtentry$$0000000D
    __rtentry4.o(.ARM.Collect$$rtentry$$00000004) refers to sys_stackheap_outer.o(.text) for __user_setup_stackheap
    __rtentry4.o(.ARM.exidx) refers to __rtentry4.o(.ARM.Collect$$rtentry$$00000004) for .ARM.Collect$$rtentry$$00000004
    rt_ctype_table.o(.text) refers to rt_locale_intlibspace.o(.text) for __rt_locale
    rt_ctype_table.o(.text) refers to lc_ctype_c.o(locale$$code) for _get_lc_ctype
    _strtoul.o(.text) refers to _chval.o(.text) for _chval
    _strtoul.o(.text) refers to rt_errno_addr_intlibspace.o(.text) for __aeabi_errno_addr
    sys_stackheap_outer.o(.text) refers to libspace.o(.text) for __user_perproc_libspace
    sys_stackheap_outer.o(.text) refers to startup_stm32f103xe.o(.text) for __user_initial_stackheap
    rt_locale.o(.text) refers to rt_locale.o(.bss) for __rt_locale_data
    rt_locale_intlibspace.o(.text) refers to libspace.o(.bss) for __libspace_start
    lc_ctype_c.o(locale$$data) refers (Special) to libinit2.o(.ARM.Collect$$libinit$$00000012) for __rt_lib_init_lc_ctype_2
    lc_ctype_c.o(locale$$code) refers (Special) to libinit2.o(.ARM.Collect$$libinit$$00000012) for __rt_lib_init_lc_ctype_2
    lc_ctype_c.o(locale$$code) refers to strcmpv7m.o(.text) for strcmp
    lc_ctype_c.o(locale$$code) refers to lc_ctype_c.o(locale$$data) for __lcctype_c_name
    exit.o(.text) refers to rtexit.o(.ARM.Collect$$rtexit$$00000000) for __rt_exit
    libinit.o(.ARM.Collect$$libinit$$00000000) refers (Special) to libinit2.o(.ARM.Collect$$libinit$$0000002E) for __rt_lib_init_alloca_1
    libinit.o(.ARM.Collect$$libinit$$00000000) refers (Special) to libinit2.o(.ARM.Collect$$libinit$$0000002C) for __rt_lib_init_argv_1
    libinit.o(.ARM.Collect$$libinit$$00000000) refers (Special) to libinit2.o(.ARM.Collect$$libinit$$0000001B) for __rt_lib_init_atexit_1
    libinit.o(.ARM.Collect$$libinit$$00000000) refers (Special) to libinit2.o(.ARM.Collect$$libinit$$00000021) for __rt_lib_init_clock_1
    libinit.o(.ARM.Collect$$libinit$$00000000) refers (Special) to libinit2.o(.ARM.Collect$$libinit$$00000032) for __rt_lib_init_cpp_1
    libinit.o(.ARM.Collect$$libinit$$00000000) refers (Special) to libinit2.o(.ARM.Collect$$libinit$$00000030) for __rt_lib_init_exceptions_1
    libinit.o(.ARM.Collect$$libinit$$00000000) refers (Special) to libinit2.o(.ARM.Collect$$libinit$$00000002) for __rt_lib_init_fp_1
    libinit.o(.ARM.Collect$$libinit$$00000000) refers (Special) to libinit2.o(.ARM.Collect$$libinit$$0000001F) for __rt_lib_init_fp_trap_1
    libinit.o(.ARM.Collect$$libinit$$00000000) refers (Special) to libinit2.o(.ARM.Collect$$libinit$$00000023) for __rt_lib_init_getenv_1
    libinit.o(.ARM.Collect$$libinit$$00000000) refers (Special) to libinit2.o(.ARM.Collect$$libinit$$0000000A) for __rt_lib_init_heap_1
    libinit.o(.ARM.Collect$$libinit$$00000000) refers (Special) to libinit2.o(.ARM.Collect$$libinit$$00000011) for __rt_lib_init_lc_collate_1
    libinit.o(.ARM.Collect$$libinit$$00000000) refers (Special) to libinit2.o(.ARM.Collect$$libinit$$00000013) for __rt_lib_init_lc_ctype_1
    libinit.o(.ARM.Collect$$libinit$$00000000) refers (Special) to libinit2.o(.ARM.Collect$$libinit$$00000015) for __rt_lib_init_lc_monetary_1
    libinit.o(.ARM.Collect$$libinit$$00000000) refers (Special) to libinit2.o(.ARM.Collect$$libinit$$00000017) for __rt_lib_init_lc_numeric_1
    libinit.o(.ARM.Collect$$libinit$$00000000) refers (Special) to libinit2.o(.ARM.Collect$$libinit$$00000019) for __rt_lib_init_lc_time_1
    libinit.o(.ARM.Collect$$libinit$$00000000) refers (Special) to libinit2.o(.ARM.Collect$$libinit$$00000004) for __rt_lib_init_preinit_1
    libinit.o(.ARM.Collect$$libinit$$00000000) refers (Special) to libinit2.o(.ARM.Collect$$libinit$$0000000E) for __rt_lib_init_rand_1
    libinit.o(.ARM.Collect$$libinit$$00000000) refers (Special) to libinit2.o(.ARM.Collect$$libinit$$00000033) for __rt_lib_init_return
    libinit.o(.ARM.Collect$$libinit$$00000000) refers (Special) to libinit2.o(.ARM.Collect$$libinit$$0000001D) for __rt_lib_init_signal_1
    libinit.o(.ARM.Collect$$libinit$$00000000) refers (Special) to libinit2.o(.ARM.Collect$$libinit$$00000025) for __rt_lib_init_stdio_1
    libinit.o(.ARM.Collect$$libinit$$00000000) refers (Special) to libinit2.o(.ARM.Collect$$libinit$$0000000C) for __rt_lib_init_user_alloc_1
    rtexit.o(.ARM.Collect$$rtexit$$00000000) refers (Special) to rtexit2.o(.ARM.Collect$$rtexit$$00000004) for __rt_exit_exit
    rtexit.o(.ARM.Collect$$rtexit$$00000000) refers (Special) to rtexit2.o(.ARM.Collect$$rtexit$$00000003) for __rt_exit_ls
    rtexit.o(.ARM.Collect$$rtexit$$00000000) refers (Special) to rtexit2.o(.ARM.Collect$$rtexit$$00000002) for __rt_exit_prels_1
    rtexit.o(.ARM.exidx) refers (Special) to rtexit2.o(.ARM.Collect$$rtexit$$00000004) for __rt_exit_exit
    rtexit.o(.ARM.exidx) refers (Special) to rtexit2.o(.ARM.Collect$$rtexit$$00000003) for __rt_exit_ls
    rtexit.o(.ARM.exidx) refers (Special) to rtexit2.o(.ARM.Collect$$rtexit$$00000002) for __rt_exit_prels_1
    rtexit.o(.ARM.exidx) refers to rtexit.o(.ARM.Collect$$rtexit$$00000000) for .ARM.Collect$$rtexit$$00000000
    libinit2.o(.ARM.Collect$$libinit$$0000000F) refers (Weak) to rt_locale_intlibspace.o(.text) for __rt_locale
    libinit2.o(.ARM.Collect$$libinit$$00000010) refers to libinit2.o(.ARM.Collect$$libinit$$0000000F) for .ARM.Collect$$libinit$$0000000F
    libinit2.o(.ARM.Collect$$libinit$$00000012) refers to libinit2.o(.ARM.Collect$$libinit$$0000000F) for .ARM.Collect$$libinit$$0000000F
    libinit2.o(.ARM.Collect$$libinit$$00000012) refers (Weak) to lc_ctype_c.o(locale$$code) for _get_lc_ctype
    libinit2.o(.ARM.Collect$$libinit$$00000014) refers to libinit2.o(.ARM.Collect$$libinit$$0000000F) for .ARM.Collect$$libinit$$0000000F
    libinit2.o(.ARM.Collect$$libinit$$00000016) refers to libinit2.o(.ARM.Collect$$libinit$$0000000F) for .ARM.Collect$$libinit$$0000000F
    libinit2.o(.ARM.Collect$$libinit$$00000018) refers to libinit2.o(.ARM.Collect$$libinit$$0000000F) for .ARM.Collect$$libinit$$0000000F
    libinit2.o(.ARM.Collect$$libinit$$00000026) refers to argv_veneer.o(.emb_text) for __ARM_argv_veneer
    libinit2.o(.ARM.Collect$$libinit$$00000027) refers to argv_veneer.o(.emb_text) for __ARM_argv_veneer
    rtexit2.o(.ARM.Collect$$rtexit$$00000003) refers to libshutdown.o(.ARM.Collect$$libshutdown$$00000000) for __rt_lib_shutdown
    rtexit2.o(.ARM.Collect$$rtexit$$00000004) refers to usart.o(i._sys_exit) for _sys_exit
    rtexit2.o(.ARM.exidx) refers to rtexit2.o(.ARM.Collect$$rtexit$$00000001) for .ARM.Collect$$rtexit$$00000001
    rtexit2.o(.ARM.exidx) refers to rtexit2.o(.ARM.Collect$$rtexit$$00000003) for .ARM.Collect$$rtexit$$00000003
    rtexit2.o(.ARM.exidx) refers to rtexit2.o(.ARM.Collect$$rtexit$$00000004) for .ARM.Collect$$rtexit$$00000004
    argv_veneer.o(.emb_text) refers to no_argv.o(.text) for __ARM_get_argv
    _get_argv_nomalloc.o(.text) refers (Special) to hrguard.o(.text) for __heap_region$guard
    _get_argv_nomalloc.o(.text) refers to defsig_rtmem_outer.o(.text) for __rt_SIGRTMEM
    _get_argv_nomalloc.o(.text) refers to sys_command.o(.text) for _sys_command_string
    libshutdown.o(.ARM.Collect$$libshutdown$$00000000) refers (Special) to libshutdown2.o(.ARM.Collect$$libshutdown$$00000002) for __rt_lib_shutdown_cpp_1
    libshutdown.o(.ARM.Collect$$libshutdown$$00000000) refers (Special) to libshutdown2.o(.ARM.Collect$$libshutdown$$00000007) for __rt_lib_shutdown_fp_trap_1
    libshutdown.o(.ARM.Collect$$libshutdown$$00000000) refers (Special) to libshutdown2.o(.ARM.Collect$$libshutdown$$0000000F) for __rt_lib_shutdown_heap_1
    libshutdown.o(.ARM.Collect$$libshutdown$$00000000) refers (Special) to libshutdown2.o(.ARM.Collect$$libshutdown$$00000010) for __rt_lib_shutdown_return
    libshutdown.o(.ARM.Collect$$libshutdown$$00000000) refers (Special) to libshutdown2.o(.ARM.Collect$$libshutdown$$0000000A) for __rt_lib_shutdown_signal_1
    libshutdown.o(.ARM.Collect$$libshutdown$$00000000) refers (Special) to libshutdown2.o(.ARM.Collect$$libshutdown$$00000004) for __rt_lib_shutdown_stdio_1
    libshutdown.o(.ARM.Collect$$libshutdown$$00000000) refers (Special) to libshutdown2.o(.ARM.Collect$$libshutdown$$0000000C) for __rt_lib_shutdown_user_alloc_1
    sys_command.o(.text) refers (Special) to use_no_semi.o(.text) for __I$use$semihosting
    sys_command.o(.text) refers (Special) to indicate_semi.o(.text) for __semihosting_library_function
    defsig_rtmem_outer.o(.text) refers to defsig_rtmem_inner.o(.text) for __rt_SIGRTMEM_inner
    defsig_rtmem_outer.o(.text) refers to defsig_exit.o(.text) for __sig_exit
    defsig_rtmem_formal.o(.text) refers to rt_raise.o(.text) for __rt_raise
    rt_raise.o(.text) refers to __raise.o(.text) for __raise
    rt_raise.o(.text) refers to usart.o(i._sys_exit) for _sys_exit
    defsig_exit.o(.text) refers to usart.o(i._sys_exit) for _sys_exit
    defsig_rtmem_inner.o(.text) refers to defsig_general.o(.text) for __default_signal_display
    __raise.o(.text) refers to defsig.o(CL$$defsig) for __default_signal_handler
    defsig_general.o(.text) refers to sys_wrch.o(.text) for _ttywrch
    sys_wrch.o(.text) refers (Special) to use_no_semi.o(.text) for __I$use$semihosting
    sys_wrch.o(.text) refers (Special) to indicate_semi.o(.text) for __semihosting_library_function
    defsig.o(CL$$defsig) refers to defsig_rtmem_inner.o(.text) for __rt_SIGRTMEM_inner
    defsig_abrt_inner.o(.text) refers to defsig_general.o(.text) for __default_signal_display
    defsig_fpe_inner.o(.text) refers to defsig_general.o(.text) for __default_signal_display
    defsig_rtred_inner.o(.text) refers to defsig_general.o(.text) for __default_signal_display
    defsig_stak_inner.o(.text) refers to defsig_general.o(.text) for __default_signal_display
    defsig_pvfn_inner.o(.text) refers to defsig_general.o(.text) for __default_signal_display
    defsig_cppl_inner.o(.text) refers to defsig_general.o(.text) for __default_signal_display
    defsig_segv_inner.o(.text) refers to defsig_general.o(.text) for __default_signal_display
    defsig_other.o(.text) refers to defsig_general.o(.text) for __default_signal_display


==============================================================================

Removing Unused input sections from the image.

    Removing main.o(.rev16_text), (4 bytes).
    Removing main.o(.revsh_text), (4 bytes).
    Removing main.o(.rrx_text), (6 bytes).
    Removing main.o(i.inputbuf3), (34 bytes).
    Removing main.o(i.nvicset), (54 bytes).
    Removing main.o(i.print2), (22 bytes).
    Removing main.o(i.run), (2 bytes).
    Removing main.o(i.send2), (24 bytes).
    Removing main.o(i.sendshuju), (22 bytes).
    Removing stm32f1xx_it.o(.rev16_text), (4 bytes).
    Removing stm32f1xx_it.o(.revsh_text), (4 bytes).
    Removing stm32f1xx_it.o(.rrx_text), (6 bytes).
    Removing system_stm32f1xx.o(.rev16_text), (4 bytes).
    Removing system_stm32f1xx.o(.revsh_text), (4 bytes).
    Removing system_stm32f1xx.o(.rrx_text), (6 bytes).
    Removing system_stm32f1xx.o(i.SystemCoreClockUpdate), (164 bytes).
    Removing stm32f1xx_hal_msp.o(.rev16_text), (4 bytes).
    Removing stm32f1xx_hal_msp.o(.revsh_text), (4 bytes).
    Removing stm32f1xx_hal_msp.o(.rrx_text), (6 bytes).
    Removing stm32f1xx_hal_msp.o(i.HAL_MspDeInit), (2 bytes).
    Removing stm32f1xx_hal.o(.rev16_text), (4 bytes).
    Removing stm32f1xx_hal.o(.revsh_text), (4 bytes).
    Removing stm32f1xx_hal.o(.rrx_text), (6 bytes).
    Removing stm32f1xx_hal.o(i.HAL_DBGMCU_DisableDBGSleepMode), (20 bytes).
    Removing stm32f1xx_hal.o(i.HAL_DBGMCU_DisableDBGStandbyMode), (20 bytes).
    Removing stm32f1xx_hal.o(i.HAL_DBGMCU_DisableDBGStopMode), (20 bytes).
    Removing stm32f1xx_hal.o(i.HAL_DBGMCU_EnableDBGSleepMode), (20 bytes).
    Removing stm32f1xx_hal.o(i.HAL_DBGMCU_EnableDBGStandbyMode), (20 bytes).
    Removing stm32f1xx_hal.o(i.HAL_DBGMCU_EnableDBGStopMode), (20 bytes).
    Removing stm32f1xx_hal.o(i.HAL_DeInit), (36 bytes).
    Removing stm32f1xx_hal.o(i.HAL_GetDEVID), (16 bytes).
    Removing stm32f1xx_hal.o(i.HAL_GetHalVersion), (8 bytes).
    Removing stm32f1xx_hal.o(i.HAL_GetREVID), (28 bytes).
    Removing stm32f1xx_hal.o(i.HAL_MspDeInit), (2 bytes).
    Removing stm32f1xx_hal.o(i.HAL_MspInit), (2 bytes).
    Removing stm32f1xx_hal.o(i.HAL_ResumeTick), (18 bytes).
    Removing stm32f1xx_hal.o(i.HAL_SuspendTick), (18 bytes).
    Removing stm32f1xx_hal_cortex.o(.rev16_text), (4 bytes).
    Removing stm32f1xx_hal_cortex.o(.revsh_text), (4 bytes).
    Removing stm32f1xx_hal_cortex.o(.rrx_text), (6 bytes).
    Removing stm32f1xx_hal_cortex.o(i.HAL_NVIC_ClearPendingIRQ), (28 bytes).
    Removing stm32f1xx_hal_cortex.o(i.HAL_NVIC_DisableIRQ), (28 bytes).
    Removing stm32f1xx_hal_cortex.o(i.HAL_NVIC_GetActive), (40 bytes).
    Removing stm32f1xx_hal_cortex.o(i.HAL_NVIC_GetPendingIRQ), (40 bytes).
    Removing stm32f1xx_hal_cortex.o(i.HAL_NVIC_GetPriority), (148 bytes).
    Removing stm32f1xx_hal_cortex.o(i.HAL_NVIC_GetPriorityGrouping), (8 bytes).
    Removing stm32f1xx_hal_cortex.o(i.HAL_NVIC_SetPendingIRQ), (28 bytes).
    Removing stm32f1xx_hal_cortex.o(i.HAL_NVIC_SystemReset), (68 bytes).
    Removing stm32f1xx_hal_cortex.o(i.HAL_SYSTICK_Callback), (2 bytes).
    Removing stm32f1xx_hal_cortex.o(i.HAL_SYSTICK_IRQHandler), (8 bytes).
    Removing stm32f1xx_hal_gpio.o(.rev16_text), (4 bytes).
    Removing stm32f1xx_hal_gpio.o(.revsh_text), (4 bytes).
    Removing stm32f1xx_hal_gpio.o(.rrx_text), (6 bytes).
    Removing stm32f1xx_hal_gpio.o(i.HAL_GPIO_DeInit), (344 bytes).
    Removing stm32f1xx_hal_gpio.o(i.HAL_GPIO_LockPin), (46 bytes).
    Removing stm32f1xx_hal_gpio.o(i.HAL_GPIO_ReadPin), (16 bytes).
    Removing stm32f1xx_hal_gpio.o(i.HAL_GPIO_TogglePin), (8 bytes).
    Removing stm32f1xx_hal_gpio.o(i.HAL_GPIO_WritePin), (12 bytes).
    Removing stm32f1xx_hal_gpio_ex.o(.rev16_text), (4 bytes).
    Removing stm32f1xx_hal_gpio_ex.o(.revsh_text), (4 bytes).
    Removing stm32f1xx_hal_gpio_ex.o(.rrx_text), (6 bytes).
    Removing stm32f1xx_hal_gpio_ex.o(i.HAL_GPIOEx_ConfigEventout), (24 bytes).
    Removing stm32f1xx_hal_gpio_ex.o(i.HAL_GPIOEx_DisableEventout), (20 bytes).
    Removing stm32f1xx_hal_gpio_ex.o(i.HAL_GPIOEx_EnableEventout), (20 bytes).
    Removing stm32f1xx_hal_pwr.o(.rev16_text), (4 bytes).
    Removing stm32f1xx_hal_pwr.o(.revsh_text), (4 bytes).
    Removing stm32f1xx_hal_pwr.o(.rrx_text), (6 bytes).
    Removing stm32f1xx_hal_pwr.o(i.HAL_PWR_ConfigPVD), (180 bytes).
    Removing stm32f1xx_hal_pwr.o(i.HAL_PWR_DeInit), (28 bytes).
    Removing stm32f1xx_hal_pwr.o(i.HAL_PWR_DisableBkUpAccess), (28 bytes).
    Removing stm32f1xx_hal_pwr.o(i.HAL_PWR_DisablePVD), (24 bytes).
    Removing stm32f1xx_hal_pwr.o(i.HAL_PWR_DisableSEVOnPend), (20 bytes).
    Removing stm32f1xx_hal_pwr.o(i.HAL_PWR_DisableSleepOnExit), (20 bytes).
    Removing stm32f1xx_hal_pwr.o(i.HAL_PWR_DisableWakeUpPin), (28 bytes).
    Removing stm32f1xx_hal_pwr.o(i.HAL_PWR_EnableBkUpAccess), (24 bytes).
    Removing stm32f1xx_hal_pwr.o(i.HAL_PWR_EnablePVD), (24 bytes).
    Removing stm32f1xx_hal_pwr.o(i.HAL_PWR_EnableSEVOnPend), (20 bytes).
    Removing stm32f1xx_hal_pwr.o(i.HAL_PWR_EnableSleepOnExit), (20 bytes).
    Removing stm32f1xx_hal_pwr.o(i.HAL_PWR_EnableWakeUpPin), (28 bytes).
    Removing stm32f1xx_hal_pwr.o(i.HAL_PWR_EnterSLEEPMode), (32 bytes).
    Removing stm32f1xx_hal_pwr.o(i.HAL_PWR_EnterSTANDBYMode), (40 bytes).
    Removing stm32f1xx_hal_pwr.o(i.HAL_PWR_EnterSTOPMode), (84 bytes).
    Removing stm32f1xx_hal_pwr.o(i.HAL_PWR_PVDCallback), (2 bytes).
    Removing stm32f1xx_hal_pwr.o(i.HAL_PWR_PVD_IRQHandler), (32 bytes).
    Removing stm32f1xx_hal_pwr.o(i.PWR_OverloadWfe), (6 bytes).
    Removing stm32f1xx_hal_rcc.o(.rev16_text), (4 bytes).
    Removing stm32f1xx_hal_rcc.o(.revsh_text), (4 bytes).
    Removing stm32f1xx_hal_rcc.o(.rrx_text), (6 bytes).
    Removing stm32f1xx_hal_rcc.o(i.HAL_RCC_CSSCallback), (2 bytes).
    Removing stm32f1xx_hal_rcc.o(i.HAL_RCC_DeInit), (96 bytes).
    Removing stm32f1xx_hal_rcc.o(i.HAL_RCC_DisableCSS), (28 bytes).
    Removing stm32f1xx_hal_rcc.o(i.HAL_RCC_EnableCSS), (24 bytes).
    Removing stm32f1xx_hal_rcc.o(i.HAL_RCC_GetClockConfig), (68 bytes).
    Removing stm32f1xx_hal_rcc.o(i.HAL_RCC_GetOscConfig), (212 bytes).
    Removing stm32f1xx_hal_rcc.o(i.HAL_RCC_MCOConfig), (100 bytes).
    Removing stm32f1xx_hal_rcc.o(i.HAL_RCC_NMI_IRQHandler), (32 bytes).
    Removing stm32f1xx_hal_rcc_ex.o(.rev16_text), (4 bytes).
    Removing stm32f1xx_hal_rcc_ex.o(.revsh_text), (4 bytes).
    Removing stm32f1xx_hal_rcc_ex.o(.rrx_text), (6 bytes).
    Removing stm32f1xx_hal_rcc_ex.o(i.HAL_RCCEx_GetPeriphCLKConfig), (84 bytes).
    Removing stm32f1xx_hal_uart.o(.rev16_text), (4 bytes).
    Removing stm32f1xx_hal_uart.o(.revsh_text), (4 bytes).
    Removing stm32f1xx_hal_uart.o(.rrx_text), (6 bytes).
    Removing stm32f1xx_hal_uart.o(i.HAL_HalfDuplex_EnableReceiver), (64 bytes).
    Removing stm32f1xx_hal_uart.o(i.HAL_HalfDuplex_EnableTransmitter), (66 bytes).
    Removing stm32f1xx_hal_uart.o(i.HAL_HalfDuplex_Init), (114 bytes).
    Removing stm32f1xx_hal_uart.o(i.HAL_LIN_Init), (130 bytes).
    Removing stm32f1xx_hal_uart.o(i.HAL_LIN_SendBreak), (62 bytes).
    Removing stm32f1xx_hal_uart.o(i.HAL_MultiProcessor_EnterMuteMode), (62 bytes).
    Removing stm32f1xx_hal_uart.o(i.HAL_MultiProcessor_ExitMuteMode), (62 bytes).
    Removing stm32f1xx_hal_uart.o(i.HAL_MultiProcessor_Init), (134 bytes).
    Removing stm32f1xx_hal_uart.o(i.HAL_UART_DMAPause), (118 bytes).
    Removing stm32f1xx_hal_uart.o(i.HAL_UART_DMAResume), (156 bytes).
    Removing stm32f1xx_hal_uart.o(i.HAL_UART_DMAStop), (46 bytes).
    Removing stm32f1xx_hal_uart.o(i.HAL_UART_DeInit), (68 bytes).
    Removing stm32f1xx_hal_uart.o(i.HAL_UART_GetError), (6 bytes).
    Removing stm32f1xx_hal_uart.o(i.HAL_UART_GetState), (8 bytes).
    Removing stm32f1xx_hal_uart.o(i.HAL_UART_MspDeInit), (2 bytes).
    Removing stm32f1xx_hal_uart.o(i.HAL_UART_MspInit), (2 bytes).
    Removing stm32f1xx_hal_uart.o(i.HAL_UART_Receive), (248 bytes).
    Removing stm32f1xx_hal_uart.o(i.HAL_UART_Receive_DMA), (160 bytes).
    Removing stm32f1xx_hal_uart.o(i.HAL_UART_RxCpltCallback), (2 bytes).
    Removing stm32f1xx_hal_uart.o(i.HAL_UART_RxHalfCpltCallback), (2 bytes).
    Removing stm32f1xx_hal_uart.o(i.HAL_UART_Transmit_DMA), (168 bytes).
    Removing stm32f1xx_hal_uart.o(i.HAL_UART_Transmit_IT), (110 bytes).
    Removing stm32f1xx_hal_uart.o(i.HAL_UART_TxHalfCpltCallback), (2 bytes).
    Removing stm32f1xx_hal_uart.o(i.UART_DMAError), (34 bytes).
    Removing stm32f1xx_hal_uart.o(i.UART_DMAReceiveCplt), (62 bytes).
    Removing stm32f1xx_hal_uart.o(i.UART_DMARxHalfCplt), (14 bytes).
    Removing stm32f1xx_hal_uart.o(i.UART_DMATransmitCplt), (54 bytes).
    Removing stm32f1xx_hal_uart.o(i.UART_DMATxHalfCplt), (14 bytes).
    Removing stm32f1xx_hal_usart.o(.rev16_text), (4 bytes).
    Removing stm32f1xx_hal_usart.o(.revsh_text), (4 bytes).
    Removing stm32f1xx_hal_usart.o(.rrx_text), (6 bytes).
    Removing stm32f1xx_hal_usart.o(i.HAL_USART_DMAPause), (50 bytes).
    Removing stm32f1xx_hal_usart.o(i.HAL_USART_DMAResume), (50 bytes).
    Removing stm32f1xx_hal_usart.o(i.HAL_USART_DMAStop), (46 bytes).
    Removing stm32f1xx_hal_usart.o(i.HAL_USART_DeInit), (54 bytes).
    Removing stm32f1xx_hal_usart.o(i.HAL_USART_ErrorCallback), (2 bytes).
    Removing stm32f1xx_hal_usart.o(i.HAL_USART_GetError), (6 bytes).
    Removing stm32f1xx_hal_usart.o(i.HAL_USART_GetState), (8 bytes).
    Removing stm32f1xx_hal_usart.o(i.HAL_USART_IRQHandler), (250 bytes).
    Removing stm32f1xx_hal_usart.o(i.HAL_USART_Init), (90 bytes).
    Removing stm32f1xx_hal_usart.o(i.HAL_USART_MspDeInit), (2 bytes).
    Removing stm32f1xx_hal_usart.o(i.HAL_USART_MspInit), (2 bytes).
    Removing stm32f1xx_hal_usart.o(i.HAL_USART_Receive), (258 bytes).
    Removing stm32f1xx_hal_usart.o(i.HAL_USART_Receive_DMA), (192 bytes).
    Removing stm32f1xx_hal_usart.o(i.HAL_USART_Receive_IT), (120 bytes).
    Removing stm32f1xx_hal_usart.o(i.HAL_USART_RxCpltCallback), (2 bytes).
    Removing stm32f1xx_hal_usart.o(i.HAL_USART_RxHalfCpltCallback), (2 bytes).
    Removing stm32f1xx_hal_usart.o(i.HAL_USART_Transmit), (202 bytes).
    Removing stm32f1xx_hal_usart.o(i.HAL_USART_TransmitReceive), (298 bytes).
    Removing stm32f1xx_hal_usart.o(i.HAL_USART_TransmitReceive_DMA), (232 bytes).
    Removing stm32f1xx_hal_usart.o(i.HAL_USART_TransmitReceive_IT), (132 bytes).
    Removing stm32f1xx_hal_usart.o(i.HAL_USART_Transmit_DMA), (148 bytes).
    Removing stm32f1xx_hal_usart.o(i.HAL_USART_Transmit_IT), (88 bytes).
    Removing stm32f1xx_hal_usart.o(i.HAL_USART_TxCpltCallback), (2 bytes).
    Removing stm32f1xx_hal_usart.o(i.HAL_USART_TxHalfCpltCallback), (2 bytes).
    Removing stm32f1xx_hal_usart.o(i.HAL_USART_TxRxCpltCallback), (2 bytes).
    Removing stm32f1xx_hal_usart.o(i.USART_DMAError), (34 bytes).
    Removing stm32f1xx_hal_usart.o(i.USART_DMAReceiveCplt), (104 bytes).
    Removing stm32f1xx_hal_usart.o(i.USART_DMARxHalfCplt), (14 bytes).
    Removing stm32f1xx_hal_usart.o(i.USART_DMATransmitCplt), (70 bytes).
    Removing stm32f1xx_hal_usart.o(i.USART_DMATxHalfCplt), (14 bytes).
    Removing stm32f1xx_hal_usart.o(i.USART_EndTransmit_IT), (44 bytes).
    Removing stm32f1xx_hal_usart.o(i.USART_Receive_IT), (196 bytes).
    Removing stm32f1xx_hal_usart.o(i.USART_SetConfig), (312 bytes).
    Removing stm32f1xx_hal_usart.o(i.USART_TransmitReceive_IT), (272 bytes).
    Removing stm32f1xx_hal_usart.o(i.USART_Transmit_IT), (106 bytes).
    Removing stm32f1xx_hal_usart.o(i.USART_WaitOnFlagUntilTimeout), (250 bytes).
    Removing stm32f1xx_hal_tim.o(.rev16_text), (4 bytes).
    Removing stm32f1xx_hal_tim.o(.revsh_text), (4 bytes).
    Removing stm32f1xx_hal_tim.o(.rrx_text), (6 bytes).
    Removing stm32f1xx_hal_tim.o(i.HAL_TIM_Base_DeInit), (70 bytes).
    Removing stm32f1xx_hal_tim.o(i.HAL_TIM_Base_GetState), (8 bytes).
    Removing stm32f1xx_hal_tim.o(i.HAL_TIM_Base_MspDeInit), (2 bytes).
    Removing stm32f1xx_hal_tim.o(i.HAL_TIM_Base_MspInit), (2 bytes).
    Removing stm32f1xx_hal_tim.o(i.HAL_TIM_Base_Start), (30 bytes).
    Removing stm32f1xx_hal_tim.o(i.HAL_TIM_Base_Start_DMA), (104 bytes).
    Removing stm32f1xx_hal_tim.o(i.HAL_TIM_Base_Stop), (56 bytes).
    Removing stm32f1xx_hal_tim.o(i.HAL_TIM_Base_Stop_DMA), (62 bytes).
    Removing stm32f1xx_hal_tim.o(i.HAL_TIM_Base_Stop_IT), (56 bytes).
    Removing stm32f1xx_hal_tim.o(i.HAL_TIM_ConfigClockSource), (306 bytes).
    Removing stm32f1xx_hal_tim.o(i.HAL_TIM_ConfigOCrefClear), (264 bytes).
    Removing stm32f1xx_hal_tim.o(i.HAL_TIM_ConfigTI1Input), (24 bytes).
    Removing stm32f1xx_hal_tim.o(i.HAL_TIM_DMABurst_ReadStart), (388 bytes).
    Removing stm32f1xx_hal_tim.o(i.HAL_TIM_DMABurst_ReadStop), (128 bytes).
    Removing stm32f1xx_hal_tim.o(i.HAL_TIM_DMABurst_WriteStart), (388 bytes).
    Removing stm32f1xx_hal_tim.o(i.HAL_TIM_DMABurst_WriteStop), (128 bytes).
    Removing stm32f1xx_hal_tim.o(i.HAL_TIM_Encoder_DeInit), (70 bytes).
    Removing stm32f1xx_hal_tim.o(i.HAL_TIM_Encoder_GetState), (8 bytes).
    Removing stm32f1xx_hal_tim.o(i.HAL_TIM_Encoder_Init), (180 bytes).
    Removing stm32f1xx_hal_tim.o(i.HAL_TIM_Encoder_MspDeInit), (2 bytes).
    Removing stm32f1xx_hal_tim.o(i.HAL_TIM_Encoder_MspInit), (2 bytes).
    Removing stm32f1xx_hal_tim.o(i.HAL_TIM_Encoder_Start), (78 bytes).
    Removing stm32f1xx_hal_tim.o(i.HAL_TIM_Encoder_Start_DMA), (328 bytes).
    Removing stm32f1xx_hal_tim.o(i.HAL_TIM_Encoder_Start_IT), (126 bytes).
    Removing stm32f1xx_hal_tim.o(i.HAL_TIM_Encoder_Stop), (104 bytes).
    Removing stm32f1xx_hal_tim.o(i.HAL_TIM_Encoder_Stop_DMA), (152 bytes).
    Removing stm32f1xx_hal_tim.o(i.HAL_TIM_Encoder_Stop_IT), (152 bytes).
    Removing stm32f1xx_hal_tim.o(i.HAL_TIM_ErrorCallback), (2 bytes).
    Removing stm32f1xx_hal_tim.o(i.HAL_TIM_GenerateEvent), (54 bytes).
    Removing stm32f1xx_hal_tim.o(i.HAL_TIM_IC_CaptureCallback), (2 bytes).
    Removing stm32f1xx_hal_tim.o(i.HAL_TIM_IC_ConfigChannel), (224 bytes).
    Removing stm32f1xx_hal_tim.o(i.HAL_TIM_IC_DeInit), (70 bytes).
    Removing stm32f1xx_hal_tim.o(i.HAL_TIM_IC_GetState), (8 bytes).
    Removing stm32f1xx_hal_tim.o(i.HAL_TIM_IC_Init), (52 bytes).
    Removing stm32f1xx_hal_tim.o(i.HAL_TIM_IC_MspDeInit), (2 bytes).
    Removing stm32f1xx_hal_tim.o(i.HAL_TIM_IC_MspInit), (2 bytes).
    Removing stm32f1xx_hal_tim.o(i.HAL_TIM_IC_Start), (32 bytes).
    Removing stm32f1xx_hal_tim.o(i.HAL_TIM_IC_Start_DMA), (268 bytes).
    Removing stm32f1xx_hal_tim.o(i.HAL_TIM_IC_Start_IT), (108 bytes).
    Removing stm32f1xx_hal_tim.o(i.HAL_TIM_IC_Stop), (58 bytes).
    Removing stm32f1xx_hal_tim.o(i.HAL_TIM_IC_Stop_DMA), (140 bytes).
    Removing stm32f1xx_hal_tim.o(i.HAL_TIM_IC_Stop_IT), (134 bytes).
    Removing stm32f1xx_hal_tim.o(i.HAL_TIM_IRQHandler), (406 bytes).
    Removing stm32f1xx_hal_tim.o(i.HAL_TIM_OC_ConfigChannel), (116 bytes).
    Removing stm32f1xx_hal_tim.o(i.HAL_TIM_OC_DeInit), (70 bytes).
    Removing stm32f1xx_hal_tim.o(i.HAL_TIM_OC_DelayElapsedCallback), (2 bytes).
    Removing stm32f1xx_hal_tim.o(i.HAL_TIM_OC_GetState), (8 bytes).
    Removing stm32f1xx_hal_tim.o(i.HAL_TIM_OC_Init), (52 bytes).
    Removing stm32f1xx_hal_tim.o(i.HAL_TIM_OC_MspDeInit), (2 bytes).
    Removing stm32f1xx_hal_tim.o(i.HAL_TIM_OC_MspInit), (2 bytes).
    Removing stm32f1xx_hal_tim.o(i.HAL_TIM_OC_Start), (76 bytes).
    Removing stm32f1xx_hal_tim.o(i.HAL_TIM_OC_Start_DMA), (312 bytes).
    Removing stm32f1xx_hal_tim.o(i.HAL_TIM_OC_Start_IT), (152 bytes).
    Removing stm32f1xx_hal_tim.o(i.HAL_TIM_OC_Stop), (128 bytes).
    Removing stm32f1xx_hal_tim.o(i.HAL_TIM_OC_Stop_DMA), (212 bytes).
    Removing stm32f1xx_hal_tim.o(i.HAL_TIM_OC_Stop_IT), (204 bytes).
    Removing stm32f1xx_hal_tim.o(i.HAL_TIM_OnePulse_ConfigChannel), (286 bytes).
    Removing stm32f1xx_hal_tim.o(i.HAL_TIM_OnePulse_DeInit), (70 bytes).
    Removing stm32f1xx_hal_tim.o(i.HAL_TIM_OnePulse_GetState), (8 bytes).
    Removing stm32f1xx_hal_tim.o(i.HAL_TIM_OnePulse_Init), (76 bytes).
    Removing stm32f1xx_hal_tim.o(i.HAL_TIM_OnePulse_MspDeInit), (2 bytes).
    Removing stm32f1xx_hal_tim.o(i.HAL_TIM_OnePulse_MspInit), (2 bytes).
    Removing stm32f1xx_hal_tim.o(i.HAL_TIM_OnePulse_Start), (76 bytes).
    Removing stm32f1xx_hal_tim.o(i.HAL_TIM_OnePulse_Start_IT), (100 bytes).
    Removing stm32f1xx_hal_tim.o(i.HAL_TIM_OnePulse_Stop), (140 bytes).
    Removing stm32f1xx_hal_tim.o(i.HAL_TIM_OnePulse_Stop_IT), (164 bytes).
    Removing stm32f1xx_hal_tim.o(i.HAL_TIM_PWM_ConfigChannel), (264 bytes).
    Removing stm32f1xx_hal_tim.o(i.HAL_TIM_PWM_DeInit), (70 bytes).
    Removing stm32f1xx_hal_tim.o(i.HAL_TIM_PWM_GetState), (8 bytes).
    Removing stm32f1xx_hal_tim.o(i.HAL_TIM_PWM_Init), (52 bytes).
    Removing stm32f1xx_hal_tim.o(i.HAL_TIM_PWM_MspDeInit), (2 bytes).
    Removing stm32f1xx_hal_tim.o(i.HAL_TIM_PWM_MspInit), (2 bytes).
    Removing stm32f1xx_hal_tim.o(i.HAL_TIM_PWM_PulseFinishedCallback), (2 bytes).
    Removing stm32f1xx_hal_tim.o(i.HAL_TIM_PWM_Start), (76 bytes).
    Removing stm32f1xx_hal_tim.o(i.HAL_TIM_PWM_Start_DMA), (312 bytes).
    Removing stm32f1xx_hal_tim.o(i.HAL_TIM_PWM_Start_IT), (152 bytes).
    Removing stm32f1xx_hal_tim.o(i.HAL_TIM_PWM_Stop), (136 bytes).
    Removing stm32f1xx_hal_tim.o(i.HAL_TIM_PWM_Stop_DMA), (212 bytes).
    Removing stm32f1xx_hal_tim.o(i.HAL_TIM_PWM_Stop_IT), (204 bytes).
    Removing stm32f1xx_hal_tim.o(i.HAL_TIM_PeriodElapsedCallback), (2 bytes).
    Removing stm32f1xx_hal_tim.o(i.HAL_TIM_ReadCapturedValue), (84 bytes).
    Removing stm32f1xx_hal_tim.o(i.HAL_TIM_SlaveConfigSynchronization), (86 bytes).
    Removing stm32f1xx_hal_tim.o(i.HAL_TIM_SlaveConfigSynchronization_IT), (86 bytes).
    Removing stm32f1xx_hal_tim.o(i.HAL_TIM_TriggerCallback), (2 bytes).
    Removing stm32f1xx_hal_tim.o(i.TIM_CCxChannelCmd), (28 bytes).
    Removing stm32f1xx_hal_tim.o(i.TIM_DMACaptureCplt), (70 bytes).
    Removing stm32f1xx_hal_tim.o(i.TIM_DMADelayPulseCplt), (70 bytes).
    Removing stm32f1xx_hal_tim.o(i.TIM_DMAError), (20 bytes).
    Removing stm32f1xx_hal_tim.o(i.TIM_DMAPeriodElapsedCplt), (20 bytes).
    Removing stm32f1xx_hal_tim.o(i.TIM_DMATriggerCplt), (20 bytes).
    Removing stm32f1xx_hal_tim.o(i.TIM_ETR_SetConfig), (24 bytes).
    Removing stm32f1xx_hal_tim.o(i.TIM_ITRx_SetConfig), (20 bytes).
    Removing stm32f1xx_hal_tim.o(i.TIM_OC1_SetConfig), (120 bytes).
    Removing stm32f1xx_hal_tim.o(i.TIM_OC2_SetConfig), (128 bytes).
    Removing stm32f1xx_hal_tim.o(i.TIM_OC3_SetConfig), (128 bytes).
    Removing stm32f1xx_hal_tim.o(i.TIM_OC4_SetConfig), (88 bytes).
    Removing stm32f1xx_hal_tim.o(i.TIM_SlaveTimer_SetConfig), (164 bytes).
    Removing stm32f1xx_hal_tim.o(i.TIM_TI1_ConfigInputStage), (42 bytes).
    Removing stm32f1xx_hal_tim.o(i.TIM_TI1_SetConfig), (128 bytes).
    Removing stm32f1xx_hal_tim.o(i.TIM_TI2_ConfigInputStage), (44 bytes).
    Removing stm32f1xx_hal_tim.o(i.TIM_TI2_SetConfig), (62 bytes).
    Removing stm32f1xx_hal_tim.o(i.TIM_TI3_SetConfig), (60 bytes).
    Removing stm32f1xx_hal_tim.o(i.TIM_TI4_SetConfig), (64 bytes).
    Removing stm32f1xx_hal_tim_ex.o(.rev16_text), (4 bytes).
    Removing stm32f1xx_hal_tim_ex.o(.revsh_text), (4 bytes).
    Removing stm32f1xx_hal_tim_ex.o(.rrx_text), (6 bytes).
    Removing stm32f1xx_hal_tim_ex.o(i.HAL_TIMEx_BreakCallback), (2 bytes).
    Removing stm32f1xx_hal_tim_ex.o(i.HAL_TIMEx_CommutationCallback), (2 bytes).
    Removing stm32f1xx_hal_tim_ex.o(i.HAL_TIMEx_ConfigBreakDeadTime), (80 bytes).
    Removing stm32f1xx_hal_tim_ex.o(i.HAL_TIMEx_ConfigCommutationEvent), (110 bytes).
    Removing stm32f1xx_hal_tim_ex.o(i.HAL_TIMEx_ConfigCommutationEvent_DMA), (144 bytes).
    Removing stm32f1xx_hal_tim_ex.o(i.HAL_TIMEx_ConfigCommutationEvent_IT), (122 bytes).
    Removing stm32f1xx_hal_tim_ex.o(i.HAL_TIMEx_HallSensor_DeInit), (70 bytes).
    Removing stm32f1xx_hal_tim_ex.o(i.HAL_TIMEx_HallSensor_GetState), (8 bytes).
    Removing stm32f1xx_hal_tim_ex.o(i.HAL_TIMEx_HallSensor_Init), (208 bytes).
    Removing stm32f1xx_hal_tim_ex.o(i.HAL_TIMEx_HallSensor_MspDeInit), (2 bytes).
    Removing stm32f1xx_hal_tim_ex.o(i.HAL_TIMEx_HallSensor_MspInit), (2 bytes).
    Removing stm32f1xx_hal_tim_ex.o(i.HAL_TIMEx_HallSensor_Start), (30 bytes).
    Removing stm32f1xx_hal_tim_ex.o(i.HAL_TIMEx_HallSensor_Start_DMA), (116 bytes).
    Removing stm32f1xx_hal_tim_ex.o(i.HAL_TIMEx_HallSensor_Start_IT), (42 bytes).
    Removing stm32f1xx_hal_tim_ex.o(i.HAL_TIMEx_HallSensor_Stop), (56 bytes).
    Removing stm32f1xx_hal_tim_ex.o(i.HAL_TIMEx_HallSensor_Stop_DMA), (68 bytes).
    Removing stm32f1xx_hal_tim_ex.o(i.HAL_TIMEx_HallSensor_Stop_IT), (68 bytes).
    Removing stm32f1xx_hal_tim_ex.o(i.HAL_TIMEx_MasterConfigSynchronization), (98 bytes).
    Removing stm32f1xx_hal_tim_ex.o(i.HAL_TIMEx_OCN_Start), (44 bytes).
    Removing stm32f1xx_hal_tim_ex.o(i.HAL_TIMEx_OCN_Start_DMA), (280 bytes).
    Removing stm32f1xx_hal_tim_ex.o(i.HAL_TIMEx_OCN_Start_IT), (132 bytes).
    Removing stm32f1xx_hal_tim_ex.o(i.HAL_TIMEx_OCN_Stop), (96 bytes).
    Removing stm32f1xx_hal_tim_ex.o(i.HAL_TIMEx_OCN_Stop_DMA), (178 bytes).
    Removing stm32f1xx_hal_tim_ex.o(i.HAL_TIMEx_OCN_Stop_IT), (198 bytes).
    Removing stm32f1xx_hal_tim_ex.o(i.HAL_TIMEx_OnePulseN_Start), (32 bytes).
    Removing stm32f1xx_hal_tim_ex.o(i.HAL_TIMEx_OnePulseN_Start_IT), (56 bytes).
    Removing stm32f1xx_hal_tim_ex.o(i.HAL_TIMEx_OnePulseN_Stop), (96 bytes).
    Removing stm32f1xx_hal_tim_ex.o(i.HAL_TIMEx_OnePulseN_Stop_IT), (120 bytes).
    Removing stm32f1xx_hal_tim_ex.o(i.HAL_TIMEx_PWMN_Start), (44 bytes).
    Removing stm32f1xx_hal_tim_ex.o(i.HAL_TIMEx_PWMN_Start_DMA), (280 bytes).
    Removing stm32f1xx_hal_tim_ex.o(i.HAL_TIMEx_PWMN_Start_IT), (132 bytes).
    Removing stm32f1xx_hal_tim_ex.o(i.HAL_TIMEx_PWMN_Stop), (96 bytes).
    Removing stm32f1xx_hal_tim_ex.o(i.HAL_TIMEx_PWMN_Stop_DMA), (178 bytes).
    Removing stm32f1xx_hal_tim_ex.o(i.HAL_TIMEx_PWMN_Stop_IT), (198 bytes).
    Removing stm32f1xx_hal_tim_ex.o(i.TIMEx_DMACommutationCplt), (20 bytes).
    Removing stm32f1xx_hal_tim_ex.o(i.TIM_CCxNChannelCmd), (28 bytes).
    Removing stm32f1xx_hal_dma.o(.rev16_text), (4 bytes).
    Removing stm32f1xx_hal_dma.o(.revsh_text), (4 bytes).
    Removing stm32f1xx_hal_dma.o(.rrx_text), (6 bytes).
    Removing stm32f1xx_hal_dma.o(i.DMA_SetConfig), (32 bytes).
    Removing stm32f1xx_hal_dma.o(i.HAL_DMA_Abort), (98 bytes).
    Removing stm32f1xx_hal_dma.o(i.HAL_DMA_DeInit), (1120 bytes).
    Removing stm32f1xx_hal_dma.o(i.HAL_DMA_GetError), (6 bytes).
    Removing stm32f1xx_hal_dma.o(i.HAL_DMA_GetState), (8 bytes).
    Removing stm32f1xx_hal_dma.o(i.HAL_DMA_IRQHandler), (2312 bytes).
    Removing stm32f1xx_hal_dma.o(i.HAL_DMA_Init), (84 bytes).
    Removing stm32f1xx_hal_dma.o(i.HAL_DMA_PollForTransfer), (1916 bytes).
    Removing stm32f1xx_hal_dma.o(i.HAL_DMA_Start), (82 bytes).
    Removing stm32f1xx_hal_dma.o(i.HAL_DMA_Start_IT), (118 bytes).
    Removing stm32f1xx_hal_adc.o(.rev16_text), (4 bytes).
    Removing stm32f1xx_hal_adc.o(.revsh_text), (4 bytes).
    Removing stm32f1xx_hal_adc.o(.rrx_text), (6 bytes).
    Removing stm32f1xx_hal_adc.o(i.ADC_DMAConvCplt), (82 bytes).
    Removing stm32f1xx_hal_adc.o(i.ADC_DMAError), (30 bytes).
    Removing stm32f1xx_hal_adc.o(i.ADC_DMAHalfConvCplt), (14 bytes).
    Removing stm32f1xx_hal_adc.o(i.HAL_ADC_AnalogWDGConfig), (148 bytes).
    Removing stm32f1xx_hal_adc.o(i.HAL_ADC_ConvCpltCallback), (2 bytes).
    Removing stm32f1xx_hal_adc.o(i.HAL_ADC_ConvHalfCpltCallback), (2 bytes).
    Removing stm32f1xx_hal_adc.o(i.HAL_ADC_DeInit), (268 bytes).
    Removing stm32f1xx_hal_adc.o(i.HAL_ADC_ErrorCallback), (2 bytes).
    Removing stm32f1xx_hal_adc.o(i.HAL_ADC_GetError), (6 bytes).
    Removing stm32f1xx_hal_adc.o(i.HAL_ADC_GetState), (6 bytes).
    Removing stm32f1xx_hal_adc.o(i.HAL_ADC_IRQHandler), (290 bytes).
    Removing stm32f1xx_hal_adc.o(i.HAL_ADC_LevelOutOfWindowCallback), (2 bytes).
    Removing stm32f1xx_hal_adc.o(i.HAL_ADC_MspDeInit), (2 bytes).
    Removing stm32f1xx_hal_adc.o(i.HAL_ADC_MspInit), (2 bytes).
    Removing stm32f1xx_hal_adc.o(i.HAL_ADC_PollForEvent), (100 bytes).
    Removing stm32f1xx_hal_adc.o(i.HAL_ADC_Start_DMA), (384 bytes).
    Removing stm32f1xx_hal_adc.o(i.HAL_ADC_Start_IT), (316 bytes).
    Removing stm32f1xx_hal_adc.o(i.HAL_ADC_Stop), (64 bytes).
    Removing stm32f1xx_hal_adc.o(i.HAL_ADC_Stop_DMA), (96 bytes).
    Removing stm32f1xx_hal_adc.o(i.HAL_ADC_Stop_IT), (76 bytes).
    Removing stm32f1xx_hal_adc_ex.o(.rev16_text), (4 bytes).
    Removing stm32f1xx_hal_adc_ex.o(.revsh_text), (4 bytes).
    Removing stm32f1xx_hal_adc_ex.o(.rrx_text), (6 bytes).
    Removing stm32f1xx_hal_adc_ex.o(i.HAL_ADCEx_InjectedConfigChannel), (720 bytes).
    Removing stm32f1xx_hal_adc_ex.o(i.HAL_ADCEx_InjectedConvCpltCallback), (2 bytes).
    Removing stm32f1xx_hal_adc_ex.o(i.HAL_ADCEx_InjectedGetValue), (50 bytes).
    Removing stm32f1xx_hal_adc_ex.o(i.HAL_ADCEx_InjectedPollForConversion), (348 bytes).
    Removing stm32f1xx_hal_adc_ex.o(i.HAL_ADCEx_InjectedStart), (236 bytes).
    Removing stm32f1xx_hal_adc_ex.o(i.HAL_ADCEx_InjectedStart_IT), (248 bytes).
    Removing stm32f1xx_hal_adc_ex.o(i.HAL_ADCEx_InjectedStop), (94 bytes).
    Removing stm32f1xx_hal_adc_ex.o(i.HAL_ADCEx_InjectedStop_IT), (106 bytes).
    Removing stm32f1xx_hal_adc_ex.o(i.HAL_ADCEx_MultiModeConfigChannel), (116 bytes).
    Removing stm32f1xx_hal_adc_ex.o(i.HAL_ADCEx_MultiModeGetValue), (36 bytes).
    Removing stm32f1xx_hal_adc_ex.o(i.HAL_ADCEx_MultiModeStart_DMA), (280 bytes).
    Removing stm32f1xx_hal_adc_ex.o(i.HAL_ADCEx_MultiModeStop_DMA), (180 bytes).
    Removing delay.o(.rev16_text), (4 bytes).
    Removing delay.o(.revsh_text), (4 bytes).
    Removing delay.o(.rrx_text), (6 bytes).
    Removing sys.o(.rev16_text), (4 bytes).
    Removing sys.o(.revsh_text), (4 bytes).
    Removing sys.o(.rrx_text), (6 bytes).
    Removing sys.o(i.WFI_SET), (4 bytes).
    Removing usart.o(.rev16_text), (4 bytes).
    Removing usart.o(.revsh_text), (4 bytes).
    Removing usart.o(.rrx_text), (6 bytes).
    Removing usart.o(i.chuankou1jisuuan), (2 bytes).
    Removing usart.o(i.chuankou3jisuuan), (2 bytes).
    Removing led.o(.rev16_text), (4 bytes).
    Removing led.o(.revsh_text), (4 bytes).
    Removing led.o(.rrx_text), (6 bytes).
    Removing led.o(i.LED_Init), (208 bytes).
    Removing key.o(.rev16_text), (4 bytes).
    Removing key.o(.revsh_text), (4 bytes).
    Removing key.o(.rrx_text), (6 bytes).
    Removing key.o(i.KEY_Init), (132 bytes).
    Removing key.o(i.KEY_Scan), (168 bytes).
    Removing key.o(.data), (1 bytes).
    Removing timer.o(.rev16_text), (4 bytes).
    Removing timer.o(.revsh_text), (4 bytes).
    Removing timer.o(.rrx_text), (6 bytes).
    Removing timer.o(i.HAL_TIM_Encoder_MspInit), (76 bytes).
    Removing timer.o(i.HAL_TIM_PWM_MspInit), (112 bytes).
    Removing timer.o(i.MX_TIM2_Init), (96 bytes).
    Removing timer.o(i.TIM1_IRQHandler), (16 bytes).
    Removing timer.o(i.TIM1_PWM_Init), (88 bytes).
    Removing timer.o(i.TIM_SetTIM1Compare1), (12 bytes).
    Removing timer.o(i.TIM_SetTIM1Compare4), (12 bytes).
    Removing timer.o(i.time02msjisuan), (2 bytes).
    Removing timer.o(i.time03msjisuan), (2 bytes).
    Removing io.o(.rev16_text), (4 bytes).
    Removing io.o(.revsh_text), (4 bytes).
    Removing io.o(.rrx_text), (6 bytes).
    Removing io.o(i.EXTI_Init), (48 bytes).
    Removing io.o(i.in_allget), (48 bytes).
    Removing io.o(i.in_get), (12 bytes).
    Removing io.o(i.outzhi), (42 bytes).
    Removing io.o(i.shurulvbo), (168 bytes).
    Removing io.o(i.xfenjie), (44 bytes).
    Removing io.o(i.yout_change), (32 bytes).
    Removing io.o(i.yout_closeall), (24 bytes).
    Removing io.o(.data), (42 bytes).
    Removing ds1302.o(.rev16_text), (4 bytes).
    Removing ds1302.o(.revsh_text), (4 bytes).
    Removing ds1302.o(.rrx_text), (6 bytes).
    Removing ds1302.o(i.DS1302Read), (96 bytes).
    Removing ds1302.o(i.DS1302ReadByte), (116 bytes).
    Removing ds1302.o(i.DS1302Write), (96 bytes).
    Removing ds1302.o(i.DS1302WriteByte), (112 bytes).
    Removing ds1302.o(i.DS1302_CE_Init), (56 bytes).
    Removing ds1302.o(i.DS1302_DATA_INPUT_MODE), (44 bytes).
    Removing ds1302.o(i.DS1302_DATA_OUTPUT_MODE), (56 bytes).
    Removing ds1302.o(i.DS1302_Init), (48 bytes).
    Removing ds1302.o(i.DS1302_SCLK_Init), (56 bytes).
    Removing ds1302.o(i.GetDate), (32 bytes).
    Removing ds1302.o(i.GetDay), (30 bytes).
    Removing ds1302.o(i.GetHour), (32 bytes).
    Removing ds1302.o(i.GetMinutes), (32 bytes).
    Removing ds1302.o(i.GetMonth), (32 bytes).
    Removing ds1302.o(i.GetSeconds), (32 bytes).
    Removing ds1302.o(i.GetYear), (32 bytes).
    Removing ds1302.o(i.SetDate), (42 bytes).
    Removing ds1302.o(i.SetDay), (42 bytes).
    Removing ds1302.o(i.SetHour), (42 bytes).
    Removing ds1302.o(i.SetMinutes), (42 bytes).
    Removing ds1302.o(i.SetMonth), (42 bytes).
    Removing ds1302.o(i.SetSconds), (42 bytes).
    Removing ds1302.o(i.SetYear), (42 bytes).
    Removing ds1302.o(i.Set_Hour_Minutes_Seconds), (28 bytes).
    Removing ds1302.o(i.Set_Year_Month_Date), (28 bytes).
    Removing ds1302.o(i.setxxtime), (24 bytes).
    Removing bujindianji1.o(.rev16_text), (4 bytes).
    Removing bujindianji1.o(.revsh_text), (4 bytes).
    Removing bujindianji1.o(.rrx_text), (6 bytes).
    Removing bujindianji1.o(i.dianjirun1), (18 bytes).
    Removing bujindianji1.o(i.fan), (68 bytes).
    Removing bujindianji1.o(i.setstep), (18 bytes).
    Removing bujindianji1.o(i.stop), (22 bytes).
    Removing bujindianji1.o(i.zheng), (72 bytes).
    Removing bujindianji1.o(.data), (8 bytes).
    Removing bujindianji2.o(.rev16_text), (4 bytes).
    Removing bujindianji2.o(.revsh_text), (4 bytes).
    Removing bujindianji2.o(.rrx_text), (6 bytes).
    Removing bujindianji2.o(i.dianjirun2), (18 bytes).
    Removing bujindianji2.o(i.fan), (68 bytes).
    Removing bujindianji2.o(i.setstep), (20 bytes).
    Removing bujindianji2.o(i.stop), (22 bytes).
    Removing bujindianji2.o(i.zheng), (72 bytes).
    Removing bujindianji2.o(.data), (8 bytes).
    Removing dht11.o(.rev16_text), (4 bytes).
    Removing dht11.o(.revsh_text), (4 bytes).
    Removing dht11.o(.rrx_text), (6 bytes).
    Removing dht11.o(i.DHT11_Check), (80 bytes).
    Removing dht11.o(i.DHT11_IO_IN), (32 bytes).
    Removing dht11.o(i.DHT11_IO_OUT), (32 bytes).
    Removing dht11.o(i.DHT11_Init), (72 bytes).
    Removing dht11.o(i.DHT11_Read_Bit), (76 bytes).
    Removing dht11.o(i.DHT11_Read_Byte), (30 bytes).
    Removing dht11.o(i.DHT11_Read_Data), (88 bytes).
    Removing dht11.o(i.DHT11_Rst), (44 bytes).
    Removing adc.o(.rev16_text), (4 bytes).
    Removing adc.o(.revsh_text), (4 bytes).
    Removing adc.o(.rrx_text), (6 bytes).
    Removing tongxin.o(.rev16_text), (4 bytes).
    Removing tongxin.o(.revsh_text), (4 bytes).
    Removing tongxin.o(.rrx_text), (6 bytes).
    Removing tongxin.o(i.deal), (40 bytes).
    Removing tongxin.o(i.isfull), (18 bytes).
    Removing tongxin.o(i.pushshow), (20 bytes).
    Removing tongxin2.o(.rev16_text), (4 bytes).
    Removing tongxin2.o(.revsh_text), (4 bytes).
    Removing tongxin2.o(.rrx_text), (6 bytes).
    Removing tongxin2.o(i.empty2), (16 bytes).
    Removing tongxin2.o(i.isfull2), (18 bytes).
    Removing myiic.o(.rev16_text), (4 bytes).
    Removing myiic.o(.revsh_text), (4 bytes).
    Removing myiic.o(.rrx_text), (6 bytes).
    Removing stmflash.o(.rev16_text), (4 bytes).
    Removing stmflash.o(.revsh_text), (4 bytes).
    Removing stmflash.o(.rrx_text), (6 bytes).
    Removing stmflash.o(i.STMFLASH_Read), (34 bytes).
    Removing stmflash.o(i.STMFLASH_ReadHalfWord), (6 bytes).
    Removing stmflash.o(i.STMFLASH_Write), (264 bytes).
    Removing stmflash.o(i.STMFLASH_Write_NoCheck), (44 bytes).
    Removing stmflash.o(i.Test_Write), (16 bytes).
    Removing stmflash.o(.bss), (2048 bytes).
    Removing usmart.o(.rev16_text), (4 bytes).
    Removing usmart.o(.revsh_text), (4 bytes).
    Removing usmart.o(.rrx_text), (6 bytes).
    Removing usmart.o(i.read_addr), (6 bytes).
    Removing usmart.o(i.write_addr), (4 bytes).
    Removing usmart_config.o(.rev16_text), (4 bytes).
    Removing usmart_config.o(.revsh_text), (4 bytes).
    Removing usmart_config.o(.rrx_text), (6 bytes).
    Removing usmart_str.o(.rev16_text), (4 bytes).
    Removing usmart_str.o(.revsh_text), (4 bytes).
    Removing usmart_str.o(.rrx_text), (6 bytes).

507 unused section(s) (total 38573 bytes) removed from the image.

==============================================================================

Memory Map of the image

  Image Entry point : 0x00000000

  Load Region LR_IROM1 (Base: 0x08000000, Size: 0x00005b24, Max: 0x00020000, ABSOLUTE)

    Execution Region ER_IROM1 (Base: 0x08000000, Size: 0x0000583c, Max: 0x00020000, ABSOLUTE)

    Base Addr    Size         Type   Attr      Idx    E Section Name        Object

    0x08000000   0x000000ec   Data   RO          891    RESET               startup_stm32f103xe.o
    0x080000ec   0x00000008   Code   RO         4597  * !!!main             c_w.l(__main.o)
    0x080000f4   0x00000000   Code   RO         4586    .ARM.Collect$$_printf_percent$$00000000  c_w.l(_printf_percent.o)
    0x080000f4   0x00000006   Code   RO         4584    .ARM.Collect$$_printf_percent$$00000009  c_w.l(_printf_d.o)
    0x080000fa   0x00000006   Code   RO         4585    .ARM.Collect$$_printf_percent$$0000000A  c_w.l(_printf_u.o)
    0x08000100   0x00000006   Code   RO         4583    .ARM.Collect$$_printf_percent$$0000000C  c_w.l(_printf_x.o)
    0x08000106   0x00000006   Code   RO         4581    .ARM.Collect$$_printf_percent$$00000013  c_w.l(_printf_c.o)
    0x0800010c   0x00000006   Code   RO         4582    .ARM.Collect$$_printf_percent$$00000014  c_w.l(_printf_s.o)
    0x08000112   0x00000004   Code   RO         4615    .ARM.Collect$$_printf_percent$$00000017  c_w.l(_printf_percent_end.o)
    0x08000116   0x00000002   Code   RO         4665    .ARM.Collect$$libinit$$00000000  c_w.l(libinit.o)
    0x08000118   0x00000000   Code   RO         4671    .ARM.Collect$$libinit$$00000002  c_w.l(libinit2.o)
    0x08000118   0x00000000   Code   RO         4673    .ARM.Collect$$libinit$$00000004  c_w.l(libinit2.o)
    0x08000118   0x00000000   Code   RO         4676    .ARM.Collect$$libinit$$0000000A  c_w.l(libinit2.o)
    0x08000118   0x00000000   Code   RO         4678    .ARM.Collect$$libinit$$0000000C  c_w.l(libinit2.o)
    0x08000118   0x00000000   Code   RO         4680    .ARM.Collect$$libinit$$0000000E  c_w.l(libinit2.o)
    0x08000118   0x00000006   Code   RO         4681    .ARM.Collect$$libinit$$0000000F  c_w.l(libinit2.o)
    0x0800011e   0x00000000   Code   RO         4683    .ARM.Collect$$libinit$$00000011  c_w.l(libinit2.o)
    0x0800011e   0x0000000c   Code   RO         4684    .ARM.Collect$$libinit$$00000012  c_w.l(libinit2.o)
    0x0800012a   0x00000000   Code   RO         4685    .ARM.Collect$$libinit$$00000013  c_w.l(libinit2.o)
    0x0800012a   0x00000000   Code   RO         4687    .ARM.Collect$$libinit$$00000015  c_w.l(libinit2.o)
    0x0800012a   0x00000000   Code   RO         4689    .ARM.Collect$$libinit$$00000017  c_w.l(libinit2.o)
    0x0800012a   0x00000000   Code   RO         4691    .ARM.Collect$$libinit$$00000019  c_w.l(libinit2.o)
    0x0800012a   0x00000000   Code   RO         4693    .ARM.Collect$$libinit$$0000001B  c_w.l(libinit2.o)
    0x0800012a   0x00000000   Code   RO         4695    .ARM.Collect$$libinit$$0000001D  c_w.l(libinit2.o)
    0x0800012a   0x00000000   Code   RO         4697    .ARM.Collect$$libinit$$0000001F  c_w.l(libinit2.o)
    0x0800012a   0x00000000   Code   RO         4699    .ARM.Collect$$libinit$$00000021  c_w.l(libinit2.o)
    0x0800012a   0x00000000   Code   RO         4701    .ARM.Collect$$libinit$$00000023  c_w.l(libinit2.o)
    0x0800012a   0x00000000   Code   RO         4703    .ARM.Collect$$libinit$$00000025  c_w.l(libinit2.o)
    0x0800012a   0x00000000   Code   RO         4707    .ARM.Collect$$libinit$$0000002C  c_w.l(libinit2.o)
    0x0800012a   0x00000000   Code   RO         4709    .ARM.Collect$$libinit$$0000002E  c_w.l(libinit2.o)
    0x0800012a   0x00000000   Code   RO         4711    .ARM.Collect$$libinit$$00000030  c_w.l(libinit2.o)
    0x0800012a   0x00000000   Code   RO         4713    .ARM.Collect$$libinit$$00000032  c_w.l(libinit2.o)
    0x0800012a   0x00000002   Code   RO         4714    .ARM.Collect$$libinit$$00000033  c_w.l(libinit2.o)
    0x0800012c   0x00000002   Code   RO         4732    .ARM.Collect$$libshutdown$$00000000  c_w.l(libshutdown.o)
    0x0800012e   0x00000000   Code   RO         4742    .ARM.Collect$$libshutdown$$00000002  c_w.l(libshutdown2.o)
    0x0800012e   0x00000000   Code   RO         4744    .ARM.Collect$$libshutdown$$00000004  c_w.l(libshutdown2.o)
    0x0800012e   0x00000000   Code   RO         4747    .ARM.Collect$$libshutdown$$00000007  c_w.l(libshutdown2.o)
    0x0800012e   0x00000000   Code   RO         4750    .ARM.Collect$$libshutdown$$0000000A  c_w.l(libshutdown2.o)
    0x0800012e   0x00000000   Code   RO         4752    .ARM.Collect$$libshutdown$$0000000C  c_w.l(libshutdown2.o)
    0x0800012e   0x00000000   Code   RO         4755    .ARM.Collect$$libshutdown$$0000000F  c_w.l(libshutdown2.o)
    0x0800012e   0x00000002   Code   RO         4756    .ARM.Collect$$libshutdown$$00000010  c_w.l(libshutdown2.o)
    0x08000130   0x00000000   Code   RO         4599    .ARM.Collect$$rtentry$$00000000  c_w.l(__rtentry.o)
    0x08000130   0x00000000   Code   RO         4622    .ARM.Collect$$rtentry$$00000002  c_w.l(__rtentry2.o)
    0x08000130   0x00000006   Code   RO         4634    .ARM.Collect$$rtentry$$00000004  c_w.l(__rtentry4.o)
    0x08000136   0x00000000   Code   RO         4624    .ARM.Collect$$rtentry$$00000009  c_w.l(__rtentry2.o)
    0x08000136   0x00000004   Code   RO         4625    .ARM.Collect$$rtentry$$0000000A  c_w.l(__rtentry2.o)
    0x0800013a   0x00000000   Code   RO         4627    .ARM.Collect$$rtentry$$0000000C  c_w.l(__rtentry2.o)
    0x0800013a   0x00000008   Code   RO         4628    .ARM.Collect$$rtentry$$0000000D  c_w.l(__rtentry2.o)
    0x08000142   0x00000002   Code   RO         4666    .ARM.Collect$$rtexit$$00000000  c_w.l(rtexit.o)
    0x08000144   0x00000000   Code   RO         4716    .ARM.Collect$$rtexit$$00000002  c_w.l(rtexit2.o)
    0x08000144   0x00000004   Code   RO         4717    .ARM.Collect$$rtexit$$00000003  c_w.l(rtexit2.o)
    0x08000148   0x00000006   Code   RO         4718    .ARM.Collect$$rtexit$$00000004  c_w.l(rtexit2.o)
    0x0800014e   0x00000002   PAD
    0x08000150   0x00000040   Code   RO          892    .text               startup_stm32f103xe.o
    0x08000190   0x00000018   Code   RO         4528    .text               c_w.l(noretval__2printf.o)
    0x080001a8   0x00000028   Code   RO         4530    .text               c_w.l(noretval__2sprintf.o)
    0x080001d0   0x0000004e   Code   RO         4534    .text               c_w.l(_printf_pad.o)
    0x0800021e   0x00000052   Code   RO         4536    .text               c_w.l(_printf_str.o)
    0x08000270   0x00000078   Code   RO         4538    .text               c_w.l(_printf_dec.o)
    0x080002e8   0x00000058   Code   RO         4543    .text               c_w.l(_printf_hex_int.o)
    0x08000340   0x00000188   Code   RO         4578    .text               c_w.l(__printf_flags_ss_wp.o)
    0x080004c8   0x0000001a   Code   RO         4587    .text               c_w.l(atoi.o)
    0x080004e2   0x00000048   Code   RO         4589    .text               c_w.l(strcpy.o)
    0x0800052a   0x00000044   Code   RO         4591    .text               c_w.l(rt_memclr.o)
    0x0800056e   0x0000004e   Code   RO         4593    .text               c_w.l(rt_memclr_w.o)
    0x080005bc   0x00000006   Code   RO         4595    .text               c_w.l(heapauxi.o)
    0x080005c2   0x00000002   PAD
    0x080005c4   0x00000008   Code   RO         4603    .text               c_w.l(rt_errno_addr_intlibspace.o)
    0x080005cc   0x000000b2   Code   RO         4605    .text               c_w.l(_printf_intcommon.o)
    0x0800067e   0x00000002   PAD
    0x08000680   0x00000030   Code   RO         4607    .text               c_w.l(_printf_char_common.o)
    0x080006b0   0x0000000a   Code   RO         4609    .text               c_w.l(_sputc.o)
    0x080006ba   0x0000002c   Code   RO         4611    .text               c_w.l(_printf_char.o)
    0x080006e6   0x00000002   PAD
    0x080006e8   0x00000024   Code   RO         4613    .text               c_w.l(_printf_char_file.o)
    0x0800070c   0x00000070   Code   RO         4616    .text               c_w.l(strtol.o)
    0x0800077c   0x00000008   Code   RO         4618    .text               c_w.l(libspace.o)
    0x08000784   0x00000010   Code   RO         4636    .text               c_w.l(rt_ctype_table.o)
    0x08000794   0x0000009e   Code   RO         4640    .text               c_w.l(_strtoul.o)
    0x08000832   0x00000008   Code   RO         4642    .text               c_w.l(ferror.o)
    0x0800083a   0x0000004a   Code   RO         4646    .text               c_w.l(sys_stackheap_outer.o)
    0x08000884   0x00000008   Code   RO         4651    .text               c_w.l(rt_locale_intlibspace.o)
    0x0800088c   0x0000001c   Code   RO         4653    .text               c_w.l(_chval.o)
    0x080008a8   0x00000012   Code   RO         4658    .text               c_w.l(exit.o)
    0x080008ba   0x00000002   PAD
    0x080008bc   0x00000080   Code   RO         4668    .text               c_w.l(strcmpv7m.o)
    0x0800093c   0x00000052   Code   RO         2936    i.ADC_ConversionStop_Disable  stm32f1xx_hal_adc.o
    0x0800098e   0x00000002   PAD
    0x08000990   0x00000084   Code   RO         2940    i.ADC_Enable        stm32f1xx_hal_adc.o
    0x08000a14   0x00000004   Code   RO          506    i.BusFault_Handler  stm32f1xx_it.o
    0x08000a18   0x00000002   Code   RO          507    i.DebugMon_Handler  stm32f1xx_it.o
    0x08000a1a   0x0000000a   Code   RO            4    i.EXTI0_IRQHandler  main.o
    0x08000a24   0x00000028   Code   RO            5    i.EXTI9_5_IRQHandler  main.o
    0x08000a4c   0x00000034   Code   RO         3997    i.Get_Adc           adc.o
    0x08000a80   0x0000002e   Code   RO         3998    i.Get_Adc_Average   adc.o
    0x08000aae   0x00000002   PAD
    0x08000ab0   0x00000104   Code   RO         3116    i.HAL_ADCEx_Calibration_Start  stm32f1xx_hal_adc_ex.o
    0x08000bb4   0x000001c4   Code   RO         2942    i.HAL_ADC_ConfigChannel  stm32f1xx_hal_adc.o
    0x08000d78   0x00000008   Code   RO         2949    i.HAL_ADC_GetValue  stm32f1xx_hal_adc.o
    0x08000d80   0x00000184   Code   RO         2951    i.HAL_ADC_Init      stm32f1xx_hal_adc.o
    0x08000f04   0x0000005c   Code   RO         3999    i.HAL_ADC_MspInit   adc.o
    0x08000f60   0x00000170   Code   RO         2955    i.HAL_ADC_PollForConversion  stm32f1xx_hal_adc.o
    0x080010d0   0x00000130   Code   RO         2957    i.HAL_ADC_Start     stm32f1xx_hal_adc.o
    0x08001200   0x0000001a   Code   RO          906    i.HAL_Delay         stm32f1xx_hal.o
    0x0800121a   0x00000002   Code   RO         1156    i.HAL_GPIO_EXTI_Callback  stm32f1xx_hal_gpio.o
    0x0800121c   0x0000001c   Code   RO         1157    i.HAL_GPIO_EXTI_IRQHandler  stm32f1xx_hal_gpio.o
    0x08001238   0x00000340   Code   RO         1158    i.HAL_GPIO_Init     stm32f1xx_hal_gpio.o
    0x08001578   0x0000000c   Code   RO          910    i.HAL_GetTick       stm32f1xx_hal.o
    0x08001584   0x00000010   Code   RO          911    i.HAL_IncTick       stm32f1xx_hal.o
    0x08001594   0x00000028   Code   RO          912    i.HAL_Init          stm32f1xx_hal.o
    0x080015bc   0x00000024   Code   RO          913    i.HAL_InitTick      stm32f1xx_hal.o
    0x080015e0   0x00000002   Code   RO          863    i.HAL_MspInit       stm32f1xx_hal_msp.o
    0x080015e2   0x0000001a   Code   RO         1035    i.HAL_NVIC_EnableIRQ  stm32f1xx_hal_cortex.o
    0x080015fc   0x0000007c   Code   RO         1041    i.HAL_NVIC_SetPriority  stm32f1xx_hal_cortex.o
    0x08001678   0x00000028   Code   RO         1042    i.HAL_NVIC_SetPriorityGrouping  stm32f1xx_hal_cortex.o
    0x080016a0   0x00000164   Code   RO         1485    i.HAL_RCCEx_GetPeriphCLKFreq  stm32f1xx_hal_rcc_ex.o
    0x08001804   0x0000017c   Code   RO         1486    i.HAL_RCCEx_PeriphCLKConfig  stm32f1xx_hal_rcc_ex.o
    0x08001980   0x00000298   Code   RO         1383    i.HAL_RCC_ClockConfig  stm32f1xx_hal_rcc.o
    0x08001c18   0x0000000c   Code   RO         1388    i.HAL_RCC_GetHCLKFreq  stm32f1xx_hal_rcc.o
    0x08001c24   0x0000002c   Code   RO         1390    i.HAL_RCC_GetPCLK1Freq  stm32f1xx_hal_rcc.o
    0x08001c50   0x0000002c   Code   RO         1391    i.HAL_RCC_GetPCLK2Freq  stm32f1xx_hal_rcc.o
    0x08001c7c   0x000000b4   Code   RO         1392    i.HAL_RCC_GetSysClockFreq  stm32f1xx_hal_rcc.o
    0x08001d30   0x00000878   Code   RO         1395    i.HAL_RCC_OscConfig  stm32f1xx_hal_rcc.o
    0x080025a8   0x00000028   Code   RO         1044    i.HAL_SYSTICK_CLKSourceConfig  stm32f1xx_hal_cortex.o
    0x080025d0   0x00000034   Code   RO         1046    i.HAL_SYSTICK_Config  stm32f1xx_hal_cortex.o
    0x08002604   0x00000034   Code   RO         1987    i.HAL_TIM_Base_Init  stm32f1xx_hal_tim.o
    0x08002638   0x00000078   Code   RO         3449    i.HAL_TIM_Base_MspInit  timer.o
    0x080026b0   0x0000001e   Code   RO         1992    i.HAL_TIM_Base_Start_IT  stm32f1xx_hal_tim.o
    0x080026ce   0x00000002   Code   RO         1532    i.HAL_UART_ErrorCallback  stm32f1xx_hal_uart.o
    0x080026d0   0x000000da   Code   RO         1535    i.HAL_UART_IRQHandler  stm32f1xx_hal_uart.o
    0x080027aa   0x0000006e   Code   RO         1536    i.HAL_UART_Init     stm32f1xx_hal_uart.o
    0x08002818   0x000001a0   Code   RO         3299    i.HAL_UART_MspInit  usart.o
    0x080029b8   0x00000086   Code   RO         1541    i.HAL_UART_Receive_IT  stm32f1xx_hal_uart.o
    0x08002a3e   0x00000002   Code   RO         3300    i.HAL_UART_RxCpltCallback  usart.o
    0x08002a40   0x000000f0   Code   RO         1544    i.HAL_UART_Transmit  stm32f1xx_hal_uart.o
    0x08002b30   0x00000002   Code   RO         1547    i.HAL_UART_TxCpltCallback  stm32f1xx_hal_uart.o
    0x08002b32   0x00000004   Code   RO          508    i.HardFault_Handler  stm32f1xx_it.o
    0x08002b36   0x00000002   PAD
    0x08002b38   0x00000050   Code   RO         4176    i.IIC_Ack           myiic.o
    0x08002b88   0x0000006c   Code   RO         4177    i.IIC_Init          myiic.o
    0x08002bf4   0x00000050   Code   RO         4178    i.IIC_NAck          myiic.o
    0x08002c44   0x00000070   Code   RO         4179    i.IIC_Read_Byte     myiic.o
    0x08002cb4   0x00000068   Code   RO         4180    i.IIC_Send_Byte     myiic.o
    0x08002d1c   0x0000004c   Code   RO         4181    i.IIC_Start         myiic.o
    0x08002d68   0x0000004c   Code   RO         4182    i.IIC_Stop          myiic.o
    0x08002db4   0x00000064   Code   RO         4183    i.IIC_Wait_Ack      myiic.o
    0x08002e18   0x0000004c   Code   RO         4000    i.MY_ADC_Init       adc.o
    0x08002e64   0x00000004   Code   RO          509    i.MemManage_Handler  stm32f1xx_it.o
    0x08002e68   0x00000050   Code   RO            6    i.Multiple_Read_BH1750  main.o
    0x08002eb8   0x00000002   Code   RO          510    i.NMI_Handler       stm32f1xx_it.o
    0x08002eba   0x00000002   PAD
    0x08002ebc   0x00000010   Code   RO         1048    i.NVIC_GetPriorityGrouping  stm32f1xx_hal_cortex.o
    0x08002ecc   0x00000028   Code   RO         1049    i.NVIC_SetPriority  stm32f1xx_hal_cortex.o
    0x08002ef4   0x00000002   Code   RO          511    i.PendSV_Handler    stm32f1xx_it.o
    0x08002ef6   0x00000002   Code   RO          512    i.SVC_Handler       stm32f1xx_it.o
    0x08002ef8   0x00000022   Code   RO            7    i.Single_Write_BH1750  main.o
    0x08002f1a   0x0000006a   Code   RO         3256    i.Stm32_Clock_Init  sys.o
    0x08002f84   0x00000008   Code   RO          513    i.SysTick_Handler   stm32f1xx_it.o
    0x08002f8c   0x00000058   Code   RO          750    i.SystemInit        system_stm32f1xx.o
    0x08002fe4   0x0000003c   Code   RO         3455    i.TIM2_IRQHandler   timer.o
    0x08003020   0x0000002c   Code   RO         3456    i.TIM2_Init         timer.o
    0x0800304c   0x0000002c   Code   RO         3457    i.TIM3_IRQHandler   timer.o
    0x08003078   0x0000002c   Code   RO         3458    i.TIM3_Init         timer.o
    0x080030a4   0x00000044   Code   RO         4296    i.TIM4_IRQHandler   usmart.o
    0x080030e8   0x00000090   Code   RO         2071    i.TIM_Base_SetConfig  stm32f1xx_hal_tim.o
    0x08003178   0x0000005c   Code   RO         4297    i.Timer4_Init       usmart.o
    0x080031d4   0x00000030   Code   RO         1554    i.UART_EndTransmit_IT  stm32f1xx_hal_uart.o
    0x08003204   0x000000bc   Code   RO         1555    i.UART_Receive_IT   stm32f1xx_hal_uart.o
    0x080032c0   0x000001c8   Code   RO         1556    i.UART_SetConfig    stm32f1xx_hal_uart.o
    0x08003488   0x00000070   Code   RO         1557    i.UART_Transmit_IT  stm32f1xx_hal_uart.o
    0x080034f8   0x000000fa   Code   RO         1558    i.UART_WaitOnFlagUntilTimeout  stm32f1xx_hal_uart.o
    0x080035f2   0x00000002   PAD
    0x080035f4   0x00000020   Code   RO         3301    i.USART1_IRQHandler  usart.o
    0x08003614   0x00000090   Code   RO         3302    i.USART2_IRQHandler  usart.o
    0x080036a4   0x00000020   Code   RO         3303    i.USART3_IRQHandler  usart.o
    0x080036c4   0x00000004   Code   RO          514    i.UsageFault_Handler  stm32f1xx_it.o
    0x080036c8   0x00000058   Code   RO            8    i.WriteToPingmu     main.o
    0x08003720   0x0000000e   Code   RO         4571    i._is_digit         c_w.l(__printf_wp.o)
    0x0800372e   0x00000004   Code   RO         3304    i._sys_exit         usart.o
    0x08003732   0x00000002   PAD
    0x08003734   0x00000040   Code   RO            9    i.baojincheck       main.o
    0x08003774   0x00000040   Code   RO           10    i.chuankou1jisuuan  main.o
    0x080037b4   0x00000034   Code   RO           11    i.chuankou1put      main.o
    0x080037e8   0x00000028   Code   RO           12    i.chuankou1time     main.o
    0x08003810   0x00000014   Code   RO           13    i.chuankou3jisuuan  main.o
    0x08003824   0x00000034   Code   RO           14    i.dealchuankou      main.o
    0x08003858   0x00000070   Code   RO           15    i.dealorder         main.o
    0x080038c8   0x00000014   Code   RO         3212    i.delay_init        delay.o
    0x080038dc   0x00000018   Code   RO         3213    i.delay_ms          delay.o
    0x080038f4   0x00000048   Code   RO         3214    i.delay_us          delay.o
    0x0800393c   0x00000010   Code   RO         4046    i.empty             tongxin.o
    0x0800394c   0x00000028   Code   RO           16    i.exitinit          main.o
    0x08003974   0x0000001c   Code   RO         3307    i.fputc             usart.o
    0x08003990   0x0000004c   Code   RO         3258    i.fuwei             sys.o
    0x080039dc   0x00000022   Code   RO           17    i.getdianzu         main.o
    0x080039fe   0x00000002   PAD
    0x08003a00   0x00000024   Code   RO         4047    i.getemptyindex     tongxin.o
    0x08003a24   0x00000024   Code   RO         4127    i.getemptyindex2    tongxin2.o
    0x08003a48   0x00000050   Code   RO           18    i.getiicguang       main.o
    0x08003a98   0x00000028   Code   RO           19    i.getwendu          main.o
    0x08003ac0   0x00000026   Code   RO           20    i.getzhiandchange   main.o
    0x08003ae6   0x00000002   PAD
    0x08003ae8   0x0000006c   Code   RO           21    i.init              main.o
    0x08003b54   0x0000000c   Code   RO         3564    i.initio            io.o
    0x08003b60   0x000000d8   Code   RO         3565    i.inset             io.o
    0x08003c38   0x00000048   Code   RO           23    i.jiexi             main.o
    0x08003c80   0x00000058   Code   RO           24    i.jisuanwendu       main.o
    0x08003cd8   0x00000074   Code   RO           25    i.jixi2             main.o
    0x08003d4c   0x0000004c   Code   RO           26    i.main              main.o
    0x08003d98   0x0000001e   Code   RO           27    i.myaddstrstr       main.o
    0x08003db6   0x00000010   Code   RO           28    i.mystrlen          main.o
    0x08003dc6   0x0000003c   Code   RO           29    i.mystrstr          main.o
    0x08003e02   0x00000002   PAD
    0x08003e04   0x00000044   Code   RO         3566    i.outset            io.o
    0x08003e48   0x0000004c   Code   RO         4049    i.pop               tongxin.o
    0x08003e94   0x0000005c   Code   RO         4050    i.pop2              tongxin.o
    0x08003ef0   0x00000060   Code   RO         4129    i.pop22             tongxin2.o
    0x08003f50   0x00000016   Code   RO           31    i.print1            main.o
    0x08003f66   0x00000016   Code   RO           33    i.print3            main.o
    0x08003f7c   0x00000064   Code   RO         4051    i.push              tongxin.o
    0x08003fe0   0x00000064   Code   RO         4130    i.push2             tongxin2.o
    0x08004044   0x00000018   Code   RO           35    i.send1             main.o
    0x0800405c   0x00000018   Code   RO           37    i.send3             main.o
    0x08004074   0x00000002   Code   RO           39    i.sendtodiannao     main.o
    0x08004076   0x00000002   PAD
    0x08004078   0x0000000c   Code   RO           40    i.settime           main.o
    0x08004084   0x00000044   Code   RO         4053    i.show              tongxin.o
    0x080040c8   0x00000048   Code   RO           41    i.showcom1          main.o
    0x08004110   0x00000038   Code   RO           42    i.showendu          main.o
    0x08004148   0x00000030   Code   RO           43    i.time02msjisuan    main.o
    0x08004178   0x00000018   Code   RO           44    i.time03msjisuan    main.o
    0x08004190   0x0000009c   Code   RO         3308    i.uart_init         usart.o
    0x0800422c   0x000000b0   Code   RO         4299    i.usmart_cmd_rec    usmart.o
    0x080042dc   0x000002d8   Code   RO         4300    i.usmart_exe        usmart.o
    0x080045b4   0x000000d4   Code   RO         4441    i.usmart_get_aparm  usmart_str.o
    0x08004688   0x00000036   Code   RO         4442    i.usmart_get_cmdname  usmart_str.o
    0x080046be   0x00000002   PAD
    0x080046c0   0x000001c0   Code   RO         4443    i.usmart_get_fname  usmart_str.o
    0x08004880   0x0000010c   Code   RO         4444    i.usmart_get_fparam  usmart_str.o
    0x0800498c   0x00000020   Code   RO         4445    i.usmart_get_parmpos  usmart_str.o
    0x080049ac   0x00000044   Code   RO         4301    i.usmart_get_runtime  usmart.o
    0x080049f0   0x00000028   Code   RO         4302    i.usmart_init       usmart.o
    0x08004a18   0x00000016   Code   RO         4446    i.usmart_pow        usmart_str.o
    0x08004a2e   0x00000002   PAD
    0x08004a30   0x00000034   Code   RO         4303    i.usmart_reset_runtime  usmart.o
    0x08004a64   0x000000bc   Code   RO         4304    i.usmart_scan       usmart.o
    0x08004b20   0x00000016   Code   RO         4447    i.usmart_search_nextc  usmart_str.o
    0x08004b36   0x00000106   Code   RO         4448    i.usmart_str2num    usmart_str.o
    0x08004c3c   0x00000022   Code   RO         4449    i.usmart_strcmp     usmart_str.o
    0x08004c5e   0x00000016   Code   RO         4450    i.usmart_strcopy    usmart_str.o
    0x08004c74   0x00000018   Code   RO         4451    i.usmart_strlen     usmart_str.o
    0x08004c8c   0x000006f4   Code   RO         4305    i.usmart_sys_cmd_exe  usmart.o
    0x08005380   0x00000018   Code   RO         4054    i.xmemcpy           tongxin.o
    0x08005398   0x00000130   Code   RO         3572    i.yout_get          io.o
    0x080054c8   0x000000e8   Code   RO         3573    i.yout_set          io.o
    0x080055b0   0x0000002c   Code   RO         4656    locale$$code        c_w.l(lc_ctype_c.o)
    0x080055dc   0x00000018   Data   RO          751    .constdata          system_stm32f1xx.o
    0x080055f4   0x00000028   Data   RO         4544    .constdata          c_w.l(_printf_hex_int.o)
    0x0800561c   0x00000011   Data   RO         4579    .constdata          c_w.l(__printf_flags_ss_wp.o)
    0x0800562d   0x00000003   PAD
    0x08005630   0x00000028   Data   RO         4308    .conststring        usmart.o
    0x08005658   0x000000d3   Data   RO         4396    .conststring        usmart_config.o
    0x0800572b   0x00000001   PAD
    0x0800572c   0x00000000   Data   RO         4790    Region$$Table       anon$$obj.o
    0x0800572c   0x00000110   Data   RO         4655    locale$$data        c_w.l(lc_ctype_c.o)


    Execution Region RW_IRAM1 (Base: 0x20000000, Size: 0x00001430, Max: 0x00005000, ABSOLUTE)

    Base Addr    Size         Type   Attr      Idx    E Section Name        Object

    0x20000000   0x00000178   Data   RW           46    .data               main.o
    0x20000178   0x00000004   Data   RW          752    .data               system_stm32f1xx.o
    0x2000017c   0x00000004   Data   RW          918    .data               stm32f1xx_hal.o
    0x20000180   0x00000004   Data   RW         3215    .data               delay.o
    0x20000184   0x00000009   Data   RW         3310    .data               usart.o
    0x2000018d   0x00000003   PAD
    0x20000190   0x0000001c   Data   RW         4309    .data               usmart.o
    0x200001ac   0x0000013c   Data   RW         4397    .data               usmart_config.o
    0x200002e8   0x00000640   Zero   RW           45    .bss                main.o
    0x20000928   0x00000188   Zero   RW         3309    .bss                usart.o
    0x20000ab0   0x0000010c   Zero   RW         3463    .bss                timer.o
    0x20000bbc   0x0000003e   Zero   RW         3574    .bss                io.o
    0x20000bfa   0x00000002   PAD
    0x20000bfc   0x00000030   Zero   RW         4001    .bss                adc.o
    0x20000c2c   0x000000f0   Zero   RW         4055    .bss                tongxin.o
    0x20000d1c   0x00000078   Zero   RW         4131    .bss                tongxin2.o
    0x20000d94   0x0000003c   Zero   RW         4307    .bss                usmart.o
    0x20000dd0   0x00000060   Zero   RW         4619    .bss                c_w.l(libspace.o)
    0x20000e30   0x00000200   Zero   RW          890    HEAP                startup_stm32f103xe.o
    0x20001030   0x00000400   Zero   RW          889    STACK               startup_stm32f103xe.o

