C251 COMPILER V5.60.0,  main                                                               19/07/23  01:24:15  PAGE 1   


C251 COMPILER V5.60.0, COMPILATION OF MODULE main
OBJECT MODULE PLACED IN .\Objects\main.obj
COMPILER INVOKED BY: C:\Keil_v5\C251\BIN\C251.EXE main.c LARGE BROWSE DEBUG PRINT(.\Listings\main.lst) TABS(2) OBJECT(.\
                    -Objects\main.obj) 

stmt  level    source

    1          //  @布丁橘长 2023/03/10
    2          //  PWM编码器模式示例，本示例程序编码器模式1/2/3均支持，SMCR = 1：模式1，SMCR = 2:模式2，SMCR = 3：模式3
    3          //  EC11左旋或右旋，改变数码管亮度
    4          //  EC11引脚定义：A相-P1.0，B相-P5.4
    5          //  MAX7219数码管模块引脚定义：CS = P6^5;DIN = P6^6;CLK = P6^4;（可在MAX7219.h中修改）
    6          //  实验开发板：屠龙刀三.1 @主频12MHz
    7          
    8          
    9          
   10          
   11          
   12          
   13          
   14          
   15          #include <string.h>
   16          #include "stc32g.h"
   17          #include "config.h"
   18          
   19          
   20          #include <stdio.h>
   21          #include <stdarg.h>
   22          #include <stdio.h>
   23          
   24          #include <stdlib.h>
   25          
   26          void SYS_Ini();   // STC32初始化设置
   27          void EC11_Handle(); // EC11数据处理
   28                    // 数码管显示
   29          void PWM_Config(); // PWM初始化设置
   30          
   31          u8 cnt_H, cnt_L;   // 计数值高8位、低8位
   32          u16 count, newcount; // 当前计数值、上次计数值
   33                     // 亮度计数值
   34          
   35          void UartInit(void) // 115200@24.000MHz
   36          {
   37   1        SCON = 0x50;  // 8位数据,可变波特率
   38   1        AUXR |= 0x01; // 串口1选择定时器2为波特率发生器
   39   1        AUXR |= 0x04; // 定时器时钟1T模式
   40   1        T2L = 0xCC;   // 设置定时初始值
   41   1        T2H = 0xFF;   // 设置定时初始值
   42   1        AUXR |= 0x10; // 定时器2开始计时
   43   1        ES = 1;
   44   1        //  ES=0;//关闭串口0中断
   45   1        EA = 1;
   46   1      }
   47          
   48          void SYS_Ini() // STC32初始化设置
   49          {
   50   1        EAXFR = 1;    // 使能访问 XFR
   51   1        CKCON = 0x00; // 设置外部数据总线速度为最快
   52   1        WTST = 0x00;  // 设置程序代码等待参数，赋值为 0 可将 CPU 执行程序的速度设置为最快
   53   1        P0M1 = 0x00;
   54   1        P0M0 = 0x00; // 设置P0口为准双向口模式 //00：准双向口 01：推挽输出 10：高阻输入 11：开漏输出
   55   1        P1M1 = 0x00;
   56   1        P1M0 = 0x00; // 设置P1口为准双向口模式 //00：准双向口 01：推挽输出 10：高阻输入 11：开漏输出
   57   1        P2M1 = 0x00;
   58   1        P2M0 = 0x00; // 设置P2口为准双向口模式 //00：准双向口 01：推挽输出 10：高阻输入 11：开漏输出
C251 COMPILER V5.60.0,  main                                                               19/07/23  01:24:15  PAGE 2   

   59   1        P3M1 = 0x00;
   60   1        P3M0 = 0x00; // 设置P3口为准双向口模式 //00：准双向口 01：推挽输出 10：高阻输入 11：开漏输出
   61   1        P4M1 = 0x00;
   62   1        P4M0 = 0x00; // 设置P4口为准双向口模式 //00：准双向口 01：推挽输出 10：高阻输入 11：开漏输出
   63   1        P5M1 = 0x00;
   64   1        P5M0 = 0x00; // 设置P5口为准双向口模式 //00：准双向口 01：推挽输出 10：高阻输入 11：开漏输出
   65   1        P6M1 = 0x00;
   66   1        P6M0 = 0x00; // 设置P6口为准双向口模式 //00：准双向口 01：推挽输出 10：高阻输入 11：开漏输出
   67   1        P7M1 = 0x00;
   68   1        P7M0 = 0x00; // 设置P7口为准双向口模式 //00：准双向口 01：推挽输出 10：高阻输入 11：开漏输出
   69   1      }
   70          
   71          void sendbyte1(unsigned char ch)
   72          {
   73   1        int i;
   74   1        // EA=0;
   75   1        TI = 0; // 清零串口发送完成中断请求标志
   76   1        SBUF = ch;
   77   1        while (TI == 0) // 等待发送完成
   78   1        {
   79   2          for (i = 0; i < 2000; i++)
   80   2          {
   81   3            if (TI)
   82   3              break;
   83   3          }
   84   2          break;
   85   2        }
   86   1        EA = 1;
   87   1      }
   88          char putchar(char dat)
   89          {
   90   1        // Delay1us();
   91   1        sendbyte1(dat);
   92   1        return (dat);
   93   1      }
   94          
   95          void Delay100ms() //@24.000MHz
   96          {
   97   1        unsigned long i;
   98   1      
   99   1        _nop_();
  100   1        _nop_();
  101   1        i = 599998UL;
  102   1        while (i)
  103   1          i--;
  104   1      }
  105          // 定义printf函数
  106          void printf1(const char *fmt, ...)
  107          {
  108   1        char *p;
  109   1        char buf[128]; // 定义一个缓冲区，足够存储输出的字符串
  110   1        va_list args;
  111   1        va_start(args, fmt);
  112   1        vsprintf(buf, fmt, args); // 将格式化的字符串写入缓冲区
  113   1        va_end(args);
  114   1      
  115   1        p = (unsigned char *)buf;
  116   1        while (*p != '\0')
  117   1        {
  118   2          sendbyte1(*p);
  119   2          p++;
  120   2        }
  121   1      }
  122          char code duanzhi[] = {0x3f, 0x06, 0x5b, 0x4f, 0x66, 0x6d, 0x7d, 0x07, 0x7f, 0x6f, 0x77, 0x7c, 0x39, 0x5e
             -, 0x79, 0x71, 0x76, 0x00, 0x40, 0xff};
  123          
C251 COMPILER V5.60.0,  main                                                               19/07/23  01:24:15  PAGE 3   

  124          sbit led4 = P4 ^ 3;
  125          sbit led3 = P4 ^ 4;
  126          sbit led2 = P2 ^ 0;
  127          sbit led1 = P2 ^ 1;
  128          #define Y0 led1
  129          #define Y1 led2
  130          #define Y2 led3
  131          #define Y3 led4
  132          
  133          char yout_set(char weizhi, char zhi)
  134          {
  135   1        if (weizhi == 0)
  136   1          Y0 = zhi;
  137   1        if (weizhi == 1)
  138   1          Y1 = zhi;
  139   1        if (weizhi == 2)
  140   1          Y2 = zhi;
  141   1        if (weizhi == 3)
  142   1          Y3 = zhi;
  143   1        // if(weizhi==4)Y4=zhi;
  144   1        // if(weizhi==5)Y5=zhi;
  145   1        return (0);
  146   1      }
  147          void yout_closeall()
  148          {
  149   1        char i;
  150   1        for (i = 0; i < 4; i++)
  151   1        {
  152   2          yout_set(i, 1);
  153   2        }
  154   1      }
  155          void Delay10us() //@24.000MHz
  156          {
  157   1        unsigned long i;
  158   1      
  159   1        _nop_();
  160   1        _nop_();
  161   1        _nop_();
  162   1        i = 58UL;
  163   1        while (i)
  164   1          i--;
  165   1      }
  166          void delay10x(int i)
  167          {
  168   1        while (i-- > 0)
  169   1        {
  170   2          Delay10us();
  171   2        }
  172   1      }
  173          void showpre(int num)
  174          {
  175   1        int i;
  176   1        int a[4];
  177   1        a[0] = num % 10000 / 1000;
  178   1        a[1] = num % 1000 / 100;
  179   1      
  180   1        a[2] = num % 100 / 10;
  181   1        a[3] = num % 10;
  182   1      
  183   1        for (i = 0; i < 4; i++)
  184   1        {
  185   2          yout_closeall();
  186   2          yout_set(i, 0);
*** WARNING C188 IN LINE 186 OF main.c: 'parameter 1': value truncated
  187   2          P0 = ~duanzhi[a[i]];
  188   2          Delay10us();
C251 COMPILER V5.60.0,  main                                                               19/07/23  01:24:15  PAGE 4   

  189   2          yout_closeall();
  190   2          P0 = 0xff;
  191   2          Delay10us();
  192   2        }
  193   1      }
  194          
  195          void testmain()
  196          {
  197   1        int a, b;
  198   1        int times = 0;
  199   1      }
*** WARNING C47 IN LINE 197 OF main.c: 'a': unreferenced local variable
*** WARNING C47 IN LINE 197 OF main.c: 'b': unreferenced local variable
  200          void Timer0Init(void) // 0.5ms @24.000MHz
  201          {
  202   1      
  203   1        AUXR |= 0x80; // 定时器时钟1T模式
  204   1        TMOD &= 0xF0; // 设置定时器模式
  205   1        TL0 = 0x40;   // 设置定时初始值
  206   1        TH0 = 0xA2;   // 设置定时初始值
  207   1        TF0 = 0;    // 清除TF0标志
  208   1        TR0 = 1;    // 定时器0开始计时
  209   1      
  210   1        TF0 = 0; // 清除TF0标志
  211   1        PT0 = 1;
  212   1        ET0 = 1;
  213   1        TR0 = 1; // 定时器0开始计时
  214   1        EA = 1;
  215   1      }
  216          
  217          void dealchuankou();
  218          int gsetzhi = 1234;
  219          
  220          
  221          
  222          
  223          
  224          
  225          
  226          char* mystrstr(const char* haystack, const char* needle) {
  227   1          if (*needle == '\0') {
  228   2              return (char*)haystack;
  229   2          }
  230   1      
  231   1          while (*haystack != '\0') {
  232   2              const char* h = haystack;
  233   2              const char* n = needle;
  234   2      
  235   2              while (*n != '\0' && *h == *n) {
  236   3                  h++;
  237   3                  n++;
  238   3              }
  239   2      
  240   2              if (*n == '\0') {
  241   3                  return (char*)haystack; // 子串匹配成功，返回起始位置
  242   3              }
  243   2      
  244   2              haystack++;
  245   2          }
  246   1      
  247   1          return NULL; // 未找到子串，返回NULL
  248   1      }
  249          size_t mystrlen(const char* str) {
  250   1          size_t length = 0;
  251   1          while (str[length] != '\0') {
  252   2              length++;
C251 COMPILER V5.60.0,  main                                                               19/07/23  01:24:15  PAGE 5   

  253   2          }
  254   1          return length;
  255   1      }
  256          
  257          char* myaddstrstr(const char* haystack, const char* needle)
  258          { 
  259   1        char* result = mystrstr(haystack, needle);
  260   1         if (result != NULL)
  261   1         {
  262   2          result=result+mystrlen(needle);
  263   2         }
  264   1         return result;
  265   1      }
  266          
  267          #define MAX_REGISTERS 10 // 设置最大寄存器数量
  268          
  269          struct Register
  270          {
  271            unsigned int num;
  272            unsigned int value;
  273          };
  274          struct Register registers[MAX_REGISTERS];
  275          int numRegisters = 0;
  276          void showgetzhi()
  277          {
  278   1        unsigned char i;
  279   1        if (i == 0)
  280   1        {
  281   2          printf1("Register not get");
  282   2        }
  283   1        // 遍历并打印所有寄存器的值
  284   1        for (i = 0; i < numRegisters; i++)
  285   1        {
  286   2          printf1("Register %d: %d\n", registers[i].num, registers[i].value);
  287   2        }
  288   1      }
  289          void jixi2(char* input)
  290          {
  291   1        char *p=input;
  292   1        char *p1;
  293   1        int i;
  294   1        numRegisters=0;
  295   1        //1234-2234;333-4;end
  296   1        for( i=0;i<100;i++)
  297   1        {
  298   2          p1=myaddstrstr(p,";"); //找有没有下一个的
  299   2          if(p1==NULL)
  300   2          {
  301   3            break;
  302   3          }
  303   2          registers[numRegisters].num = atoi(p);
  304   2          p=myaddstrstr(p,"-");
  305   2          registers[numRegisters].value = atoi(p);
  306   2          numRegisters++;
  307   2          p=myaddstrstr(p,";");  //指向下一个后面
  308   2        }
  309   1        showgetzhi();
  310   1      }
  311          void jiexi(char* input)
  312          {
  313   1        char par[500]={0};
  314   1        char *begin,end;
  315   1        begin=myaddstrstr(input,"set;");
  316   1        // printf1("input begin%s",begin);
  317   1        end=myaddstrstr(begin,"end");
*** WARNING C161 IN LINE 317 OF main.c: 'far' pointer truncated to 'char'
C251 COMPILER V5.60.0,  main                                                               19/07/23  01:24:15  PAGE 6   

*** WARNING C10 IN LINE 317 OF main.c: conversion: 'pointer' to 'char'
  318   1        // printf1("input end%s",end);
  319   1        if(begin!=NULL && end!=NULL)
*** WARNING C40 IN LINE 319 OF main.c: 'char' converted to 'far' pointer
  320   1        {
  321   2          strcpy(par,begin);
  322   2          jixi2(par);
  323   2        }
  324   1        
  325   1      
  326   1      }
  327          int mainxx() {
  328   1      
  329   1        const char* haystack = "set;1234-2234;333-4;end";
  330   1        jiexi(haystack);
  331   1        return 0;
  332   1      }
  333          
  334          
  335          int mainxx2() {
  336   1          const char* haystack = "Hello, world!";
  337   1          const char* needle = "world";
  338   1          char* result = mystrstr(haystack, needle);
  339   1      
  340   1          if (result != NULL) {
  341   2              printf("'%s' found in '%s' at index %ld\n", needle, haystack, result - haystack);
  342   2          } else {
  343   2              printf("'%s' not found in '%s'\n", needle, haystack);
  344   2          }
  345   1      
  346   1          return 0;
  347   1      }
  348          
  349          
  350          int mainxxx() {
  351   1          const char* str = "Hello, world!";
  352   1          size_t length = mystrlen(str);
  353   1          printf("Length of '%s' is %d\n", str, length);
  354   1          return 0;
  355   1      }
  356          
  357          
  358          void main(void)
  359          {
  360   1      
  361   1        SYS_Ini();    // STC32初始化设置
  362   1        PWM_Config(); // PWM初始化设置
  363   1        EA = 1;     // 使能EA总中断
  364   1      
  365   1        UartInit();
  366   1        printf1("system is ok");
  367   1        Timer0Init();
  368   1        mainxx();
  369   1        while (1)
  370   1        {
  371   2          showpre(gsetzhi);
  372   2          dealchuankou();
  373   2        }
  374   1      }
  375          
  376          void PWM_ISR() interrupt 26
  377          {
  378   1        if (PWMA_SR1 & 0X02) // 当捕获中断标志置1
  379   1        {
  380   2          cnt_H = PWMA_CCR1H; // 读取计数值高8位
  381   2          cnt_L = PWMA_CCR1L; // 读取计数值低8位
C251 COMPILER V5.60.0,  main                                                               19/07/23  01:24:15  PAGE 7   

  382   2          PWMA_SR1 &= ~0X02;  // 清零捕获中断标志
  383   2          EC11_Handle();    // 处理EC11数据
  384   2        }
  385   1      }
  386          void PWM_Config() // PWM初始化设置
  387          {
  388   1        PWMA_CCER1 = 0x00; // 关闭通道
  389   1        PWMA_CCMR1 = 0xA1; // 通道模式配置为输入，接编码器 , 滤波器 80 时钟
  390   1        PWMA_CCMR2 = 0xA1; // 通道模式配置为输入，接编码器 , 滤波器 80 时钟
  391   1        PWMA_CCER1 = 0x55; // 使能捕获/比较通道1、通道2
  392   1      
  393   1        //  PWMA_SMCR = 0x01;         // 编码器模式 1
  394   1        //  PWMA_SMCR = 0x02;         // 编码器模式 2
  395   1        PWMA_SMCR = 0x03; // 编码器模式 3
  396   1      
  397   1        PWMA_IER = 0x02;  // 使能中断
  398   1        PWMA_CR1 |= 0x01; // 使能计数器
  399   1        PWMA_PS |= 0x04;  // 选择 PWM2_2 通道
  400   1      }
  401          
  402          // 返回变化的步数
  403          long calculateChange(unsigned int previous, unsigned int current)
  404          {
  405   1        long diff = (current - previous + 65536) % 65536;
*** WARNING C188 IN LINE 405 OF main.c: 'initialization': value truncated
  406   1        return diff;
  407   1      }
  408          
  409          char buf3[500];
  410          char flag3 = 0;
  411          int weishu3;
  412          int timeleft1, timeleft2, timeleft3, timeleft4;
  413          void chuankou1put(char c)
  414          {
  415   1        buf3[weishu3++] = c;
  416   1        if (weishu3 > sizeof(buf3) - 3)
  417   1          weishu3 = 0;
  418   1        timeleft3 = 3;
  419   1      }
  420          void chuankou1time()
  421          {
  422   1        if (timeleft3 > 0)
  423   1        {
  424   2          timeleft3--;
  425   2          if (timeleft3 == 0) // 数据一次收完了.
  426   2          {
  427   3            flag3 = 1;
  428   3          }
  429   2        }
  430   1      }
  431          void UARTInterrupt(void) interrupt 4
  432          {
  433   1        unsigned char ans;
  434   1        if (RI)
  435   1        {
  436   2          RI = 0;
  437   2          ans = SBUF;
  438   2          chuankou1put(ans);
  439   2          IAP_CONTR=0x60;
  440   2        }
  441   1        else
  442   1        {
  443   2          TI = 0;
  444   2          
  445   2        }
  446   1        if (TI) // 发送中断..
C251 COMPILER V5.60.0,  main                                                               19/07/23  01:24:15  PAGE 8   

  447   1        {
  448   2          TI = 0;
  449   2        }
  450   1      }
  451          
  452          void Timer0() interrupt 1
  453          {
  454   1        gsetzhi++;
  455   1        chuankou1time();
  456   1      }
  457          void EC11_Handle() // EC11数据处理函数
  458          {
  459   1        static unsigned int previous = 0;
  460   1        unsigned int nowzhi;
  461   1        long ans;
  462   1        nowzhi = cnt_H * 256 + cnt_L; // 读取当前计数值
  463   1        ans = calculateChange(previous, nowzhi);
  464   1        previous = nowzhi;
  465   1        if (ans == 4)
  466   1        {
  467   2          gsetzhi++;
  468   2        }
  469   1        else
  470   1        {
  471   2          gsetzhi--;
  472   2        }
  473   1      }
  474          
  475          // #define MAX_REGISTERS 10 // 设置最大寄存器数量
  476          
  477          // struct Register
  478          // {
  479          //  unsigned char num;
  480          //  unsigned int value;
  481          // };
  482          
  483          // struct Register registers[MAX_REGISTERS];
  484          // int numRegisters = 0;
  485          
  486          // void setRegisterValue(const char* data) {
  487          //     unsigned char* delimiterPos = strchr(data, '-');
  488          //     if (delimiterPos != NULL) {
  489          //         unsigned char registerNum = *(delimiterPos - 1) - '0';
  490          //         unsigned int value = atoi(delimiterPos + 1);
  491          
  492          //         if (numRegisters < MAX_REGISTERS) {
  493          //             registers[numRegisters].num = registerNum;
  494          //             registers[numRegisters].value = value;
  495          //             numRegisters++;
  496          //         } else {
  497          //             printf("Max number of registers reached.\n");
  498          //         }
  499          //     }
  500          // }
  501          
  502          // void processReceivedData(const char* receivedData) {
  503          //     char* dataCopy = strdup(receivedData);
  504          //     char* token = my_strtok(dataCopy, ",");
  505          //     while (token != NULL) {
  506          //         setRegisterValue(token);
  507          //         token = my_strtok(NULL, ",");
  508          //     }
  509          //     free(dataCopy);
  510          // }
  511          // void showgetzhi()
  512          // {
C251 COMPILER V5.60.0,  main                                                               19/07/23  01:24:15  PAGE 9   

  513          //  unsigned char i;
  514          //  if (i == 0)
  515          //  {
  516          //    printf1("Register not get");
  517          //  }
  518          //  // 遍历并打印所有寄存器的值
  519          //  for (i = 0; i < numRegisters; i++)
  520          //  {
  521          //    printf1("Register %d: %d\n", registers[i].num, registers[i].value);
  522          //  }
  523          // }
  524          int step=0;
  525          void showstep(const char *s)
  526          {
  527   1        printf1("%s\n",s);
  528   1      }
  529          char* my_strstr(const char* haystack, const char* needle) {
  530   1          if (*needle == '\0') {
  531   2              return (char*) haystack;
  532   2          }
  533   1      
  534   1          while (*haystack != '\0') {
  535   2              const char* h = haystack;
  536   2              const char* n = needle;
  537   2      
  538   2              while (*h == *n && *n != '\0') {
  539   3                  h++;
  540   3                  n++;
  541   3              }
  542   2      
  543   2              if (*n == '\0') {
  544   3                  return (char*) haystack;
  545   3              }
  546   2      
  547   2              haystack++;
  548   2          }
  549   1      
  550   1          return NULL;
  551   1      }
  552          
  553          void dealbuf3()
  554          {
  555   1        char *receiveData = buf3;
  556   1        unsigned char *headerPos = my_strstr(receiveData, "set:");
  557   1        unsigned char *footerPos = my_strstr(receiveData, "end");
  558   1        printf1("dealbuf3");
  559   1        if (headerPos != NULL && footerPos != NULL && footerPos > headerPos)
  560   1        {
  561   2          unsigned char *dataStart = headerPos + 4;
  562   2          unsigned char *dataEnd = footerPos;
  563   2      
  564   2          // 分离出有效的数据部分
  565   2          *dataEnd = '\0';
  566   2      
  567   2          // 处理有效的数据部分
  568   2          // setRegisterValue(dataStart);
  569   2          printf1("dealbuf4");
  570   2        }
  571   1        // showgetzhi();
  572   1      }
  573          void dealchuankou()
  574          {
  575   1        if (flag3 == 1)
  576   1        {
  577   2          flag3 = 0;
  578   2          printf1("rec%s", buf3);
C251 COMPILER V5.60.0,  main                                                               19/07/23  01:24:15  PAGE 10  

  579   2          dealbuf3();
  580   2          memset(buf3, 0, sizeof(buf3));
  581   2          weishu3 = 0;
  582   2        }
  583   1      }
  584          
  585          // 写个函数，传入两个非负数，计算是前进还是后退了，变化规律 15,16,0,1,2...15,16


Module Information          Static   Overlayable
------------------------------------------------
  code size            =      1958     ------
  ecode size           =    ------     ------
  data size            =    ------     ------
  idata size           =    ------     ------
  pdata size           =    ------     ------
  xdata size           =       565        698
  xdata-const size     =    ------     ------
  edata size           =    ------     ------
  bit size             =    ------     ------
  ebit size            =    ------     ------
  bitaddressable size  =    ------     ------
  ebitaddressable size =    ------     ------
  far data size        =    ------     ------
  huge data size       =    ------     ------
  const size           =    ------     ------
  hconst size          =       750     ------
End of Module Information.


C251 COMPILATION COMPLETE.  7 WARNING(S),  0 ERROR(S)
