L251 LINKER/LOCATER V4.66.93.0                                                          07/28/2023  08:35:14  PAGE 1


L251 LINKER/LOCATER V4.66.93.0, INVOKED BY:
D:\KEILC251\C251\BIN\L251.EXE .\Objects\main.obj, .\Objects\lcd.obj TO .\Objects\PWM1 PRINT (.\Listings\PWM1.map) CASE R
>> EMOVEUNUSED CLASSES (EDATA (0X0-0XFFF), HDATA (0X0-0XFFF))


CPU MODE:     251 SOURCE MODE
INTR FRAME:   4 BYTES SAVED ON INTERRUPT
MEMORY MODEL: XSMALL WITH FLOATING POINT ARITHMETIC


INPUT MODULES INCLUDED:
  .\Objects\main.obj (main)
         COMMENT TYPE 0: C251 V5.60.0
  .\Objects\lcd.obj (lcd)
         COMMENT TYPE 0: C251 V5.60.0
  D:\KEILC251\C251\LIB\C2SFPXS.LIB (?C?FPMUL)
         COMMENT TYPE 0: A251 V4.69.6.0
  D:\KEILC251\C251\LIB\C2SFPXS.LIB (?C?CASTF)
         COMMENT TYPE 0: A251 V4.69.6.0
  D:\KEILC251\C251\LIB\C2SFPXS.LIB (PRINTF)
         COMMENT TYPE 0: A251 V4.69.6.0
  D:\KEILC251\C251\LIB\C2SFPXS.LIB (SPRINTF)
         COMMENT TYPE 0: A251 V4.69.6.0
  D:\KEILC251\C251\LIB\C2SFPXS.LIB (?C?FPGETOPN)
         COMMENT TYPE 0: A251 V4.69.6.0
  D:\KEILC251\C251\LIB\C2SFPXS.LIB (?C?PRNFMT)
         COMMENT TYPE 0: A251 V4.69.6.0
  D:\KEILC251\C251\LIB\C2SFPXS.LIB (?C?FPCONVERT)
         COMMENT TYPE 0: A251 V4.69.6.0
  D:\KEILC251\C251\LIB\C2SFPXS.LIB (?C?FPDIV)
         COMMENT TYPE 0: A251 V4.69.6.0
  D:\KEILC251\C251\LIB\C2SFPXS.LIB (?C?FTNPWR)
         COMMENT TYPE 0: A251 V4.69.6.0
  D:\KEILC251\C251\LIB\C2SXS.LIB (?C_START)
         COMMENT TYPE 0: A251 V4.69.6.0
  D:\KEILC251\C251\LIB\C2SXS.LIB (?C?INITEDATA)
         COMMENT TYPE 0: A251 V4.69.6.0
  D:\KEILC251\C251\LIB\C2SXS.LIB (?C?SIDIV)
         COMMENT TYPE 0: A251 V4.69.6.0
  D:\KEILC251\C251\LIB\C2SXS.LIB (?C?LMUL)
         COMMENT TYPE 0: A251 V4.69.6.0
  D:\KEILC251\C251\LIB\C2SXS.LIB (?C?ULDIV)
         COMMENT TYPE 0: A251 V4.69.6.0
  D:\KEILC251\C251\LIB\C2SXS.LIB (?C?BMOVENP)
         COMMENT TYPE 0: A251 V4.69.6.0
  D:\KEILC251\C251\LIB\C2SXS.LIB (memset)
         COMMENT TYPE 0: C251 V5.58.7
  D:\KEILC251\C251\LIB\C2SXS.LIB (?C?INITEDATA_END)
         COMMENT TYPE 0: A251 V4.69.6.0


ACTIVE MEMORY CLASSES OF MODULE:  .\Objects\PWM1 (main)

BASE        START       END         USED      MEMORY CLASS
==========================================================
000000H     000000H     000FFFH     00038BH   EDATA
000000H     000000H     000FFFH               HDATA
000000H     FF0000H     FFFFFFH     00022BH   HCONST
FF0000H     FF0000H     FFFFFFH     004931H   CODE
000020H.0   000020H.0   00002FH.7   000000H.1 BIT
FF0000H     FF0000H     FFFFFFH     000004H   CONST
000000H     000000H     00007FH     000008H   DATA


MEMORY MAP OF MODULE:  .\Objects\PWM1 (main)

L251 LINKER/LOCATER V4.66.93.0                                                        07/28/2023  08:35:14  PAGE 2



START     STOP      LENGTH    ALIGN  RELOC    MEMORY CLASS   SEGMENT NAME
=========================================================================
000000H   000007H   000008H   ---    AT..     DATA           "REG BANK 0"
000008H   000019H   000012H   BYTE   UNIT     EDATA          ?ED?LCD_DRAWLINE?LCD
00001AH   00001BH   000002H   BYTE   UNIT     EDATA          ?ED?LCD
00001CH.0 00001FH.7 000004H.0 ---    ---      **GAP**
000020H.0 000020H.0 000000H.1 BIT    UNIT     BIT            ?BI?MAIN
000020H.1 000020H   000000H.7 ---    ---      **GAP**
000021H   0001D8H   0001B8H   BYTE   UNIT     EDATA          ?ED?MAIN
0001D9H   000297H   0000BFH   BYTE   UNIT     EDATA          _EDATA_GROUP_
000298H   000397H   000100H   BYTE   UNIT     EDATA          ?STACK
000398H   FEFFFFH   FEFC68H   ---    ---      **GAP**
FF0000H   FF0002H   000003H   ---    OFFS..   CODE           ?CO?start251?4
FF0003H   FF0009H   000007H   BYTE   INSEG    CODE           ?PR?GETWENDU?MAIN
FF000AH   FF000AH   000001H   BYTE   INSEG    CODE           ?PR?CHULIGUANKJI?MAIN
FF000BH   FF000DH   000003H   ---    OFFS..   CODE           ?PR?IV?1
FF000EH   FF0021H   000014H   BYTE   INSEG    CODE           ?PR?DELAY_MS?LCD
FF0022H   FF0022H   000001H   BYTE   INSEG    CODE           ?PR?SHOWNOW?MAIN
FF0023H   FF0025H   000003H   ---    OFFS..   CODE           ?PR?IV?4
FF0026H   FF3419H   0033F4H   BYTE   UNIT     CODE           ?CO?LCD
FF341AH   FF3C7BH   000862H   BYTE   UNIT     CODE           ?C?LIB_CODE
FF3C7CH   FF3E54H   0001D9H   BYTE   INSEG    CODE           ?PR?LCD_INIT?LCD
FF3E55H   FF4002H   0001AEH   BYTE   INSEG    CODE           ?PR?LCD_SHOWCHAR?LCD
FF4003H   FF4100H   0000FEH   BYTE   INSEG    CODE           ?PR?LCD_DRAWLINE?LCD
FF4101H   FF41DDH   0000DDH   BYTE   INSEG    CODE           ?PR?KEYDOWN?MAIN
FF41DEH   FF4284H   0000A7H   BYTE   INSEG    CODE           ?PR?SHOWHENXIANG?MAIN
FF4285H   FF42F9H   000075H   BYTE   INSEG    CODE           ?PR?INIT?MAIN
FF42FAH   FF435CH   000063H   BYTE   INSEG    CODE           ?PR?SHOWJINDTIAO?MAIN
FF435DH   FF43BFH   000063H   BYTE   INSEG    CODE           ?PR?SHURULVBO?MAIN
FF43C0H   FF4416H   000057H   BYTE   INSEG    CODE           ?PR?KEYALLCHULI?MAIN
FF4417H   FF4468H   000052H   BYTE   INSEG    CODE           ?PR?LCD_SHOWSTRING?LCD
FF4469H   FF44B9H   000051H   BYTE   INSEG    CODE           ?PR?SHOWNWENDU?MAIN
FF44BAH   FF4504H   00004BH   BYTE   INSEG    CODE           ?PR?LCD_SETAREA?LCD
FF4505H   FF454CH   000048H   BYTE   INSEG    CODE           ?PR?SETZHICHANGE?MAIN
FF454DH   FF4592H   000046H   BYTE   INSEG    CODE           ?PR?MAIN?MAIN
FF4593H   FF45D4H   000042H   BYTE   INSEG    CODE           ?PR?DOLONGTIMES?MAIN
FF45D5H   FF4616H   000042H   BYTE   INSEG    CODE           ?PR?SAMPLE_LAMP?LCD
FF4617H   FF4629H   000013H   BYTE   UNIT     CODE           ?C_C51STARTUP
FF462AH   FF4652H   000029H   BYTE   UNIT     CODE           ?C_C51STARTUP?2
FF4653H   FF4655H   000003H   BYTE   UNIT     CODE           ?C_C51STARTUP?3
FF4656H   FF4693H   00003EH   BYTE   INSEG    CODE           ?PR?SHOWSETZHI?MAIN
FF4694H   FF46D1H   00003EH   BYTE   INSEG    CODE           ?PR?LCD_CLEAR?LCD
FF46D2H   FF46FFH   00002EH   BYTE   INSEG    CODE           ?PR?YOUT_SET?MAIN
FF4700H   FF4728H   000029H   BYTE   INSEG    CODE           ?PR?CHUANKOU1PUT?MAIN
FF4729H   FF474FH   000027H   BYTE   INSEG    CODE           ?PR?SETBIZHI?MAIN
FF4750H   FF4771H   000022H   BYTE   INSEG    CODE           ?PR?CHUANKOU1TIME?MAIN
FF4772H   FF4792H   000021H   BYTE   INSEG    CODE           ?PR?WRITEDIZHI?MAIN
FF4793H   FF47B0H   00001EH   BYTE   INSEG    CODE           ?PR?UARTINIT?MAIN
FF47B1H   FF47CDH   00001DH   BYTE   INSEG    CODE           ?PR?READZHI?MAIN
FF47CEH   FF47EAH   00001DH   BYTE   INSEG    CODE           ?PR?SPI_RW?LCD
FF47EBH   FF4805H   00001BH   BYTE   INSEG    CODE           ?PR?LEDCLOSE?MAIN
FF4806H   FF481FH   00001AH   BYTE   INSEG    CODE           ?PR?LEDOPEN?MAIN
FF4820H   FF4839H   00001AH   BYTE   INSEG    CODE           ?PR?MEMSET?_?MEMSET
FF483AH   FF4852H   000019H   BYTE   INSEG    CODE           ?PR?TIMER0INIT?MAIN
FF4853H   FF486AH   000018H   BYTE   INSEG    CODE           ?PR?CLEARBUFF1?MAIN
FF486BH   FF4881H   000017H   BYTE   INSEG    CODE           ?PR?UARTISR?MAIN
FF4882H   FF4898H   000017H   BYTE   INSEG    CODE           ?PR?READDIANLIUZHI?MAIN
FF4899H   FF48AFH   000017H   BYTE   INSEG    CODE           ?PR?LCDWIRTECOLORDATA?LCD
FF48B0H   FF48C2H   000013H   BYTE   INSEG    CODE           ?PR?LCD_DRAWPOINT?LCD
FF48C3H   FF48D2H   000010H   BYTE   INSEG    CODE           ?PR?TM0_ISR?MAIN
FF48D3H   FF48E2H   000010H   BYTE   INSEG    CODE           ?PR?SHOWDATA?MAIN
FF48E3H   FF48F2H   000010H   BYTE   INSEG    CODE           ?PR?PUTCHAR?MAIN
FF48F3H   FF48FEH   00000CH   BYTE   INSEG    CODE           ?PR?UARTSENDBYTE?MAIN
FF48FFH   FF490AH   00000CH   BYTE   INSEG    CODE           ?PR?DELAY1MS?LCD
L251 LINKER/LOCATER V4.66.93.0                                                        07/28/2023  08:35:14  PAGE 3


FF490BH   FF4914H   00000AH   BYTE   INSEG    CODE           ?PR?LCD_CD_DATA?LCD
FF4915H   FF491EH   00000AH   BYTE   INSEG    CODE           ?PR?LCD_CD_REG?LCD
FF491FH   FF4927H   000009H   BYTE   INSEG    CODE           ?PR?SETDIANLIU?MAIN
FF4928H   FF492AH   000003H   BYTE   INSEG    CODE           ?PR?LCD_ADDRESS_SET?LCD
FF492BH   FF492DH   000003H   BYTE   INSEG    CODE           ?PR?LCD_WR_DATA8?LCD
FF492EH   FF4930H   000003H   BYTE   INSEG    CODE           ?PR?LCD_WR_DATA?LCD
FF4931H   FF4934H   000004H   BYTE   UNIT     CONST          ?CO?PRINTF
FF4935H   FF4A93H   00015FH   BYTE   UNIT     HCONST         ?HC?MAIN
FF4A94H   FF4B5FH   0000CCH   BYTE   UNIT     HCONST         ?C_INITEDATA

* * * * * * * * *   R E M O V E D     S E G M E N T S   * * * * * * * *
   *DEL*:           000016H   BYTE   INSEG    CODE           ?PR?UART2SENDSTR?MAIN
   *DEL*:           000074H   BYTE   INSEG    CODE           ?PR?PINGMUCLEAR?MAIN
   *DEL*:           00000BH   BYTE   INSEG    CODE           ?PR?UART2SEND?MAIN
   *DEL*:           000016H   BYTE   INSEG    CODE           ?PR?UARTSENDSTR?MAIN
   *DEL*:           000012H   BYTE   INSEG    CODE           ?PR?UART2INIT?MAIN
   *DEL*:           00003CH   BYTE   UNIT     EDATA          ?ED?PINGMUCLEAR?MAIN
   *DEL*:           000003H   BYTE   INSEG    CODE           ?PR?LCD_WR_REG?LCD
   *DEL*:           0000ECH   BYTE   INSEG    CODE           ?PR?LCD_SHOWFLOATNUM1?LCD
   *DEL*:           0000DBH   BYTE   INSEG    CODE           ?PR?LCD_SHOWINTNUM?LCD
   *DEL*:           000085H   BYTE   INSEG    CODE           ?PR?LCD_SHOWPICTURE?LCD
   *DEL*:           00004FH   BYTE   INSEG    CODE           ?PR?LCD_FILL?LCD
   *DEL*:           00001AH   BYTE   INSEG    CODE           ?PR?MYPOW?LCD
   *DEL*:           0000F1H   BYTE   INSEG    CODE           ?PR?DRAW_CIRCLE?LCD
   *DEL*:           000067H   BYTE   INSEG    CODE           ?PR?LCD_DRAWRECTANGLE?LCD
   *DEL*:           00000AH   BYTE   UNIT     EDATA          ?ED?LCD_FILL?LCD
   *DEL*:           000006H   BYTE   UNIT     EDATA          ?ED?LCD_DRAWRECTANGLE?LCD
   *DEL*:           000007H   BYTE   UNIT     EDATA          ?ED?DRAW_CIRCLE?LCD
   *DEL*:           00000CH   BYTE   UNIT     EDATA          ?ED?LCD_SHOWINTNUM?LCD
   *DEL*:           00000BH   BYTE   UNIT     EDATA          ?ED?LCD_SHOWFLOATNUM1?LCD
   *DEL*:           00000CH   BYTE   UNIT     EDATA          ?ED?LCD_SHOWPICTURE?LCD



OVERLAY MAP OF MODULE:   .\Objects\PWM1 (main)


FUNCTION/MODULE             EDATA_GROUP
--> CALLED FUNCTION/MODULE  START  STOP
=======================================
tm0_isr/main                ----- -----
  +--> chuankou1time/main

chuankou1time/main          ----- -----
  +--> chuliguankji/main

chuliguankji/main           ----- -----

*** NEW ROOT **************

UartIsr/main                ----- -----
  +--> chuankou1put/main

chuankou1put/main           ----- -----

*** NEW ROOT **************

?C_C51STARTUP               ----- -----

*** NEW ROOT **************

?C_C51STARTUP?3             ----- -----
  +--> main/main

main/main                   ----- -----
L251 LINKER/LOCATER V4.66.93.0                                                        07/28/2023  08:35:14  PAGE 4


  +--> init/main
  +--> readdianliuzhi/main
  +--> shurulvbo/main
  +--> keyallchuli/main
  +--> delay_ms/lcd
  +--> showdata/main
  +--> getwendu/main

init/main                   ----- -----
  +--> UartInit/main
  +--> Timer0Init/main
  +--> delay_ms/lcd
  +--> LCD_Init/lcd
  +--> PRINTF/PRINTF
  +--> Sample_Lamp/lcd

UartInit/main               ----- -----

Timer0Init/main             ----- -----

delay_ms/lcd                ----- -----
  +--> Delay1ms/lcd

Delay1ms/lcd                ----- -----

LCD_Init/lcd                ----- -----
  +--> delay_ms/lcd
  +--> LCD_CD_REG/lcd
  +--> LCD_CD_DATA/lcd

LCD_CD_REG/lcd              ----- -----
  +--> SPI_RW/lcd

SPI_RW/lcd                  ----- -----

LCD_CD_DATA/lcd             ----- -----
  +--> SPI_RW/lcd

PRINTF/PRINTF               0201H 0228H
  +--> OUT/PRINTF

OUT/PRINTF                  ----- -----
  +--> PUTCH/PRINTF

PUTCH/PRINTF                ----- -----
  +--> putchar/main
  +--> OUT/PRINTF

putchar/main                ----- -----

Sample_Lamp/lcd             ----- -----
  +--> delay_ms/lcd
  +--> LCD_Clear/lcd

LCD_Clear/lcd               01D9H 01DAH
  +--> LCD_SetArea/lcd
  +--> LCD_CD_REG/lcd
  +--> LcdWirteColorData/lcd

LCD_SetArea/lcd             0294H 0297H
  +--> LCD_CD_REG/lcd
  +--> LCD_CD_DATA/lcd

LcdWirteColorData/lcd       ----- -----
  +--> SPI_RW/lcd
L251 LINKER/LOCATER V4.66.93.0                                                        07/28/2023  08:35:14  PAGE 5



readdianliuzhi/main         ----- -----
  +--> readzhi/main

readzhi/main                01D9H 0200H
  +--> SPRINTF/SPRINTF
  +--> clearbuff1/main
  +--> PRINTF/PRINTF

SPRINTF/SPRINTF             0201H 0228H
  +--> OUT/SPRINTF

OUT/SPRINTF                 ----- -----
  +--> PUTCH/SPRINTF

PUTCH/SPRINTF               ----- -----

clearbuff1/main             ----- -----
  +--> memset?_/memset

memset?_/memset             ----- -----

shurulvbo/main              ----- -----

keyallchuli/main            ----- -----
  +--> keydown/main
  +--> dolongtimes/main
  +--> ledclose/main

keydown/main                ----- -----
  +--> LCD_ShowString/lcd
  +--> showhenxiang/main
  +--> writedizhi/main
  +--> delay_ms/lcd
  +--> setdianliu/main
  +--> ledopen/main
  +--> setzhichange/main

LCD_ShowString/lcd          0279H 0282H
  +--> LCD_ShowChar/lcd

LCD_ShowChar/lcd            0283H 0293H
  +--> LCD_SetArea/lcd
  +--> LCD_CD_REG/lcd
  +--> LCD_WR_DATA/lcd
  +--> LCD_DrawPoint/lcd

LCD_WR_DATA/lcd             ----- -----
  +--> LcdWirteColorData/lcd

LCD_DrawPoint/lcd           ----- -----
  +--> LCD_Address_Set/lcd
  +--> LCD_WR_DATA/lcd

LCD_Address_Set/lcd         ----- -----
  +--> LCD_SetArea/lcd

showhenxiang/main           023DH 0278H
  +--> LCD_ShowString/lcd

writedizhi/main             01D9H 0200H
  +--> SPRINTF/SPRINTF
  +--> clearbuff1/main
  +--> PRINTF/PRINTF

L251 LINKER/LOCATER V4.66.93.0                                                        07/28/2023  08:35:14  PAGE 6


setdianliu/main             ----- -----
  +--> writedizhi/main

ledopen/main                ----- -----
  +--> yout_set/main

yout_set/main               ----- -----

setzhichange/main           ----- -----
  +--> setdianliu/main

dolongtimes/main            ----- -----
  +--> setbizhi/main
  +--> setzhichange/main

setbizhi/main               ----- -----

ledclose/main               ----- -----
  +--> yout_set/main

showdata/main               ----- -----
  +--> shownow/main
  +--> showsetzhi/main
  +--> shownwendu/main

shownow/main                ----- -----

showsetzhi/main             01D9H 0200H
  +--> SPRINTF/SPRINTF
  +--> LCD_ShowString/lcd
  +--> showjindtiao/main

showjindtiao/main           0201H 023CH
  +--> showhenxiang/main
  +--> LCD_ShowString/lcd

shownwendu/main             01D9H 0200H
  +--> SPRINTF/SPRINTF
  +--> LCD_ShowString/lcd

getwendu/main               ----- -----
  +--> readzhi/main

*** NEW ROOT **************

?C_C51STARTUP?2             ----- -----



PUBLIC SYMBOLS OF MODULE:  .\Objects\PWM1 (main)


      VALUE       CLASS    TYPE      PUBLIC SYMBOL NAME
      =================================================
      00FF3C59H   CODE     ---       ?C?BMOVENP
      00FF3C57H   CODE     ---       ?C?BMOVENP8
      00FF34BAH   CODE     NEAR LAB  ?C?CASTF
      000000FFH   NUMBER   ---       ?C?CODESEG
      00FF39DEH   CODE     ---       ?C?FPCONVERT
      00FF3AD9H   CODE     ---       ?C?FPDIV
      00FF3543H   CODE     ---       ?C?FPGETOPN2
      00FF341AH   CODE     ---       ?C?FPMUL
      00FF3580H   CODE     ---       ?C?FPNANRESULT
      00FF3588H   CODE     ---       ?C?FPOVERFLOW
      00FF355CH   CODE     ---       ?C?FPRESULT
L251 LINKER/LOCATER V4.66.93.0                                                        07/28/2023  08:35:14  PAGE 7


      00FF3572H   CODE     ---       ?C?FPRESULT2
      00FF3A96H   CODE     ---       ?C?FPROUND
      00FF3585H   CODE     ---       ?C?FPUNDERFLOW
      00FF3B8AH   CODE     ---       ?C?FTNPWR
      00FF462AH   CODE     ---       ?C?INITEDATA
      00FF4B5EH   HCONST   WORD      ?C?INITEDATA_END
      00FF3BF3H   CODE     ---       ?C?LMUL
      00FF35C1H   CODE     ---       ?C?PRNFMT
      00FF3BC1H   CODE     ---       ?C?SIDIV
      00FF0000H   CODE     ---       ?C?STARTUP
      00FF3C06H   CODE     NEAR LAB  ?C?ULDIV
      00FF3C04H   CODE     NEAR LAB  ?C?ULIDIV
      00000001H   NUMBER   ---       ?C?XDATASEG
      00FF0000H   CODE     ---       ?C_STARTUP
      00000000H   EDATA    BYTE      ?LCD_DrawLine?BYTE
*DEL*:1FFFFFFCH   EDATA    BYTE      ?LCD_DrawRectangle?BYTE
*DEL*:1FFFFFFCH   EDATA    BYTE      ?LCD_Fill?BYTE
      0000027FH   EDATA    BYTE      ?LCD_ShowChar?BYTE
*DEL*:1FFFFFF8H   EDATA    BYTE      ?LCD_ShowFloatNum1?BYTE
*DEL*:1FFFFFFCH   EDATA    BYTE      ?LCD_ShowIntNum?BYTE
*DEL*:1FFFFFF8H   EDATA    BYTE      ?LCD_ShowPicture?BYTE
      00000275H   EDATA    BYTE      ?LCD_ShowString?BYTE
      00000229H   EDATA    ---       ?printf?BYTE
      00000229H   EDATA    ---       ?sprintf?BYTE
*SFR* 000000BCH   DATA     BYTE      ADC_CONTR
*SFR* 000000DEH   DATA     BYTE      ADCCFG
      00FF11F6H   CODE     ---       ascii_1206
      00FF2E2AH   CODE     ---       ascii_1608
      00FF0026H   CODE     ---       ascii_2412
      00FF166AH   CODE     ---       ascii_3216
*SFR* 000000EFH   DATA     BYTE      AUXINTIF
*SFR* 0000008EH   DATA     BYTE      AUXR
*SFR* 00000097H   DATA     BYTE      AUXR2
      00000063H   EDATA    ---       buf1
      00000020H.0 BIT      BIT       busy
*SFR* 000000F1H   DATA     BYTE      CANICR
      00FF4700H   CODE     ---       chuankou1put
      00FF4750H   CODE     ---       chuankou1time
*SFR* 000000EAH   DATA     BYTE      CKCON
      00FF4853H   CODE     ---       clearbuff1
*SFR* 000000E6H   DATA     BYTE      CMPCR1
*SFR* 000000E7H   DATA     BYTE      CMPCR2
      00FF48FFH   CODE     ---       Delay1ms
      00FF000EH   CODE     ---       delay_ms
      00FF4593H   CODE     ---       dolongtimes
*DEL*:00000000H   CODE     ---       Draw_Circle
*SFR* 000000A8H.7 DATA     BIT       EA
*SFR* 000000BAH.7 DATA     BIT       EAXFR
*SFR* 000000A8H.4 DATA     BIT       ES
*SFR* 000000A8H.1 DATA     BIT       ET0
*SFR* 000000A8H.3 DATA     BIT       ET1
      0000003AH   EDATA    CHAR      falgchuankou1
      0000002EH   EDATA    CHAR      flagcanset
      00000031H   EDATA    CHAR      flagsetzhichange
      0000002DH   EDATA    CHAR      flagsystemrun
      00FF0003H   CODE     ---       getwendu
*SFR* 000000C7H   DATA     BYTE      IAP_CONTR
*SFR* 000000A8H   DATA     BYTE      IE
*SFR* 000000AFH   DATA     BYTE      IE2
      00FF4285H   CODE     ---       init
*SFR* 0000008FH   DATA     BYTE      INTCLKO
*SFR* 000000B8H   DATA     BYTE      IP
*SFR* 000000B5H   DATA     BYTE      IP2
*SFR* 000000B6H   DATA     BYTE      IP2H
*SFR* 000000DFH   DATA     BYTE      IP3
L251 LINKER/LOCATER V4.66.93.0                                                        07/28/2023  08:35:14  PAGE 8


*SFR* 000000EEH   DATA     BYTE      IP3H
*SFR* 000000B7H   DATA     BYTE      IPH
*SFR* 0000009DH   DATA     BYTE      IRCBAND
      00FF43C0H   CODE     ---       keyallchuli
      00FF4101H   CODE     ---       keydown
      0000002FH   EDATA    INT       keylow
      00000034H   EDATA    INT       keyok
      00000036H   EDATA    INT       keyon
      00000023H   EDATA    INT       keyshi
      00000038H   EDATA    INT       keyup
      00FF4928H   CODE     ---       LCD_Address_Set
*SFR* 000000A0H.6 DATA     BIT       LCD_CD
      00FF490BH   CODE     ---       LCD_CD_DATA
      00FF4915H   CODE     ---       LCD_CD_REG
      00FF4694H   CODE     ---       LCD_Clear
*SFR* 000000A0H.2 DATA     BIT       LCD_CS
      00FF4003H   CODE     ---       LCD_DrawLine
      00FF48B0H   CODE     ---       LCD_DrawPoint
*DEL*:00000000H   CODE     ---       LCD_DrawRectangle
*DEL*:00000000H   CODE     ---       LCD_Fill
      00FF3C7CH   CODE     ---       LCD_Init
*SFR* 000000C0H.3 DATA     BIT       LCD_LED
*SFR* 000000A0H.3 DATA     BIT       LCD_MISO
*SFR* 000000A0H.4 DATA     BIT       LCD_MOSI
*SFR* 000000A0H.7 DATA     BIT       LCD_RESET
*SFR* 000000A0H.5 DATA     BIT       LCD_SCK
      00FF44BAH   CODE     ---       LCD_SetArea
      00FF3E55H   CODE     ---       LCD_ShowChar
*DEL*:00000000H   CODE     ---       LCD_ShowFloatNum1
*DEL*:00000000H   CODE     ---       LCD_ShowIntNum
*DEL*:00000000H   CODE     ---       LCD_ShowPicture
      00FF4417H   CODE     ---       LCD_ShowString
      00FF492EH   CODE     ---       LCD_WR_DATA
      00FF492BH   CODE     ---       LCD_WR_DATA8
*DEL*:00000000H   CODE     ---       LCD_WR_REG
      00FF4899H   CODE     ---       LcdWirteColorData
*SFR* 000000A0H.2 DATA     BIT       LED0
*SFR* 000000B0H.6 DATA     BIT       LED2
      00FF47EBH   CODE     ---       ledclose
      00FF4806H   CODE     ---       ledopen
*SFR* 000000F9H   DATA     BYTE      LINICR
      00FF454DH   CODE     ---       main
      00FF4820H   CODE     ---       memset?_
*DEL*:00000000H   CODE     ---       mypow
      00000032H   EDATA    INT       nowzhi
*SFR* 00000080H   DATA     BYTE      P0
*SFR* 00000094H   DATA     BYTE      P0M0
*SFR* 00000093H   DATA     BYTE      P0M1
*SFR* 00000090H   DATA     BYTE      P1
*SFR* 00000092H   DATA     BYTE      P1M0
*SFR* 00000091H   DATA     BYTE      P1M1
*SFR* 000000A0H   DATA     BYTE      P2
*SFR* 00000096H   DATA     BYTE      P2M0
*SFR* 00000095H   DATA     BYTE      P2M1
*SFR* 000000B0H   DATA     BYTE      P3
*SFR* 000000B2H   DATA     BYTE      P3M0
*SFR* 000000B1H   DATA     BYTE      P3M1
*SFR* 000000C0H   DATA     BYTE      P4
*SFR* 000000B4H   DATA     BYTE      P4M0
*SFR* 000000B3H   DATA     BYTE      P4M1
*SFR* 000000C8H   DATA     BYTE      P5
*SFR* 000000CAH   DATA     BYTE      P5M0
*SFR* 000000C9H   DATA     BYTE      P5M1
*SFR* 000000E8H   DATA     BYTE      P6
*SFR* 000000F8H   DATA     BYTE      P7
L251 LINKER/LOCATER V4.66.93.0                                                        07/28/2023  08:35:14  PAGE 9


*SFR* 000000A2H   DATA     BYTE      P_SW1
*SFR* 000000BAH   DATA     BYTE      P_SW2
*SFR* 000000BBH   DATA     BYTE      P_SW3
*SFR* 00000087H   DATA     BYTE      PCON
*DEL*:00000000H   CODE     ---       pingmuclear
      00FF34F7H   CODE     NEAR LAB  printf
*SFR* 000000D0H   DATA     BYTE      PSW
*SFR* 000000B8H.1 DATA     BIT       PT0
      00FF48E3H   CODE     ---       putchar
      00FF4882H   CODE     ---       readdianliuzhi
      00FF47B1H   CODE     ---       readzhi
*SFR* 00000098H.0 DATA     BIT       RI
*SFR* 000000FFH   DATA     BYTE      RSTCFG
*SFR* 0000009BH   DATA     BYTE      S2BUF
*SFR* 0000009AH   DATA     BYTE      S2CON
*SFR* 000000ACH   DATA     BYTE      S3CON
*SFR* 000000FDH   DATA     BYTE      S4CON
      00FF45D5H   CODE     ---       Sample_Lamp
*SFR* 00000099H   DATA     BYTE      SBUF
*SFR* 00000098H   DATA     BYTE      SCON
      00FF4729H   CODE     ---       setbizhi
      00FF491FH   CODE     ---       setdianliu
      0000002BH   EDATA    INT       setzhi
      00FF4505H   CODE     ---       setzhichange
      00FF48D3H   CODE     ---       showdata
      00FF41DEH   CODE     ---       showhenxiang
      00FF42FAH   CODE     ---       showjindtiao
      00FF0022H   CODE     ---       shownow
      00FF4469H   CODE     ---       shownwendu
      00FF4656H   CODE     ---       showsetzhi
      00FF435DH   CODE     ---       shurulvbo
*SFR* 000000CEH   DATA     BYTE      SPCTL
      00FF47CEH   CODE     ---       SPI_RW
      00FF3523H   CODE     NEAR LAB  sprintf
*SFR* 000000CDH   DATA     BYTE      SPSTAT
*SFR* 000000D6H   DATA     BYTE      T2H
*SFR* 000000D7H   DATA     BYTE      T2L
*SFR* 000000DDH   DATA     BYTE      T4T3M
*SFR* 00000088H   DATA     BYTE      TCON
*SFR* 00000088H.5 DATA     BIT       TF0
*SFR* 0000008CH   DATA     BYTE      TH0
*SFR* 0000008DH   DATA     BYTE      TH1
*SFR* 00000098H.1 DATA     BIT       TI
      00000021H   EDATA    INT       timeleft1
      00000025H   EDATA    INT       timeleft2
      00000027H   EDATA    INT       timeleft3
      00000029H   EDATA    INT       timeleft4
      00FF483AH   CODE     ---       Timer0Init
*SFR* 0000008AH   DATA     BYTE      TL0
*SFR* 0000008BH   DATA     BYTE      TL1
      00FF48C3H   CODE     ---       tm0_isr
*SFR* 00000089H   DATA     BYTE      TMOD
      00000061H   EDATA    INT       tmp
*SFR* 00000088H.4 DATA     BIT       TR0
*SFR* 00000088H.6 DATA     BIT       TR1
*DEL*:00000000H   CODE     ---       Uart2Init
*DEL*:00000000H   CODE     ---       Uart2Send
*DEL*:00000000H   CODE     ---       Uart2SendStr
      00FF4793H   CODE     ---       UartInit
      00FF486BH   CODE     ---       UartIsr
      00FF48F3H   CODE     ---       UartSendByte
*DEL*:00000000H   CODE     ---       UartSendStr
*SFR* 000000F4H   DATA     BYTE      USBCON
      0000001AH   EDATA    INT       USE_HORIZONTAL
*SFR* 000000C1H   DATA     BYTE      WDT_CONTR
L251 LINKER/LOCATER V4.66.93.0                                                        07/28/2023  08:35:14  PAGE 10


      0000003BH   EDATA    INT       weishu1
      0000003DH   EDATA    INT       weishu2
      0000003FH   EDATA    INT       weishu3
      00000041H   EDATA    INT       weishu4
      00FF4772H   CODE     ---       writedizhi
*SFR* 000000E9H   DATA     BYTE      WTST
*SFR* 000000A0H.3 DATA     BIT       X0
*SFR* 000000A0H.1 DATA     BIT       X1
*SFR* 000000B0H.7 DATA     BIT       X2
*SFR* 000000B0H.5 DATA     BIT       X3
      00000043H   EDATA    ---       xin
*SFR* 000000A0H.2 DATA     BIT       Y0
*SFR* 000000A0H.0 DATA     BIT       Y1
*SFR* 000000B0H.6 DATA     BIT       Y2
*SFR* 000000B0H.4 DATA     BIT       Y3
      00FF46D2H   CODE     ---       yout_set



SYMBOL TABLE OF MODULE:  .\Objects\PWM1 (main)

      VALUE       REP       CLASS    TYPE      SYMBOL NAME
      ====================================================
      ---         MODULE    ---      ---       main
      00FF46D2H   PUBLIC    CODE     ---       yout_set
      00FF4101H   PUBLIC    CODE     ---       keydown
      00FF4505H   PUBLIC    CODE     ---       setzhichange
      00FF0022H   PUBLIC    CODE     ---       shownow
      00FF42FAH   PUBLIC    CODE     ---       showjindtiao
      00FF41DEH   PUBLIC    CODE     ---       showhenxiang
      00FF43C0H   PUBLIC    CODE     ---       keyallchuli
      00FF454DH   PUBLIC    CODE     ---       main
      00FF4593H   PUBLIC    CODE     ---       dolongtimes
      00FF4793H   PUBLIC    CODE     ---       UartInit
      00FF4285H   PUBLIC    CODE     ---       init
      00FF491FH   PUBLIC    CODE     ---       setdianliu
      00FF48C3H   PUBLIC    CODE     ---       tm0_isr
      00FF48F3H   PUBLIC    CODE     ---       UartSendByte
      00FF4750H   PUBLIC    CODE     ---       chuankou1time
      00FF4772H   PUBLIC    CODE     ---       writedizhi
      00FF483AH   PUBLIC    CODE     ---       Timer0Init
      00FF486BH   PUBLIC    CODE     ---       UartIsr
      00FF47EBH   PUBLIC    CODE     ---       ledclose
      00FF4882H   PUBLIC    CODE     ---       readdianliuzhi
      00FF4469H   PUBLIC    CODE     ---       shownwendu
      00FF4656H   PUBLIC    CODE     ---       showsetzhi
      00FF48D3H   PUBLIC    CODE     ---       showdata
      00FF4853H   PUBLIC    CODE     ---       clearbuff1
      00FF4729H   PUBLIC    CODE     ---       setbizhi
      00FF0003H   PUBLIC    CODE     ---       getwendu
      00FF47B1H   PUBLIC    CODE     ---       readzhi
      00FF4806H   PUBLIC    CODE     ---       ledopen
      00FF4700H   PUBLIC    CODE     ---       chuankou1put
      00FF435DH   PUBLIC    CODE     ---       shurulvbo
      00FF48E3H   PUBLIC    CODE     ---       putchar
      00000021H   PUBLIC    EDATA    INT       timeleft1
      00000023H   PUBLIC    EDATA    INT       keyshi
      00000025H   PUBLIC    EDATA    INT       timeleft2
      00000027H   PUBLIC    EDATA    INT       timeleft3
      00000029H   PUBLIC    EDATA    INT       timeleft4
      0000002BH   PUBLIC    EDATA    INT       setzhi
      0000002DH   PUBLIC    EDATA    CHAR      flagsystemrun
      0000002EH   PUBLIC    EDATA    CHAR      flagcanset
      0000002FH   PUBLIC    EDATA    INT       keylow
      00000031H   PUBLIC    EDATA    CHAR      flagsetzhichange
L251 LINKER/LOCATER V4.66.93.0                                                        07/28/2023  08:35:14  PAGE 11


      00000032H   PUBLIC    EDATA    INT       nowzhi
      00000034H   PUBLIC    EDATA    INT       keyok
      00000036H   PUBLIC    EDATA    INT       keyon
      00000038H   PUBLIC    EDATA    INT       keyup
      0000003AH   PUBLIC    EDATA    CHAR      falgchuankou1
      0000003BH   PUBLIC    EDATA    INT       weishu1
      0000003DH   PUBLIC    EDATA    INT       weishu2
      0000003FH   PUBLIC    EDATA    INT       weishu3
      00000041H   PUBLIC    EDATA    INT       weishu4
      00000043H   PUBLIC    EDATA    ---       xin
      00000061H   PUBLIC    EDATA    INT       tmp
      00000063H   PUBLIC    EDATA    ---       buf1
      00000020H.0 PUBLIC    BIT      BIT       busy
      00000094H   SFRSYM    DATA     BYTE      P0M0
      000000D0H   SFRSYM    DATA     BYTE      PSW
      000000BAH.7 SFRSYM    DATA     BIT       EAXFR
      0000009DH   SFRSYM    DATA     BYTE      IRCBAND
      00000097H   SFRSYM    DATA     BYTE      AUXR2
      000000EAH   SFRSYM    DATA     BYTE      CKCON
      000000EFH   SFRSYM    DATA     BYTE      AUXINTIF
      000000FDH   SFRSYM    DATA     BYTE      S4CON
      000000ACH   SFRSYM    DATA     BYTE      S3CON
      0000009AH   SFRSYM    DATA     BYTE      S2CON
      0000009BH   SFRSYM    DATA     BYTE      S2BUF
      000000B7H   SFRSYM    DATA     BYTE      IPH
      000000CDH   SFRSYM    DATA     BYTE      SPSTAT
      000000DDH   SFRSYM    DATA     BYTE      T4T3M
      000000C1H   SFRSYM    DATA     BYTE      WDT_CONTR
      00000088H.6 SFRSYM    DATA     BIT       TR1
      00000088H.4 SFRSYM    DATA     BIT       TR0
      000000B8H.1 SFRSYM    DATA     BIT       PT0
      000000E9H   SFRSYM    DATA     BYTE      WTST
      000000D7H   SFRSYM    DATA     BYTE      T2L
      0000008BH   SFRSYM    DATA     BYTE      TL1
      0000008AH   SFRSYM    DATA     BYTE      TL0
      000000D6H   SFRSYM    DATA     BYTE      T2H
      0000008DH   SFRSYM    DATA     BYTE      TH1
      0000008CH   SFRSYM    DATA     BYTE      TH0
      000000DFH   SFRSYM    DATA     BYTE      IP3
      000000F4H   SFRSYM    DATA     BYTE      USBCON
      000000B5H   SFRSYM    DATA     BYTE      IP2
      000000FFH   SFRSYM    DATA     BYTE      RSTCFG
      00000088H.5 SFRSYM    DATA     BIT       TF0
      000000A8H.3 SFRSYM    DATA     BIT       ET1
      000000A8H.1 SFRSYM    DATA     BIT       ET0
      000000C7H   SFRSYM    DATA     BYTE      IAP_CONTR
      000000F9H   SFRSYM    DATA     BYTE      LINICR
      0000008EH   SFRSYM    DATA     BYTE      AUXR
      000000AFH   SFRSYM    DATA     BYTE      IE2
      00000088H   SFRSYM    DATA     BYTE      TCON
      00000089H   SFRSYM    DATA     BYTE      TMOD
      00000098H   SFRSYM    DATA     BYTE      SCON
      000000F1H   SFRSYM    DATA     BYTE      CANICR
      00000087H   SFRSYM    DATA     BYTE      PCON
      00000099H   SFRSYM    DATA     BYTE      SBUF
      000000BCH   SFRSYM    DATA     BYTE      ADC_CONTR
      000000E7H   SFRSYM    DATA     BYTE      CMPCR2
      000000E6H   SFRSYM    DATA     BYTE      CMPCR1
      00000098H.1 SFRSYM    DATA     BIT       TI
      00000098H.0 SFRSYM    DATA     BIT       RI
      000000DEH   SFRSYM    DATA     BYTE      ADCCFG
      000000B8H   SFRSYM    DATA     BYTE      IP
      000000A8H.4 SFRSYM    DATA     BIT       ES
      0000008FH   SFRSYM    DATA     BYTE      INTCLKO
      000000EEH   SFRSYM    DATA     BYTE      IP3H
L251 LINKER/LOCATER V4.66.93.0                                                        07/28/2023  08:35:14  PAGE 12


      000000B6H   SFRSYM    DATA     BYTE      IP2H
      000000A8H   SFRSYM    DATA     BYTE      IE
      000000BBH   SFRSYM    DATA     BYTE      P_SW3
      000000BAH   SFRSYM    DATA     BYTE      P_SW2
      000000A2H   SFRSYM    DATA     BYTE      P_SW1
      000000B0H.4 SFRSYM    DATA     BIT       Y3
      000000B0H.5 SFRSYM    DATA     BIT       X3
      000000B0H.6 SFRSYM    DATA     BIT       Y2
      000000C0H.3 SFRSYM    DATA     BIT       LCD_LED
      000000B0H.7 SFRSYM    DATA     BIT       X2
      000000A0H.0 SFRSYM    DATA     BIT       Y1
      000000A0H.1 SFRSYM    DATA     BIT       X1
      000000A0H.2 SFRSYM    DATA     BIT       Y0
      000000CEH   SFRSYM    DATA     BYTE      SPCTL
      000000A0H.3 SFRSYM    DATA     BIT       X0
      000000B0H.6 SFRSYM    DATA     BIT       LED2
      000000F8H   SFRSYM    DATA     BYTE      P7
      000000A8H.7 SFRSYM    DATA     BIT       EA
      000000E8H   SFRSYM    DATA     BYTE      P6
      000000A0H.2 SFRSYM    DATA     BIT       LED0
      000000C8H   SFRSYM    DATA     BYTE      P5
      000000C0H   SFRSYM    DATA     BYTE      P4
      000000C9H   SFRSYM    DATA     BYTE      P5M1
      000000B0H   SFRSYM    DATA     BYTE      P3
      000000B3H   SFRSYM    DATA     BYTE      P4M1
      000000CAH   SFRSYM    DATA     BYTE      P5M0
      000000A0H   SFRSYM    DATA     BYTE      P2
      000000B1H   SFRSYM    DATA     BYTE      P3M1
      000000B4H   SFRSYM    DATA     BYTE      P4M0
      00000090H   SFRSYM    DATA     BYTE      P1
      00000095H   SFRSYM    DATA     BYTE      P2M1
      000000B2H   SFRSYM    DATA     BYTE      P3M0
      00000080H   SFRSYM    DATA     BYTE      P0
      00000091H   SFRSYM    DATA     BYTE      P1M1
      00000096H   SFRSYM    DATA     BYTE      P2M0
      00000092H   SFRSYM    DATA     BYTE      P1M0
      00000093H   SFRSYM    DATA     BYTE      P0M1
      00FF49E0H   SYMBOL    HCONST   ---       ?tpl?0001
      00FF4A1CH   SYMBOL    HCONST   ---       ?tpl?0002
      00FF4A58H   SYMBOL    HCONST   ---       ?tpl?0003
      00FF000AH   SYMBOL    CODE     ---       chuliguankji

      00FF4793H   BLOCK     CODE     ---       LVL=0
      00FF4793H   LINE      CODE     ---       #29
      00FF4793H   LINE      CODE     ---       #31
      00FF4796H   LINE      CODE     ---       #32
      00FF4799H   LINE      CODE     ---       #33
      00FF479CH   LINE      CODE     ---       #34
      00FF479FH   LINE      CODE     ---       #35
      00FF47A2H   LINE      CODE     ---       #36
      00FF47A5H   LINE      CODE     ---       #37
      00FF47A7H   LINE      CODE     ---       #38
      00FF47A9H   LINE      CODE     ---       #39
      00FF47ABH   LINE      CODE     ---       #40
      00FF47ADH   LINE      CODE     ---       #41
      00FF47B0H   LINE      CODE     ---       #42
      ---         BLOCKEND  ---      ---       LVL=0

      00FF48F3H   BLOCK     CODE     ---       LVL=0
      R11         REGSYM    ---      BYTE      dat
      00FF48F3H   LINE      CODE     ---       #43
      00FF48F3H   LINE      CODE     ---       #45
      00FF48F6H   LINE      CODE     ---       #46
      00FF48F6H   LINE      CODE     ---       #47
      00FF48FCH   LINE      CODE     ---       #48
L251 LINKER/LOCATER V4.66.93.0                                                        07/28/2023  08:35:14  PAGE 13


      00FF48FEH   LINE      CODE     ---       #49
      ---         BLOCKEND  ---      ---       LVL=0

      00FF48E3H   BLOCK     CODE     ---       LVL=0
      R10         REGSYM    ---      CHAR      dat
      00FF48E3H   LINE      CODE     ---       #50
      00FF48E5H   LINE      CODE     ---       #52
      00FF48E8H   LINE      CODE     ---       #53
      00FF48E8H   LINE      CODE     ---       #54
      00FF48EEH   LINE      CODE     ---       #55
      00FF48F0H   LINE      CODE     ---       #56
      00FF48F2H   LINE      CODE     ---       #57
      ---         BLOCKEND  ---      ---       LVL=0
      REG=3       REGSYM    ---      ---       str
      R7          REGSYM    ---      CHAR      dat
      REG=3       REGSYM    ---      ---       p

      00FF483AH   BLOCK     CODE     ---       LVL=0
      00FF483AH   LINE      CODE     ---       #92
      00FF483AH   LINE      CODE     ---       #94
      00FF483DH   LINE      CODE     ---       #95
      00FF4840H   LINE      CODE     ---       #96
      00FF4843H   LINE      CODE     ---       #97
      00FF4846H   LINE      CODE     ---       #98
      00FF4848H   LINE      CODE     ---       #99
      00FF484AH   LINE      CODE     ---       #100
      00FF484CH   LINE      CODE     ---       #101
      00FF484EH   LINE      CODE     ---       #102
      00FF4850H   LINE      CODE     ---       #103
      00FF4852H   LINE      CODE     ---       #111
      ---         BLOCKEND  ---      ---       LVL=0

      00FF435DH   BLOCK     CODE     ---       LVL=0
      0000018FH   SYMBOL    EDATA    ---       keybuf
      R10         REGSYM    ---      BYTE      i
      00FF435DH   LINE      CODE     ---       #130
      00FF435DH   LINE      CODE     ---       #131
      00FF435DH   LINE      CODE     ---       #175
      00FF4361H   LINE      CODE     ---       #176
      00FF436DH   LINE      CODE     ---       #177
      00FF4371H   LINE      CODE     ---       #178
      00FF437DH   LINE      CODE     ---       #179
      00FF4381H   LINE      CODE     ---       #180
      00FF438DH   LINE      CODE     ---       #181
      00FF4391H   LINE      CODE     ---       #182
      00FF439DH   LINE      CODE     ---       #183
      00FF439FH   LINE      CODE     ---       #185
      00FF43A9H   LINE      CODE     ---       #187
      00FF43AAH   LINE      CODE     ---       #188
      00FF43ACH   LINE      CODE     ---       #189
      00FF43B0H   LINE      CODE     ---       #191
      00FF43B8H   LINE      CODE     ---       #192
      00FF43BFH   LINE      CODE     ---       #194
      ---         BLOCKEND  ---      ---       LVL=0

      00FF491FH   BLOCK     CODE     ---       LVL=0
      WR4         REGSYM    ---      INT       zhi
      00FF491FH   LINE      CODE     ---       #198
      00FF4921H   LINE      CODE     ---       #200
      ---         BLOCKEND  ---      ---       LVL=0

      00FF4505H   BLOCK     CODE     ---       LVL=0
      WR4         REGSYM    ---      INT       a
      00FF4505H   LINE      CODE     ---       #202
      00FF4509H   LINE      CODE     ---       #204
L251 LINKER/LOCATER V4.66.93.0                                                        07/28/2023  08:35:14  PAGE 14


      00FF450FH   LINE      CODE     ---       #205
      00FF450FH   LINE      CODE     ---       #206
      00FF451BH   LINE      CODE     ---       #208
      00FF4521H   LINE      CODE     ---       #210
      00FF4527H   LINE      CODE     ---       #211
      00FF4527H   LINE      CODE     ---       #213
      00FF4529H   LINE      CODE     ---       #214
      00FF4529H   LINE      CODE     ---       #215
      00FF452FH   LINE      CODE     ---       #217
      00FF4537H   LINE      CODE     ---       #218
      00FF4539H   LINE      CODE     ---       #219
      00FF4539H   LINE      CODE     ---       #220
      00FF453DH   LINE      CODE     ---       #221
      00FF4543H   LINE      CODE     ---       #222
      00FF454AH   LINE      CODE     ---       #223
      ---         BLOCKEND  ---      ---       LVL=0

      00FF4101H   BLOCK     CODE     ---       LVL=0
      WR14        REGSYM    ---      INT       i
      00FF4101H   LINE      CODE     ---       #225
      00FF4105H   LINE      CODE     ---       #227
      00FF4110H   LINE      CODE     ---       #229
      00FF4112H   LINE      CODE     ---       #231
      00FF4118H   LINE      CODE     ---       #233
      00FF411EH   LINE      CODE     ---       #234
      00FF4144H   LINE      CODE     ---       #235
      00FF4147H   LINE      CODE     ---       #236
      00FF4152H   LINE      CODE     ---       #237
      00FF4159H   LINE      CODE     ---       #238
      00FF4164H   LINE      CODE     ---       #239
      00FF416BH   LINE      CODE     ---       #240
      00FF4172H   LINE      CODE     ---       #241
      00FF4179H   LINE      CODE     ---       #242
      00FF417BH   LINE      CODE     ---       #245
      00FF4184H   LINE      CODE     ---       #246
      00FF418BH   LINE      CODE     ---       #247
      00FF4194H   LINE      CODE     ---       #248
      00FF4197H   LINE      CODE     ---       #249
      00FF4197H   LINE      CODE     ---       #250
      00FF4197H   LINE      CODE     ---       #251
      00FF419DH   LINE      CODE     ---       #253
      00FF41A2H   LINE      CODE     ---       #254
      00FF41A2H   LINE      CODE     ---       #255
      00FF41AAH   LINE      CODE     ---       #257
      00FF41AEH   LINE      CODE     ---       #258
      00FF41B0H   LINE      CODE     ---       #259
      00FF41B0H   LINE      CODE     ---       #260
      00FF41B8H   LINE      CODE     ---       #262
      00FF41BFH   LINE      CODE     ---       #263
      00FF41C1H   LINE      CODE     ---       #264
      00FF41C1H   LINE      CODE     ---       #265
      00FF41C9H   LINE      CODE     ---       #267
      00FF41D9H   LINE      CODE     ---       #268
      00FF41DBH   LINE      CODE     ---       #269
      ---         BLOCKEND  ---      ---       LVL=0

      00FF4729H   BLOCK     CODE     ---       LVL=0
      WR2         REGSYM    ---      INT       times
      00FF4729H   LINE      CODE     ---       #273
      00FF472BH   LINE      CODE     ---       #275
      00FF4739H   LINE      CODE     ---       #277
      00FF473EH   LINE      CODE     ---       #278
      00FF473EH   LINE      CODE     ---       #279
      00FF474AH   LINE      CODE     ---       #281
      00FF474BH   LINE      CODE     ---       #282
L251 LINKER/LOCATER V4.66.93.0                                                        07/28/2023  08:35:14  PAGE 15


      00FF474BH   LINE      CODE     ---       #283
      00FF474FH   LINE      CODE     ---       #284
      ---         BLOCKEND  ---      ---       LVL=0

      00FF4593H   BLOCK     CODE     ---       LVL=0
      WR12        REGSYM    ---      INT       i
      WR14        REGSYM    ---      INT       times
      00FF4599H   BLOCK     CODE     NEAR LAB  LVL=1
      WR2         REGSYM    ---      INT       xielv
      ---         BLOCKEND  ---      ---       LVL=1
      00FF4593H   LINE      CODE     ---       #286
      00FF4599H   LINE      CODE     ---       #287
      00FF4599H   LINE      CODE     ---       #289
      00FF459DH   LINE      CODE     ---       #290
      00FF45A3H   LINE      CODE     ---       #292
      00FF45A3H   LINE      CODE     ---       #293
      00FF45A3H   LINE      CODE     ---       #294
      00FF45AAH   LINE      CODE     ---       #295
      00FF45B7H   LINE      CODE     ---       #297
      00FF45B7H   LINE      CODE     ---       #298
      00FF45B7H   LINE      CODE     ---       #299
      00FF45BFH   LINE      CODE     ---       #301
      00FF45C3H   LINE      CODE     ---       #302
      00FF45C5H   LINE      CODE     ---       #303
      00FF45C5H   LINE      CODE     ---       #304
      00FF45CDH   LINE      CODE     ---       #306
      00FF45D2H   LINE      CODE     ---       #307
      00FF45D2H   LINE      CODE     ---       #308
      ---         BLOCKEND  ---      ---       LVL=0

      00FF46D2H   BLOCK     CODE     ---       LVL=0
      R11         REGSYM    ---      CHAR      weizhi
      R10         REGSYM    ---      CHAR      zhi
      00FF46D2H   LINE      CODE     ---       #310
      00FF46D4H   LINE      CODE     ---       #312
      00FF46D6H   LINE      CODE     ---       #313
      00FF46DFH   LINE      CODE     ---       #314
      00FF46E2H   LINE      CODE     ---       #315
      00FF46EBH   LINE      CODE     ---       #316
      00FF46EEH   LINE      CODE     ---       #317
      00FF46F7H   LINE      CODE     ---       #318
      00FF46FAH   LINE      CODE     ---       #319
      00FF46FFH   LINE      CODE     ---       #320
      ---         BLOCKEND  ---      ---       LVL=0

      00FF47EBH   BLOCK     CODE     ---       LVL=0
      WR4         REGSYM    ---      INT       weizhi
      00FF47EBH   LINE      CODE     ---       #321
      00FF47EDH   LINE      CODE     ---       #323
      00FF47FDH   LINE      CODE     ---       #325
      00FF47FDH   LINE      CODE     ---       #326
      00FF47FDH   LINE      CODE     ---       #327
      00FF4805H   LINE      CODE     ---       #328
      ---         BLOCKEND  ---      ---       LVL=0

      00FF4806H   BLOCK     CODE     ---       LVL=0
      WR4         REGSYM    ---      INT       weizhi
      00FF4806H   LINE      CODE     ---       #329
      00FF4808H   LINE      CODE     ---       #331
      00FF4818H   LINE      CODE     ---       #333
      00FF4818H   LINE      CODE     ---       #334
      00FF4818H   LINE      CODE     ---       #335
      00FF481FH   LINE      CODE     ---       #336
      ---         BLOCKEND  ---      ---       LVL=0

L251 LINKER/LOCATER V4.66.93.0                                                        07/28/2023  08:35:14  PAGE 16


      00FF43C0H   BLOCK     CODE     ---       LVL=0
      00FF43C2H   BLOCK     CODE     NEAR LAB  LVL=1
      WR14        REGSYM    ---      INT       i
      000001B7H   SYMBOL    EDATA    ---       flag
      000001C1H   SYMBOL    EDATA    ---       dowmtimes
      ---         BLOCKEND  ---      ---       LVL=1
      00FF43C0H   LINE      CODE     ---       #337
      00FF43C2H   LINE      CODE     ---       #338
      00FF43C2H   LINE      CODE     ---       #342
      00FF43C4H   LINE      CODE     ---       #344
      00FF43CAH   LINE      CODE     ---       #346
      00FF43D0H   LINE      CODE     ---       #348
      00FF43D6H   LINE      CODE     ---       #349
      00FF43DBH   LINE      CODE     ---       #350
      00FF43DBH   LINE      CODE     ---       #352
      00FF43EDH   LINE      CODE     ---       #353
      00FF43F6H   LINE      CODE     ---       #354
      00FF43F8H   LINE      CODE     ---       #357
      00FF43FDH   LINE      CODE     ---       #358
      00FF4407H   LINE      CODE     ---       #359
      00FF440CH   LINE      CODE     ---       #360
      00FF440CH   LINE      CODE     ---       #361
      00FF4414H   LINE      CODE     ---       #362
      ---         BLOCKEND  ---      ---       LVL=0

      00FF4469H   BLOCK     CODE     ---       LVL=0
      000001D9H   SYMBOL    EDATA    ---       dataxx
      00FF4469H   LINE      CODE     ---       #365
      00FF4469H   LINE      CODE     ---       #366
      00FF4469H   LINE      CODE     ---       #368
      00FF4496H   LINE      CODE     ---       #369
      ---         BLOCKEND  ---      ---       LVL=0

      00FF0022H   BLOCK     CODE     ---       LVL=0
      00FF0022H   LINE      CODE     ---       #372
      00FF0022H   LINE      CODE     ---       #377
      ---         BLOCKEND  ---      ---       LVL=0
      000001D5H   SYMBOL    EDATA    INT       runflag2
      WR14        REGSYM    ---      INT       i

      00FF41DEH   BLOCK     CODE     ---       LVL=0
      WR6         REGSYM    ---      INT       i
      0000023DH   SYMBOL    EDATA    ---       dataxx
      000001D7H   SYMBOL    EDATA    INT       runflag
      00FF41DEH   LINE      CODE     ---       #401
      00FF41DEH   LINE      CODE     ---       #402
      00FF41DEH   LINE      CODE     ---       #404
      00FF41EFH   LINE      CODE     ---       #406
      00FF41FCH   LINE      CODE     ---       #408
      00FF41FCH   LINE      CODE     ---       #409
      00FF41FCH   LINE      CODE     ---       #410
      00FF4204H   LINE      CODE     ---       #412
      00FF4206H   LINE      CODE     ---       #414
      00FF420CH   LINE      CODE     ---       #415
      00FF4214H   LINE      CODE     ---       #417
      00FF4238H   LINE      CODE     ---       #418
      00FF425CH   LINE      CODE     ---       #419
      00FF4284H   LINE      CODE     ---       #420
      ---         BLOCKEND  ---      ---       LVL=0

      00FF42FAH   BLOCK     CODE     ---       LVL=0
      WR4         REGSYM    ---      INT       i
      00000201H   SYMBOL    EDATA    ---       dataxx
      WR6         REGSYM    ---      INT       jindu
      00FF42FAH   LINE      CODE     ---       #422
L251 LINKER/LOCATER V4.66.93.0                                                        07/28/2023  08:35:14  PAGE 17


      00FF42FAH   LINE      CODE     ---       #423
      00FF42FAH   LINE      CODE     ---       #425
      00FF430BH   LINE      CODE     ---       #427
      00FF431EH   LINE      CODE     ---       #428
      00FF4320H   LINE      CODE     ---       #430
      00FF4324H   LINE      CODE     ---       #431
      00FF4328H   LINE      CODE     ---       #433
      00FF432EH   LINE      CODE     ---       #434
      00FF4336H   LINE      CODE     ---       #435
      00FF4339H   LINE      CODE     ---       #436
      ---         BLOCKEND  ---      ---       LVL=0

      00FF4656H   BLOCK     CODE     ---       LVL=0
      000001D9H   SYMBOL    EDATA    ---       dataxx
      00FF4656H   LINE      CODE     ---       #438
      00FF4656H   LINE      CODE     ---       #439
      00FF4656H   LINE      CODE     ---       #441
      00FF466DH   LINE      CODE     ---       #442
      00FF4691H   LINE      CODE     ---       #443
      ---         BLOCKEND  ---      ---       LVL=0

      00FF48D3H   BLOCK     CODE     ---       LVL=0
      00FF48D3H   LINE      CODE     ---       #445
      00FF48D3H   LINE      CODE     ---       #447
      00FF48D9H   LINE      CODE     ---       #449
      00FF48D9H   LINE      CODE     ---       #450
      00FF48D9H   LINE      CODE     ---       #451
      00FF48DCH   LINE      CODE     ---       #452
      00FF48DFH   LINE      CODE     ---       #453
      00FF48E2H   LINE      CODE     ---       #454
      ---         BLOCKEND  ---      ---       LVL=0

      00FF4882H   BLOCK     CODE     ---       LVL=0
      WR6         REGSYM    ---      INT       ans
      00FF4882H   LINE      CODE     ---       #458
      00FF4882H   LINE      CODE     ---       #459
      00FF4882H   LINE      CODE     ---       #461
      00FF4889H   LINE      CODE     ---       #462
      00FF4895H   LINE      CODE     ---       #464
      00FF4896H   LINE      CODE     ---       #465
      00FF4896H   LINE      CODE     ---       #466
      00FF4898H   LINE      CODE     ---       #467
      ---         BLOCKEND  ---      ---       LVL=0

      00FF454DH   BLOCK     CODE     ---       LVL=0
      WR14        REGSYM    ---      INT       rumtimes
      00FF454DH   LINE      CODE     ---       #468
      00FF454DH   LINE      CODE     ---       #469
      00FF454DH   LINE      CODE     ---       #470
      00FF454FH   LINE      CODE     ---       #471
      00FF4552H   LINE      CODE     ---       #472
      00FF4559H   LINE      CODE     ---       #474
      00FF4559H   LINE      CODE     ---       #476
      00FF455CH   LINE      CODE     ---       #477
      00FF455FH   LINE      CODE     ---       #478
      00FF4566H   LINE      CODE     ---       #479
      00FF456DH   LINE      CODE     ---       #481
      00FF4572H   LINE      CODE     ---       #482
      00FF4575H   LINE      CODE     ---       #483
      00FF4577H   LINE      CODE     ---       #484
      00FF4579H   LINE      CODE     ---       #487
      00FF457BH   LINE      CODE     ---       #488
      00FF457BH   LINE      CODE     ---       #489
      00FF4585H   LINE      CODE     ---       #491
      00FF4587H   LINE      CODE     ---       #493
L251 LINKER/LOCATER V4.66.93.0                                                        07/28/2023  08:35:14  PAGE 18


      00FF458EH   LINE      CODE     ---       #494
      00FF4591H   LINE      CODE     ---       #495
      ---         BLOCKEND  ---      ---       LVL=0

      00FF4700H   BLOCK     CODE     ---       LVL=0
      R7          REGSYM    ---      CHAR      c
      00FF4700H   LINE      CODE     ---       #502
      00FF4700H   LINE      CODE     ---       #504
      00FF4710H   LINE      CODE     ---       #505
      00FF471AH   LINE      CODE     ---       #506
      00FF4720H   LINE      CODE     ---       #507
      00FF4728H   LINE      CODE     ---       #508
      ---         BLOCKEND  ---      ---       LVL=0

      00FF000AH   BLOCK     CODE     ---       LVL=0
      00FF000AH   LINE      CODE     ---       #509
      00FF000AH   LINE      CODE     ---       #519
      ---         BLOCKEND  ---      ---       LVL=0

      00FF4853H   BLOCK     CODE     ---       LVL=0
      00FF4853H   LINE      CODE     ---       #520
      00FF4853H   LINE      CODE     ---       #522
      00FF485FH   LINE      CODE     ---       #523
      00FF4865H   LINE      CODE     ---       #524
      00FF486AH   LINE      CODE     ---       #525
      ---         BLOCKEND  ---      ---       LVL=0

      00FF47B1H   BLOCK     CODE     ---       LVL=0
      WR6         REGSYM    ---      INT       dizhi
      000001D9H   SYMBOL    EDATA    ---       dataxx
      00FF47B1H   LINE      CODE     ---       #527
      00FF47B1H   LINE      CODE     ---       #528
      00FF47B1H   LINE      CODE     ---       #529
      00FF47B1H   LINE      CODE     ---       #532
      00FF47C4H   LINE      CODE     ---       #533
      00FF47C7H   LINE      CODE     ---       #534
      ---         BLOCKEND  ---      ---       LVL=0

      00FF4772H   BLOCK     CODE     ---       LVL=0
      WR6         REGSYM    ---      INT       dizhi
      WR4         REGSYM    ---      INT       zhi
      000001D9H   SYMBOL    EDATA    ---       dataxx
      00FF4772H   LINE      CODE     ---       #557
      00FF4772H   LINE      CODE     ---       #558
      00FF4772H   LINE      CODE     ---       #559
      00FF4772H   LINE      CODE     ---       #562
      00FF4789H   LINE      CODE     ---       #563
      00FF478CH   LINE      CODE     ---       #564
      ---         BLOCKEND  ---      ---       LVL=0

      00FF4750H   BLOCK     CODE     ---       LVL=0
      00FF4750H   LINE      CODE     ---       #585
      00FF4750H   LINE      CODE     ---       #587
      00FF475AH   LINE      CODE     ---       #589
      00FF4760H   LINE      CODE     ---       #590
      00FF4764H   LINE      CODE     ---       #592
      00FF476BH   LINE      CODE     ---       #593
      00FF4771H   LINE      CODE     ---       #594
      00FF4771H   LINE      CODE     ---       #596
      ---         BLOCKEND  ---      ---       LVL=0

      00FF0003H   BLOCK     CODE     ---       LVL=0
      00FF0003H   LINE      CODE     ---       #599
      00FF0003H   LINE      CODE     ---       #601
      ---         BLOCKEND  ---      ---       LVL=0
L251 LINKER/LOCATER V4.66.93.0                                                        07/28/2023  08:35:14  PAGE 19



      00FF486BH   BLOCK     CODE     ---       LVL=0
      00FF486BH   LINE      CODE     ---       #603
      00FF4871H   LINE      CODE     ---       #605
      00FF4874H   LINE      CODE     ---       #607
      00FF4876H   LINE      CODE     ---       #608
      00FF487BH   LINE      CODE     ---       #609
      ---         BLOCKEND  ---      ---       LVL=0

      00FF48C3H   BLOCK     CODE     ---       LVL=0
      00FF48C3H   LINE      CODE     ---       #612
      00FF48C9H   LINE      CODE     ---       #614
      00FF48CCH   LINE      CODE     ---       #615
      ---         BLOCKEND  ---      ---       LVL=0

      00FF4285H   BLOCK     CODE     ---       LVL=0
      00FF4285H   LINE      CODE     ---       #617
      00FF4285H   LINE      CODE     ---       #619
      00FF4288H   LINE      CODE     ---       #620
      00FF428BH   LINE      CODE     ---       #621
      00FF428EH   LINE      CODE     ---       #623
      00FF4291H   LINE      CODE     ---       #624
      00FF4294H   LINE      CODE     ---       #625
      00FF4297H   LINE      CODE     ---       #626
      00FF429AH   LINE      CODE     ---       #627
      00FF429DH   LINE      CODE     ---       #628
      00FF42A0H   LINE      CODE     ---       #629
      00FF42A3H   LINE      CODE     ---       #630
      00FF42A6H   LINE      CODE     ---       #631
      00FF42A9H   LINE      CODE     ---       #632
      00FF42ACH   LINE      CODE     ---       #633
      00FF42AFH   LINE      CODE     ---       #634
      00FF42B2H   LINE      CODE     ---       #636
      00FF42B4H   LINE      CODE     ---       #637
      00FF42B6H   LINE      CODE     ---       #638
      00FF42B9H   LINE      CODE     ---       #639
      00FF42BCH   LINE      CODE     ---       #641
      00FF42C3H   LINE      CODE     ---       #643
      00FF42C6H   LINE      CODE     ---       #648
      00FF42D1H   LINE      CODE     ---       #649
      00FF42D8H   LINE      CODE     ---       #650
      00FF42E3H   LINE      CODE     ---       #651
      00FF42EAH   LINE      CODE     ---       #652
      00FF42F5H   LINE      CODE     ---       #653
      00FF42F5H   LINE      CODE     ---       #655
      00FF42F8H   LINE      CODE     ---       #656
      ---         BLOCKEND  ---      ---       LVL=0

      ---         MODULE    ---      ---       lcd
      00FF48FFH   PUBLIC    CODE     ---       Delay1ms
      00FF4928H   PUBLIC    CODE     ---       LCD_Address_Set
      00FF492BH   PUBLIC    CODE     ---       LCD_WR_DATA8
      00FF4694H   PUBLIC    CODE     ---       LCD_Clear
      00FF4899H   PUBLIC    CODE     ---       LcdWirteColorData
      00FF490BH   PUBLIC    CODE     ---       LCD_CD_DATA
      00FF3C7CH   PUBLIC    CODE     ---       LCD_Init
      00FF4003H   PUBLIC    CODE     ---       LCD_DrawLine
      00FF48B0H   PUBLIC    CODE     ---       LCD_DrawPoint
      00FF45D5H   PUBLIC    CODE     ---       Sample_Lamp
      00FF000EH   PUBLIC    CODE     ---       delay_ms
      00FF4417H   PUBLIC    CODE     ---       LCD_ShowString
      00FF3E55H   PUBLIC    CODE     ---       LCD_ShowChar
      00FF492EH   PUBLIC    CODE     ---       LCD_WR_DATA
      00FF44BAH   PUBLIC    CODE     ---       LCD_SetArea
      00FF47CEH   PUBLIC    CODE     ---       SPI_RW
L251 LINKER/LOCATER V4.66.93.0                                                        07/28/2023  08:35:14  PAGE 20


      00FF4915H   PUBLIC    CODE     ---       LCD_CD_REG
      00FF0026H   PUBLIC    CODE     ---       ascii_2412
      00FF11F6H   PUBLIC    CODE     ---       ascii_1206
      00FF166AH   PUBLIC    CODE     ---       ascii_3216
      00FF2E2AH   PUBLIC    CODE     ---       ascii_1608
      0000001AH   PUBLIC    EDATA    INT       USE_HORIZONTAL
      00000000H   PUBLIC    EDATA    BYTE      ?LCD_DrawLine?BYTE
      0000027FH   PUBLIC    EDATA    BYTE      ?LCD_ShowChar?BYTE
      00000275H   PUBLIC    EDATA    BYTE      ?LCD_ShowString?BYTE
      000000D0H   SFRSYM    DATA     BYTE      PSW
      0000009DH   SFRSYM    DATA     BYTE      IRCBAND
      00000097H   SFRSYM    DATA     BYTE      AUXR2
      000000A0H.4 SFRSYM    DATA     BIT       LCD_MOSI
      000000A0H.3 SFRSYM    DATA     BIT       LCD_MISO
      000000EFH   SFRSYM    DATA     BYTE      AUXINTIF
      000000FDH   SFRSYM    DATA     BYTE      S4CON
      000000ACH   SFRSYM    DATA     BYTE      S3CON
      0000009AH   SFRSYM    DATA     BYTE      S2CON
      000000B7H   SFRSYM    DATA     BYTE      IPH
      000000CDH   SFRSYM    DATA     BYTE      SPSTAT
      000000DDH   SFRSYM    DATA     BYTE      T4T3M
      000000C1H   SFRSYM    DATA     BYTE      WDT_CONTR
      000000DFH   SFRSYM    DATA     BYTE      IP3
      000000F4H   SFRSYM    DATA     BYTE      USBCON
      000000B5H   SFRSYM    DATA     BYTE      IP2
      000000FFH   SFRSYM    DATA     BYTE      RSTCFG
      000000A0H.2 SFRSYM    DATA     BIT       LCD_CS
      000000C7H   SFRSYM    DATA     BYTE      IAP_CONTR
      000000F9H   SFRSYM    DATA     BYTE      LINICR
      0000008EH   SFRSYM    DATA     BYTE      AUXR
      000000AFH   SFRSYM    DATA     BYTE      IE2
      000000A0H.6 SFRSYM    DATA     BIT       LCD_CD
      000000A0H.7 SFRSYM    DATA     BIT       LCD_RESET
      00000088H   SFRSYM    DATA     BYTE      TCON
      00000089H   SFRSYM    DATA     BYTE      TMOD
      00000098H   SFRSYM    DATA     BYTE      SCON
      000000F1H   SFRSYM    DATA     BYTE      CANICR
      00000087H   SFRSYM    DATA     BYTE      PCON
      000000BCH   SFRSYM    DATA     BYTE      ADC_CONTR
      000000E7H   SFRSYM    DATA     BYTE      CMPCR2
      000000E6H   SFRSYM    DATA     BYTE      CMPCR1
      000000DEH   SFRSYM    DATA     BYTE      ADCCFG
      000000B8H   SFRSYM    DATA     BYTE      IP
      0000008FH   SFRSYM    DATA     BYTE      INTCLKO
      000000A0H.5 SFRSYM    DATA     BIT       LCD_SCK
      000000EEH   SFRSYM    DATA     BYTE      IP3H
      000000B6H   SFRSYM    DATA     BYTE      IP2H
      000000A8H   SFRSYM    DATA     BYTE      IE
      000000BBH   SFRSYM    DATA     BYTE      P_SW3
      000000BAH   SFRSYM    DATA     BYTE      P_SW2
      000000A2H   SFRSYM    DATA     BYTE      P_SW1
      000000C0H.3 SFRSYM    DATA     BIT       LCD_LED
      000000CEH   SFRSYM    DATA     BYTE      SPCTL
      000000F8H   SFRSYM    DATA     BYTE      P7
      000000E8H   SFRSYM    DATA     BYTE      P6
      000000C8H   SFRSYM    DATA     BYTE      P5
      000000C0H   SFRSYM    DATA     BYTE      P4
      000000B0H   SFRSYM    DATA     BYTE      P3
      000000A0H   SFRSYM    DATA     BYTE      P2
      00000090H   SFRSYM    DATA     BYTE      P1
      00000080H   SFRSYM    DATA     BYTE      P0

      00FF47CEH   BLOCK     CODE     ---       LVL=0
      R6          REGSYM    ---      BYTE      byte
      00FF47D0H   BLOCK     CODE     NEAR LAB  LVL=1
L251 LINKER/LOCATER V4.66.93.0                                                        07/28/2023  08:35:14  PAGE 21


      R7          REGSYM    ---      BYTE      bit_ctr
      ---         BLOCKEND  ---      ---       LVL=1
      00FF47CEH   LINE      CODE     ---       #9
      00FF47D0H   LINE      CODE     ---       #10
      00FF47D0H   LINE      CODE     ---       #14
      00FF47D2H   LINE      CODE     ---       #16
      00FF47D4H   LINE      CODE     ---       #17
      00FF47D9H   LINE      CODE     ---       #18
      00FF47DBH   LINE      CODE     ---       #19
      00FF47DDH   LINE      CODE     ---       #20
      00FF47E3H   LINE      CODE     ---       #21
      00FF47EAH   LINE      CODE     ---       #23
      ---         BLOCKEND  ---      ---       LVL=0

      00FF48FFH   BLOCK     CODE     ---       LVL=0
      DR4         REGSYM    ---      DWORD     i
      00FF48FFH   LINE      CODE     ---       #26
      00FF48FFH   LINE      CODE     ---       #27
      00FF48FFH   LINE      CODE     ---       #30
      00FF4900H   LINE      CODE     ---       #31
      00FF4901H   LINE      CODE     ---       #32
      00FF4902H   LINE      CODE     ---       #33
      00FF4906H   LINE      CODE     ---       #34
      00FF490AH   LINE      CODE     ---       #35
      ---         BLOCKEND  ---      ---       LVL=0

      00FF000EH   BLOCK     CODE     ---       LVL=0
      WR14        REGSYM    ---      WORD      ms
      00FF000EH   LINE      CODE     ---       #38
      00FF0012H   LINE      CODE     ---       #40
      00FF0014H   LINE      CODE     ---       #42
      00FF0017H   LINE      CODE     ---       #43
      00FF001FH   LINE      CODE     ---       #44
      ---         BLOCKEND  ---      ---       LVL=0

      00FF490BH   BLOCK     CODE     ---       LVL=0
      R7          REGSYM    ---      BYTE      val
      00FF490BH   LINE      CODE     ---       #45
      00FF490BH   LINE      CODE     ---       #47
      00FF490DH   LINE      CODE     ---       #48
      00FF490FH   LINE      CODE     ---       #49
      00FF4912H   LINE      CODE     ---       #50
      00FF4914H   LINE      CODE     ---       #51
      ---         BLOCKEND  ---      ---       LVL=0

      00FF4915H   BLOCK     CODE     ---       LVL=0
      R7          REGSYM    ---      BYTE      reg
      00FF4915H   LINE      CODE     ---       #53
      00FF4915H   LINE      CODE     ---       #55
      00FF4917H   LINE      CODE     ---       #56
      00FF4919H   LINE      CODE     ---       #57
      00FF491CH   LINE      CODE     ---       #58
      00FF491EH   LINE      CODE     ---       #59
      ---         BLOCKEND  ---      ---       LVL=0

      00FF3C7CH   BLOCK     CODE     ---       LVL=0
      00FF3C7CH   LINE      CODE     ---       #61
      00FF3C7CH   LINE      CODE     ---       #65
      00FF3C7EH   LINE      CODE     ---       #66
      00FF3C85H   LINE      CODE     ---       #67
      00FF3C87H   LINE      CODE     ---       #68
      00FF3C8EH   LINE      CODE     ---       #69
      00FF3C90H   LINE      CODE     ---       #70
      00FF3C97H   LINE      CODE     ---       #73
      00FF3C9CH   LINE      CODE     ---       #74
L251 LINKER/LOCATER V4.66.93.0                                                        07/28/2023  08:35:14  PAGE 22


      00FF3CA0H   LINE      CODE     ---       #75
      00FF3CA5H   LINE      CODE     ---       #76
      00FF3CAAH   LINE      CODE     ---       #77
      00FF3CAFH   LINE      CODE     ---       #78
      00FF3CB4H   LINE      CODE     ---       #79
      00FF3CB9H   LINE      CODE     ---       #80
      00FF3CBEH   LINE      CODE     ---       #81
      00FF3CC3H   LINE      CODE     ---       #82
      00FF3CC8H   LINE      CODE     ---       #83
      00FF3CCDH   LINE      CODE     ---       #84
      00FF3CD2H   LINE      CODE     ---       #85
      00FF3CD7H   LINE      CODE     ---       #86
      00FF3CDCH   LINE      CODE     ---       #87
      00FF3CE1H   LINE      CODE     ---       #88
      00FF3CE6H   LINE      CODE     ---       #89
      00FF3CEAH   LINE      CODE     ---       #90
      00FF3CEFH   LINE      CODE     ---       #91
      00FF3CF4H   LINE      CODE     ---       #92
      00FF3CF9H   LINE      CODE     ---       #93
      00FF3CFEH   LINE      CODE     ---       #94
      00FF3D03H   LINE      CODE     ---       #95
      00FF3D07H   LINE      CODE     ---       #96
      00FF3D0BH   LINE      CODE     ---       #97
      00FF3D10H   LINE      CODE     ---       #98
      00FF3D15H   LINE      CODE     ---       #99
      00FF3D1AH   LINE      CODE     ---       #100
      00FF3D1FH   LINE      CODE     ---       #101
      00FF3D24H   LINE      CODE     ---       #102
      00FF3D29H   LINE      CODE     ---       #103
      00FF3D2EH   LINE      CODE     ---       #104
      00FF3D33H   LINE      CODE     ---       #105
      00FF3D38H   LINE      CODE     ---       #106
      00FF3D3DH   LINE      CODE     ---       #107
      00FF3D42H   LINE      CODE     ---       #108
      00FF3D47H   LINE      CODE     ---       #109
      00FF3D4CH   LINE      CODE     ---       #110
      00FF3D51H   LINE      CODE     ---       #111
      00FF3D55H   LINE      CODE     ---       #112
      00FF3D5AH   LINE      CODE     ---       #113
      00FF3D5FH   LINE      CODE     ---       #114
      00FF3D64H   LINE      CODE     ---       #115
      00FF3D69H   LINE      CODE     ---       #116
      00FF3D6EH   LINE      CODE     ---       #117
      00FF3D72H   LINE      CODE     ---       #118
      00FF3D77H   LINE      CODE     ---       #119
      00FF3D7CH   LINE      CODE     ---       #120
      00FF3D81H   LINE      CODE     ---       #121
      00FF3D86H   LINE      CODE     ---       #122
      00FF3D8BH   LINE      CODE     ---       #123
      00FF3D90H   LINE      CODE     ---       #124
      00FF3D95H   LINE      CODE     ---       #125
      00FF3D9AH   LINE      CODE     ---       #126
      00FF3D9FH   LINE      CODE     ---       #127
      00FF3DA4H   LINE      CODE     ---       #128
      00FF3DA9H   LINE      CODE     ---       #129
      00FF3DAEH   LINE      CODE     ---       #130
      00FF3DB3H   LINE      CODE     ---       #131
      00FF3DB8H   LINE      CODE     ---       #132
      00FF3DBCH   LINE      CODE     ---       #133
      00FF3DC0H   LINE      CODE     ---       #134
      00FF3DC4H   LINE      CODE     ---       #135
      00FF3DC8H   LINE      CODE     ---       #136
      00FF3DCDH   LINE      CODE     ---       #137
      00FF3DD1H   LINE      CODE     ---       #138
      00FF3DD6H   LINE      CODE     ---       #139
L251 LINKER/LOCATER V4.66.93.0                                                        07/28/2023  08:35:14  PAGE 23


      00FF3DDBH   LINE      CODE     ---       #140
      00FF3DE0H   LINE      CODE     ---       #141
      00FF3DE5H   LINE      CODE     ---       #142
      00FF3DEAH   LINE      CODE     ---       #143
      00FF3DEFH   LINE      CODE     ---       #144
      00FF3DF4H   LINE      CODE     ---       #145
      00FF3DF9H   LINE      CODE     ---       #146
      00FF3DFEH   LINE      CODE     ---       #147
      00FF3E03H   LINE      CODE     ---       #148
      00FF3E08H   LINE      CODE     ---       #149
      00FF3E0DH   LINE      CODE     ---       #150
      00FF3E12H   LINE      CODE     ---       #151
      00FF3E17H   LINE      CODE     ---       #152
      00FF3E1CH   LINE      CODE     ---       #153
      00FF3E20H   LINE      CODE     ---       #154
      00FF3E24H   LINE      CODE     ---       #155
      00FF3E29H   LINE      CODE     ---       #156
      00FF3E2EH   LINE      CODE     ---       #157
      00FF3E33H   LINE      CODE     ---       #158
      00FF3E37H   LINE      CODE     ---       #159
      00FF3E3BH   LINE      CODE     ---       #160
      00FF3E3FH   LINE      CODE     ---       #161
      00FF3E44H   LINE      CODE     ---       #162
      00FF3E49H   LINE      CODE     ---       #163
      00FF3E50H   LINE      CODE     ---       #164
      ---         BLOCKEND  ---      ---       LVL=0

      00FF44BAH   BLOCK     CODE     ---       LVL=0
      00000294H   SYMBOL    EDATA    WORD      stx
      00000296H   SYMBOL    EDATA    WORD      sty
      WR12        REGSYM    ---      WORD      endx
      WR14        REGSYM    ---      WORD      endy
      00FF44BAH   LINE      CODE     ---       #167
      00FF44C4H   LINE      CODE     ---       #169
      00FF44C9H   LINE      CODE     ---       #170
      00FF44D2H   LINE      CODE     ---       #171
      00FF44D9H   LINE      CODE     ---       #172
      00FF44DEH   LINE      CODE     ---       #173
      00FF44E3H   LINE      CODE     ---       #175
      00FF44E8H   LINE      CODE     ---       #176
      00FF44F1H   LINE      CODE     ---       #177
      00FF44F8H   LINE      CODE     ---       #178
      00FF44FDH   LINE      CODE     ---       #179
      00FF4502H   LINE      CODE     ---       #180
      ---         BLOCKEND  ---      ---       LVL=0

      00FF4899H   BLOCK     CODE     ---       LVL=0
      WR14        REGSYM    ---      WORD      color
      00FF4899H   LINE      CODE     ---       #182
      00FF489DH   LINE      CODE     ---       #184
      00FF489FH   LINE      CODE     ---       #185
      00FF48A1H   LINE      CODE     ---       #186
      00FF48A6H   LINE      CODE     ---       #187
      00FF48ABH   LINE      CODE     ---       #188
      00FF48ADH   LINE      CODE     ---       #189
      ---         BLOCKEND  ---      ---       LVL=0

      00FF4694H   BLOCK     CODE     ---       LVL=0
      WR14        REGSYM    ---      WORD      color
      00FF4698H   BLOCK     CODE     NEAR LAB  LVL=1
      WR12        REGSYM    ---      WORD      i
      000001D9H   SYMBOL    EDATA    WORD      j
      ---         BLOCKEND  ---      ---       LVL=1
      00FF4694H   LINE      CODE     ---       #191
      00FF4698H   LINE      CODE     ---       #192
L251 LINKER/LOCATER V4.66.93.0                                                        07/28/2023  08:35:14  PAGE 24


      00FF4698H   LINE      CODE     ---       #195
      00FF46A7H   LINE      CODE     ---       #196
      00FF46ACH   LINE      CODE     ---       #197
      00FF46B0H   LINE      CODE     ---       #199
      00FF46B6H   LINE      CODE     ---       #201
      00FF46BBH   LINE      CODE     ---       #202
      00FF46CBH   LINE      CODE     ---       #203
      00FF46CFH   LINE      CODE     ---       #204
      ---         BLOCKEND  ---      ---       LVL=0
      R7          REGSYM    ---      BYTE      dat

      00FF4928H   BLOCK     CODE     ---       LVL=0
      WR6         REGSYM    ---      WORD      x1
      WR4         REGSYM    ---      WORD      y1
      WR2         REGSYM    ---      WORD      x2
      WR0         REGSYM    ---      WORD      y2
      00FF4928H   LINE      CODE     ---       #225
      00FF4928H   LINE      CODE     ---       #227
      ---         BLOCKEND  ---      ---       LVL=0

      00FF492BH   BLOCK     CODE     ---       LVL=0
      R7          REGSYM    ---      BYTE      dat
      00FF492BH   LINE      CODE     ---       #234
      00FF492BH   LINE      CODE     ---       #236
      ---         BLOCKEND  ---      ---       LVL=0

      00FF492EH   BLOCK     CODE     ---       LVL=0
      WR6         REGSYM    ---      WORD      dat
      00FF492EH   LINE      CODE     ---       #243
      00FF492EH   LINE      CODE     ---       #245
      ---         BLOCKEND  ---      ---       LVL=0
      WR14        REGSYM    ---      WORD      xend
      WR12        REGSYM    ---      WORD      yend

      00FF48B0H   BLOCK     CODE     ---       LVL=0
      WR2         REGSYM    ---      WORD      x
      WR0         REGSYM    ---      WORD      y
      WR14        REGSYM    ---      WORD      color
      00FF48B0H   LINE      CODE     ---       #273
      00FF48B8H   LINE      CODE     ---       #275
      00FF48BBH   LINE      CODE     ---       #276
      00FF48C0H   LINE      CODE     ---       #277
      ---         BLOCKEND  ---      ---       LVL=0

      00FF4003H   BLOCK     CODE     ---       LVL=0
      WR2         REGSYM    ---      WORD      x1
      WR4         REGSYM    ---      WORD      y1
      WR10        REGSYM    ---      WORD      x2
      WR0         REGSYM    ---      WORD      y2
      00000008H   SYMBOL    EDATA    WORD      color
      00FF4009H   BLOCK     CODE     NEAR LAB  LVL=1
      0000000AH   SYMBOL    EDATA    WORD      t
      0000000CH   SYMBOL    EDATA    INT       xerr
      0000000EH   SYMBOL    EDATA    INT       yerr
      WR14        REGSYM    ---      INT       delta_x
      WR12        REGSYM    ---      INT       delta_y
      00000010H   SYMBOL    EDATA    INT       distance
      00000012H   SYMBOL    EDATA    INT       incx
      00000014H   SYMBOL    EDATA    INT       incy
      00000016H   SYMBOL    EDATA    INT       uRow
      00000018H   SYMBOL    EDATA    INT       uCol
      ---         BLOCKEND  ---      ---       LVL=1
      00FF4003H   LINE      CODE     ---       #287
      00FF4009H   LINE      CODE     ---       #288
      00FF4009H   LINE      CODE     ---       #290
L251 LINKER/LOCATER V4.66.93.0                                                        07/28/2023  08:35:14  PAGE 25


      00FF4013H   LINE      CODE     ---       #292
      00FF4017H   LINE      CODE     ---       #293
      00FF401BH   LINE      CODE     ---       #294
      00FF401FH   LINE      CODE     ---       #295
      00FF4023H   LINE      CODE     ---       #296
      00FF4033H   LINE      CODE     ---       #297
      00FF403DH   LINE      CODE     ---       #298
      00FF404BH   LINE      CODE     ---       #299
      00FF405BH   LINE      CODE     ---       #300
      00FF4065H   LINE      CODE     ---       #301
      00FF4073H   LINE      CODE     ---       #302
      00FF407DH   LINE      CODE     ---       #303
      00FF4081H   LINE      CODE     ---       #304
      00FF4085H   LINE      CODE     ---       #306
      00FF4094H   LINE      CODE     ---       #307
      00FF409EH   LINE      CODE     ---       #308
      00FF40A8H   LINE      CODE     ---       #309
      00FF40B2H   LINE      CODE     ---       #311
      00FF40BEH   LINE      CODE     ---       #312
      00FF40CAH   LINE      CODE     ---       #313
      00FF40CAH   LINE      CODE     ---       #314
      00FF40D0H   LINE      CODE     ---       #316
      00FF40DCH   LINE      CODE     ---       #317
      00FF40E8H   LINE      CODE     ---       #318
      00FF40FEH   LINE      CODE     ---       #320
      ---         BLOCKEND  ---      ---       LVL=0
      WR12        REGSYM    ---      WORD      x2
      WR14        REGSYM    ---      WORD      y2
      WR12        REGSYM    ---      WORD      y0
      WR14        REGSYM    ---      WORD      color

      00FF3E55H   BLOCK     CODE     ---       LVL=0
      WR14        REGSYM    ---      WORD      x
      WR12        REGSYM    ---      WORD      y
      00000283H   SYMBOL    EDATA    BYTE      num
      00000284H   SYMBOL    EDATA    WORD      fc
      00000286H   SYMBOL    EDATA    WORD      bc
      00000288H   SYMBOL    EDATA    BYTE      sizey
      00000289H   SYMBOL    EDATA    BYTE      mode
      00FF3E67H   BLOCK     CODE     NEAR LAB  LVL=1
      0000028AH   SYMBOL    EDATA    BYTE      temp
      0000028BH   SYMBOL    EDATA    BYTE      sizex
      0000028CH   SYMBOL    EDATA    BYTE      t
      0000028DH   SYMBOL    EDATA    BYTE      m
      0000028EH   SYMBOL    EDATA    WORD      i
      00000290H   SYMBOL    EDATA    WORD      TypefaceNum
      00000292H   SYMBOL    EDATA    WORD      x0
      ---         BLOCKEND  ---      ---       LVL=1
      00FF3E55H   LINE      CODE     ---       #381
      00FF3E67H   LINE      CODE     ---       #382
      00FF3E67H   LINE      CODE     ---       #383
      00FF3E6CH   LINE      CODE     ---       #385
      00FF3E70H   LINE      CODE     ---       #386
      00FF3E7EH   LINE      CODE     ---       #387
      00FF3EA2H   LINE      CODE     ---       #388
      00FF3EB0H   LINE      CODE     ---       #389
      00FF3EBFH   LINE      CODE     ---       #390
      00FF3EC4H   LINE      CODE     ---       #391
      00FF3EC9H   LINE      CODE     ---       #393
      00FF3EE4H   LINE      CODE     ---       #394
      00FF3EFBH   LINE      CODE     ---       #395
      00FF3F18H   LINE      CODE     ---       #396
      00FF3F3EH   LINE      CODE     ---       #397
      00FF3F3EH   LINE      CODE     ---       #398
      00FF3F43H   LINE      CODE     ---       #400
L251 LINKER/LOCATER V4.66.93.0                                                        07/28/2023  08:35:14  PAGE 26


      00FF3F49H   LINE      CODE     ---       #402
      00FF3F6AH   LINE      CODE     ---       #403
      00FF3F71H   LINE      CODE     ---       #404
      00FF3F7AH   LINE      CODE     ---       #405
      00FF3F8DH   LINE      CODE     ---       #407
      00FF3F92H   LINE      CODE     ---       #408
      00FF3F94H   LINE      CODE     ---       #409
      00FF3F94H   LINE      CODE     ---       #413
      00FF3FBAH   LINE      CODE     ---       #414
      00FF3FBCH   LINE      CODE     ---       #415
      00FF3FCCH   LINE      CODE     ---       #417
      00FF3FD0H   LINE      CODE     ---       #418
      00FF3FD2H   LINE      CODE     ---       #419
      00FF3FD4H   LINE      CODE     ---       #420
      00FF3FD4H   LINE      CODE     ---       #422
      00FF3FE9H   LINE      CODE     ---       #423
      00FF4000H   LINE      CODE     ---       #424
      ---         BLOCKEND  ---      ---       LVL=0

      00FF4417H   BLOCK     CODE     ---       LVL=0
      00000279H   SYMBOL    EDATA    WORD      x
      0000027BH   SYMBOL    EDATA    WORD      y
      REG=3       REGSYM    ---      ---       p
      0000027DH   SYMBOL    EDATA    WORD      fc
      0000027FH   SYMBOL    EDATA    WORD      bc
      00000281H   SYMBOL    EDATA    BYTE      sizey
      00000282H   SYMBOL    EDATA    BYTE      mode
      00FF4417H   LINE      CODE     ---       #437
      00FF4427H   LINE      CODE     ---       #439
      00FF4429H   LINE      CODE     ---       #441
      00FF444FH   LINE      CODE     ---       #442
      00FF445FH   LINE      CODE     ---       #443
      00FF4461H   LINE      CODE     ---       #444
      00FF4466H   LINE      CODE     ---       #445
      ---         BLOCKEND  ---      ---       LVL=0
      R8          REGSYM    ---      BYTE      m
      R9          REGSYM    ---      BYTE      n
      DR4         REGSYM    ---      DWORD     result
      WR12        REGSYM    ---      WORD      y
      WR14        REGSYM    ---      WORD      fc
      WR12        REGSYM    ---      WORD      x
      WR14        REGSYM    ---      WORD      y
      DR28        REGSYM    ---      FLOAT     num
      WR0         REGSYM    ---      WORD      x
      WR10        REGSYM    ---      WORD      y
      WR12        REGSYM    ---      WORD      length
      WR14        REGSYM    ---      WORD      width

      00FF45D5H   BLOCK     CODE     ---       LVL=0
      00FF45D5H   LINE      CODE     ---       #549
      00FF45D5H   LINE      CODE     ---       #555
      00FF45DCH   LINE      CODE     ---       #556
      00FF45E3H   LINE      CODE     ---       #557
      00FF45EAH   LINE      CODE     ---       #558
      00FF45F1H   LINE      CODE     ---       #559
      00FF45F8H   LINE      CODE     ---       #560
      00FF45FFH   LINE      CODE     ---       #561
      00FF4606H   LINE      CODE     ---       #562
      00FF460DH   LINE      CODE     ---       #563
      00FF4616H   LINE      CODE     ---       #564
      ---         BLOCKEND  ---      ---       LVL=0

      ---         MODULE    ---      ---       ?C?FPMUL
      00FF341AH   PUBLIC    CODE     ---       ?C?FPMUL

L251 LINKER/LOCATER V4.66.93.0                                                        07/28/2023  08:35:14  PAGE 27


      ---         MODULE    ---      ---       ?C?CASTF
      00FF34BAH   PUBLIC    CODE     NEAR LAB  ?C?CASTF

      ---         MODULE    ---      ---       PRINTF
      00000229H   PUBLIC    EDATA    ---       ?PRINTF?BYTE
      00FF34F7H   PUBLIC    CODE     NEAR LAB  PRINTF

      ---         MODULE    ---      ---       SPRINTF
      00000229H   PUBLIC    EDATA    ---       ?SPRINTF?BYTE
      00FF3523H   PUBLIC    CODE     NEAR LAB  SPRINTF

      ---         MODULE    ---      ---       ?C?FPGETOPN
      00FF3543H   PUBLIC    CODE     ---       ?C?FPGETOPN2
      00FF3580H   PUBLIC    CODE     ---       ?C?FPNANRESULT
      00FF3588H   PUBLIC    CODE     ---       ?C?FPOVERFLOW
      00FF355CH   PUBLIC    CODE     ---       ?C?FPRESULT
      00FF3572H   PUBLIC    CODE     ---       ?C?FPRESULT2
      00FF3585H   PUBLIC    CODE     ---       ?C?FPUNDERFLOW

      ---         MODULE    ---      ---       ?C?PRNFMT
      00FF35C1H   PUBLIC    CODE     ---       ?C?PRNFMT

      ---         MODULE    ---      ---       ?C?FPCONVERT
      00FF39DEH   PUBLIC    CODE     ---       ?C?FPCONVERT
      00FF3A96H   PUBLIC    CODE     ---       ?C?FPROUND

      ---         MODULE    ---      ---       ?C?FPDIV
      00FF3AD9H   PUBLIC    CODE     ---       ?C?FPDIV

      ---         MODULE    ---      ---       ?C?FTNPWR
      00FF3B8AH   PUBLIC    CODE     ---       ?C?FTNPWR

      ---         MODULE    ---      ---       ?C_START
      00FF0000H   PUBLIC    CODE     ---       ?C?STARTUP
      00FF0000H   PUBLIC    CODE     ---       ?C_STARTUP

      ---         MODULE    ---      ---       ?C?INITEDATA
      00FF462AH   PUBLIC    CODE     ---       ?C?INITEDATA

      ---         MODULE    ---      ---       ?C?SIDIV
      00FF3BC1H   PUBLIC    CODE     ---       ?C?SIDIV

      ---         MODULE    ---      ---       ?C?LMUL
      00FF3BF3H   PUBLIC    CODE     ---       ?C?LMUL

      ---         MODULE    ---      ---       ?C?ULDIV
      00FF3C06H   PUBLIC    CODE     NEAR LAB  ?C?ULDIV
      00FF3C04H   PUBLIC    CODE     NEAR LAB  ?C?ULIDIV

      ---         MODULE    ---      ---       ?C?BMOVENP
      00FF3C59H   PUBLIC    CODE     ---       ?C?BMOVENP
      00FF3C57H   PUBLIC    CODE     ---       ?C?BMOVENP8

      ---         MODULE    ---      ---       memset
      00FF4820H   PUBLIC    CODE     ---       memset?_

      ---         MODULE    ---      ---       ?C?INITEDATA_END
      00FF4B5EH   PUBLIC    HCONST   WORD      ?C?INITEDATA_END



*** WARNING L57: UNCALLED FUNCTION, IGNORED FOR OVERLAY PROCESS
    NAME:    UartSendByte/main

*** WARNING L57: UNCALLED FUNCTION, IGNORED FOR OVERLAY PROCESS
L251 LINKER/LOCATER V4.66.93.0                                                        07/28/2023  08:35:14  PAGE 28


    NAME:    LCD_WR_DATA8/lcd

*** WARNING L57: UNCALLED FUNCTION, IGNORED FOR OVERLAY PROCESS
    NAME:    LCD_DrawLine/lcd

*** WARNING L16: UNCALLED SEGMENT, IGNORED FOR OVERLAY PROCESS
    NAME:    ?C?ULIDIV/?C?ULDIV

Program Size: data=8.1 edata+hdata=907 xdata=0 const=559 code=18737
L251 RUN COMPLETE.  4 WARNING(S),  0 ERROR(S)
