L251 LINKER/LOCATER V4.66.93.0                                                          07/20/2023  22:40:37  PAGE 1


L251 LINKER/LOCATER V4.66.93.0, INVOKED BY:
D:\KEIL_V5\C251\BIN\L251.EXE .\Objects\main.obj, .\Objects\MAX7219.obj, .\Objects\uart.obj TO .\Objects\PWM1 PRINT (.\Li
>> stings\PWM1.map) CASE REMOVEUNUSED CLASSES (EDATA (0X0-0XFFF), HDATA (0X0-0XFFF))


CPU MODE:     251 SOURCE MODE
INTR FRAME:   4 BYTES SAVED ON INTERRUPT
MEMORY MODEL: LARGE


INPUT MODULES INCLUDED:
  .\Objects\main.obj (main)
         COMMENT TYPE 0: C251 V5.60.0
  .\Objects\MAX7219.obj (MAX7219)
         COMMENT TYPE 0: C251 V5.60.0
  .\Objects\uart.obj (uart)
         COMMENT TYPE 0: C251 V5.60.0
  D:\KEIL_V5\C251\LIB\C2SL.LIB (?C_START)
         COMMENT TYPE 0: A251 V4.69.6.0
  D:\KEIL_V5\C251\LIB\C2SL.LIB (?C?INITHDATA)
         COMMENT TYPE 0: A251 V4.69.6.0
  D:\KEIL_V5\C251\LIB\C2SL.LIB (?C?SIDIV)
         COMMENT TYPE 0: A251 V4.69.6.0
  D:\KEIL_V5\C251\LIB\C2SL.LIB (?C?SLDIV)
         COMMENT TYPE 0: A251 V4.69.6.0
  D:\KEIL_V5\C251\LIB\C2SL.LIB (?C?BMOVEPP)
         COMMENT TYPE 0: A251 V4.69.6.0
  D:\KEIL_V5\C251\LIB\C2SL.LIB (SPRINTF)
         COMMENT TYPE 0: A251 V4.69.6.0
  D:\KEIL_V5\C251\LIB\C2SL.LIB (VSPRINTF)
         COMMENT TYPE 0: A251 V4.69.6.0
  D:\KEIL_V5\C251\LIB\C2SL.LIB (ATOI)
         COMMENT TYPE 0: C251 V5.58.7
  D:\KEIL_V5\C251\LIB\C2SL.LIB (STRCPY?_)
         COMMENT TYPE 0: A251 V4.69.6.0
  D:\KEIL_V5\C251\LIB\C2SL.LIB (memset)
         COMMENT TYPE 0: C251 V5.58.7
  D:\KEIL_V5\C251\LIB\C2SL.LIB (?C?INITHDATA_END)
         COMMENT TYPE 0: A251 V4.69.6.0
  D:\KEIL_V5\C251\LIB\C2SL.LIB (?C?ULDIV)
         COMMENT TYPE 0: A251 V4.69.6.0
  D:\KEIL_V5\C251\LIB\C2SL.LIB (?C?PRNFMT)
         COMMENT TYPE 0: A251 V4.69.6.0
  D:\KEIL_V5\C251\LIB\C2SL.LIB (ISDIGIT)
         COMMENT TYPE 0: C251 V5.58.7
  D:\KEIL_V5\C251\LIB\C2SL.LIB (ISSPACE)
         COMMENT TYPE 0: C251 V5.58.7


ACTIVE MEMORY CLASSES OF MODULE:  .\Objects\PWM1 (main)

BASE        START       END         USED      MEMORY CLASS
==========================================================
000000H     000000H     000FFFH     000100H   EDATA
000000H     000000H     000FFFH               HDATA
000000H     FF0000H     FFFFFFH     00041EH   HCONST
FF0000H     FF0000H     FFFFFFH     000D0BH   CODE
010000H     010000H     01FFFFH     000616H   XDATA
000020H.0   000020H.0   00002FH.7   000000H.3 BIT
FF0000H     FF0000H     FFFFFFH     000004H   CONST
000000H     000000H     00007FH     000008H   DATA


MEMORY MAP OF MODULE:  .\Objects\PWM1 (main)


L251 LINKER/LOCATER V4.66.93.0                                                        07/20/2023  22:40:37  PAGE 2


START     STOP      LENGTH    ALIGN  RELOC    MEMORY CLASS   SEGMENT NAME
=========================================================================
000000H   000007H   000008H   ---    AT..     DATA           "REG BANK 0"
000008H.0 00001FH.7 000018H.0 ---    ---      **GAP**
000020H.0 000020H.2 000000H.3 BIT    UNIT     BIT            ?BI?UART
000020H.3 000020H   000000H.5 ---    ---      **GAP**
000021H   000120H   000100H   BYTE   UNIT     EDATA          ?STACK
000121H   00FFFFH   00FEDFH   ---    ---      **GAP**
010000H   010365H   000366H   BYTE   INSEG    XDATA          ?XD?MAIN
010366H   010613H   0002AEH   BYTE   UNIT     XDATA          _XDATA_GROUP_
010614H   010615H   000002H   BYTE   INSEG    XDATA          ?XD?UART
010616H   FEFFFFH   FDF9EAH   ---    ---      **GAP**
FF0000H   FF0002H   000003H   ---    OFFS..   CODE           ?CO?start251?4
FF0003H   FF0006H   000004H   BYTE   UNIT     CONST          ?CO?PRINTF
FF0007H   FF000AH   000004H   ---    ---      **GAP**
FF000BH   FF000DH   000003H   ---    OFFS..   CODE           ?PR?IV?1
FF000EH   FF0021H   000014H   BYTE   INSEG    CODE           ?PR?CALCULATECHANGE?MAIN
FF0022H   FF0022H   000001H   ---    ---      **GAP**
FF0023H   FF0025H   000003H   ---    OFFS..   CODE           ?PR?IV?4
FF0026H   FF0085H   000060H   BYTE   INSEG    CODE           ?PR?JIEXI?MAIN
FF0086H   FF008AH   000005H   ---    ---      **GAP**
FF008BH   FF008DH   000003H   ---    OFFS..   CODE           ?PR?IV?17
FF008EH   FF00D2H   000045H   BYTE   INSEG    CODE           ?PR?SETZHIONE?MAIN
FF00D3H   FF00D5H   000003H   ---    OFFS..   CODE           ?PR?IV?26
FF00D6H   FF04CDH   0003F8H   BYTE   UNIT     CODE           ?C?LIB_CODE
FF04CEH   FF058CH   0000BFH   BYTE   INSEG    CODE           ?PR?JIXI2?MAIN
FF058DH   FF0629H   00009DH   BYTE   INSEG    CODE           ?PR?SHOWPRE?MAIN
FF062AH   FF06A8H   00007FH   BYTE   INSEG    CODE           ?PR?ATOI?_?ATOI
FF06A9H   FF0716H   00006EH   BYTE   INSEG    CODE           ?PR?KEYALLCHULI?MAIN
FF0717H   FF0772H   00005CH   BYTE   INSEG    CODE           ?PR?PWM_ISR?MAIN
FF0773H   FF07C2H   000050H   BYTE   INSEG    CODE           ?PR?PWM_CONFIG?MAIN
FF07C3H   FF080FH   00004DH   BYTE   INSEG    CODE           ?PR?PRINTF1?MAIN
FF0810H   FF085CH   00004DH   BYTE   INSEG    CODE           ?PR?PRINTF3?MAIN
FF085DH   FF086FH   000013H   BYTE   UNIT     CODE           ?C_C51STARTUP
FF0870H   FF08A0H   000031H   BYTE   UNIT     CODE           ?C_C51STARTUP?2
FF08A1H   FF08A3H   000003H   BYTE   UNIT     CODE           ?C_C51STARTUP?3
FF08A4H   FF08E8H   000045H   BYTE   INSEG    CODE           ?PR?SHURULVBO?MAIN
FF08E9H   FF0927H   00003FH   BYTE   INSEG    CODE           ?PR?MYADDSTRSTR?MAIN
FF0928H   FF0965H   00003EH   BYTE   INSEG    CODE           ?PR?MAIN?MAIN
FF0966H   FF09A2H   00003DH   BYTE   INSEG    CODE           ?PR?EC11_HANDLE?MAIN
FF09A3H   FF09DCH   00003AH   BYTE   INSEG    CODE           ?PR?SYS_INI?MAIN
FF09DDH   FF0A15H   000039H   BYTE   INSEG    CODE           ?PR?CHUANKOU1PUT?MAIN
FF0A16H   FF0A48H   000033H   BYTE   INSEG    CODE           ?PR?MYSTRSTR?MAIN
FF0A49H   FF0A79H   000031H   BYTE   INSEG    CODE           ?PR?CHULIDIANLIU?MAIN
FF0A7AH   FF0AA9H   000030H   BYTE   INSEG    CODE           ?PR?DEALCHUANKOU?MAIN
FF0AAAH   FF0AD8H   00002FH   BYTE   INSEG    CODE           ?PR?YOUT_SET?MAIN
FF0AD9H   FF0B00H   000028H   BYTE   INSEG    CODE           ?PR?UARTINTERRUPT?MAIN
FF0B01H   FF0B25H   000025H   BYTE   INSEG    CODE           ?PR?CHUANKOU1TIME?MAIN
FF0B26H   FF0B4AH   000025H   BYTE   INSEG    CODE           ?PR?TIMECHULI?MAIN
FF0B4BH   FF0B69H   00001FH   BYTE   INSEG    CODE           ?PR?SENDBYTE1?UART
FF0B6AH   FF0B87H   00001EH   BYTE   INSEG    CODE           ?PR?KEYDOWN?MAIN
FF0B88H   FF0BA5H   00001EH   BYTE   INSEG    CODE           ?PR?CHANGEDAINLIUZHI?MAIN
FF0BA6H   FF0BC3H   00001EH   BYTE   INSEG    CODE           ?PR?UART23INIT?UART
FF0BC4H   FF0BE0H   00001DH   BYTE   INSEG    CODE           ?PR?ADDGETSETZHI?MAIN
FF0BE1H   FF0BFBH   00001BH   BYTE   INSEG    CODE           ?PR?UARTINIT?UART
FF0BFCH   FF0C16H   00001BH   BYTE   INSEG    CODE           ?PR?TIMER0INIT?UART
FF0C17H   FF0C30H   00001AH   BYTE   INSEG    CODE           ?PR?KEYUP?MAIN
FF0C31H   FF0C4AH   00001AH   BYTE   INSEG    CODE           ?PR?TIMER0?MAIN
FF0C4BH   FF0C64H   00001AH   BYTE   INSEG    CODE           ?PR?MEMSET?_?MEMSET
FF0C65H   FF0C7BH   000017H   BYTE   INSEG    CODE           ?PR?UART3?MAIN
FF0C7CH   FF0C91H   000016H   BYTE   INSEG    CODE           ?PR?YOUT_CLOSEALL?MAIN
FF0C92H   FF0CA5H   000014H   BYTE   UNIT     CODE           ?CO?MAIN
FF0CA6H   FF0CB9H   000014H   BYTE   INSEG    CODE           ?PR?ISSPACE?_?ISSPACE
FF0CBAH   FF0CCCH   000013H   BYTE   INSEG    CODE           ?PR?SETDIANLIUSETTIME?MAIN
FF0CCDH   FF0CDFH   000013H   BYTE   UNIT     CODE           ?PR?STRCPY?_
L251 LINKER/LOCATER V4.66.93.0                                                        07/20/2023  22:40:37  PAGE 3


FF0CE0H   FF0CF1H   000012H   BYTE   INSEG    CODE           ?PR?MYSTRLEN?MAIN
FF0CF2H   FF0D01H   000010H   BYTE   INSEG    CODE           ?PR?ISDIGIT?_?ISDIGIT
FF0D02H   FF0D0DH   00000CH   BYTE   INSEG    CODE           ?PR?DELAY10US?MAIN
FF0D0EH   FF0D18H   00000BH   BYTE   INSEG    CODE           ?PR?SENDBYTE3?UART
FF0D19H   FF0FB9H   0002A1H   BYTE   UNIT     HCONST         ?HC?MAIN
FF0FBAH   FF1136H   00017DH   BYTE   UNIT     HCONST         ?C_INITHDATA

* * * * * * * * *   R E M O V E D     S E G M E N T S   * * * * * * * *
   *DEL*:           000015H   BYTE   INSEG    CODE           ?PR?SHOWSTEP?MAIN
   *DEL*:           00005EH   BYTE   INSEG    CODE           ?PR?SHOWGETZHI?MAIN
   *DEL*:           00000FH   BYTE   INSEG    CODE           ?PR?DELAY100MS?MAIN
   *DEL*:           0000B4H   BYTE   INSEG    CODE           ?PR?JIXI3?MAIN
   *DEL*:           000001H   BYTE   INSEG    CODE           ?PR?TESTMAIN?MAIN
   *DEL*:           000016H   BYTE   INSEG    CODE           ?PR?DELAY10X?MAIN
   *DEL*:           000033H   BYTE   INSEG    CODE           ?PR?MY_STRSTR?MAIN
   *DEL*:           000006H   BYTE   UNIT     XDATA          ?XD?JIXI3?MAIN
   *DEL*:           000027H   BYTE   INSEG    CODE           ?PR?MAX7219_INI?MAX7219
   *DEL*:           000030H   BYTE   INSEG    CODE           ?PR?WRITE7219?MAX7219
   *DEL*:           000020H   BYTE   INSEG    CODE           ?PR?PRINTSTRING?UART
   *DEL*:           00000DH   BYTE   INSEG    CODE           ?PR?DELAY1US?UART
   *DEL*:           00000BH   BYTE   INSEG    CODE           ?PR?SENDBYTE2?UART
   *DEL*:           00000BH   BYTE   INSEG    CODE           ?PR?SENDBYTE4?UART
   *DEL*:           000037H   BYTE   INSEG    CODE           ?PR?PRINT4LEN?UART
   *DEL*:           000016H   BYTE   INSEG    CODE           ?PR?PRINT3?UART
   *DEL*:           000016H   BYTE   INSEG    CODE           ?PR?PRINT4?UART
   *DEL*:           00001FH   BYTE   INSEG    CODE           ?PR?UART4INIT?UART
   *DEL*:           00000CH   BYTE   INSEG    CODE           ?PR?PUTCHAR?UART
   *DEL*:           000004H   BYTE   UNIT     XDATA          ?XD?PRINT4LEN?UART



OVERLAY MAP OF MODULE:   .\Objects\PWM1 (main)


FUNCTION/MODULE             XDATA_GROUP
--> CALLED FUNCTION/MODULE  START  STOP
=======================================
UARTInterrupt/main          ----- -----
  +--> chuankou1put/main

chuankou1put/main           ----- -----

*** NEW ROOT **************

Timer0/main                 ----- -----
  +--> shurulvbo/main
  +--> timechuli/main
  +--> chuankou1time/main

shurulvbo/main              ----- -----

timechuli/main              ----- -----

chuankou1time/main          ----- -----

*** NEW ROOT **************

PWM_ISR/main                ----- -----
  +--> EC11_Handle/main

EC11_Handle/main            ----- -----
  +--> calculateChange/main
  +--> addgetsetzhi/main

calculateChange/main        ----- -----
L251 LINKER/LOCATER V4.66.93.0                                                        07/20/2023  22:40:37  PAGE 4


  +--> ?C?SLDIV/?C?SLDIV

?C?SLDIV/?C?SLDIV           ----- -----
  +--> ?C?ULIDIV/?C?ULDIV

?C?ULIDIV/?C?ULDIV          ----- -----

addgetsetzhi/main           ----- -----

*** NEW ROOT **************

Uart3/main                  ----- -----

*** NEW ROOT **************

?C_C51STARTUP               ----- -----

*** NEW ROOT **************

?C_C51STARTUP?3             ----- -----
  +--> main/main

main/main                   ----- -----
  +--> SYS_Ini/main
  +--> PWM_Config/main
  +--> UartInit/uart
  +--> Uart23Init/uart
  +--> printf1/main
  +--> Timer0Init/uart
  +--> keyallchuli/main
  +--> showpre/main
  +--> dealchuankou/main
  +--> changedainliuzhi/main
  +--> chulidianliu/main

SYS_Ini/main                ----- -----

PWM_Config/main             ----- -----

UartInit/uart               ----- -----

Uart23Init/uart             ----- -----

printf1/main                0564H 060FH
  +--> VSPRINTF/VSPRINTF
  +--> sendbyte1/uart

VSPRINTF/VSPRINTF           0610H 0613H
  +--> OUT/VSPRINTF

OUT/VSPRINTF                ----- -----
  +--> PUTCH/VSPRINTF

PUTCH/VSPRINTF              ----- -----

sendbyte1/uart              ----- -----

Timer0Init/uart             ----- -----

keyallchuli/main            ----- -----
  +--> keydown/main
  +--> keyup/main

keydown/main                ----- -----
  +--> printf1/main
L251 LINKER/LOCATER V4.66.93.0                                                        07/20/2023  22:40:37  PAGE 5


  +--> setzhione/main

setzhione/main              0366H 0383H
  +--> SPRINTF/SPRINTF
  +--> printf3/main

SPRINTF/SPRINTF             0384H 03ABH
  +--> OUT/SPRINTF

OUT/SPRINTF                 ----- -----
  +--> PUTCH/SPRINTF

PUTCH/SPRINTF               ----- -----

printf3/main                0384H 042FH
  +--> VSPRINTF/VSPRINTF
  +--> sendbyte3/uart

sendbyte3/uart              ----- -----

keyup/main                  ----- -----
  +--> printf1/main
  +--> setzhione/main

showpre/main                0366H 036DH
  +--> yout_closeall/main
  +--> yout_set/main
  +--> Delay10us/main

yout_closeall/main          ----- -----
  +--> yout_set/main

yout_set/main               ----- -----

Delay10us/main              ----- -----

dealchuankou/main           ----- -----
  +--> jiexi/main
  +--> memset?_/memset

jiexi/main                  0366H 0559H
  +--> myaddstrstr/main
  +--> STRCPY?_/STRCPY?_
  +--> jixi2/main

myaddstrstr/main            0564H 0567H
  +--> mystrstr/main
  +--> mystrlen/main

mystrstr/main               ----- -----

mystrlen/main               ----- -----

STRCPY?_/STRCPY?_           ----- -----

jixi2/main                  055AH 0563H
  +--> myaddstrstr/main
  +--> atoi?_/ATOI
  +--> printf1/main

atoi?_/ATOI                 ----- -----
  +--> isspace?_/ISSPACE
  +--> isdigit?_/ISDIGIT

isspace?_/ISSPACE           ----- -----
L251 LINKER/LOCATER V4.66.93.0                                                        07/20/2023  22:40:37  PAGE 6



isdigit?_/ISDIGIT           ----- -----

memset?_/memset             ----- -----

changedainliuzhi/main       ----- -----
  +--> setdianliusettime/main

setdianliusettime/main      ----- -----

chulidianliu/main           ----- -----
  +--> setzhione/main
  +--> printf1/main

*** NEW ROOT **************

?C_C51STARTUP?2             ----- -----



PUBLIC SYMBOLS OF MODULE:  .\Objects\PWM1 (main)


      VALUE       CLASS    TYPE      PUBLIC SYMBOL NAME
      =================================================
      00FF013EH   CODE     ---       ?C?BMOVEPP
      00FF013CH   CODE     ---       ?C?BMOVEPP8
      000000FFH   NUMBER   ---       ?C?CODESEG
      00FF0870H   CODE     ---       ?C?INITHDATA
      00FF1135H   HCONST   WORD      ?C?INITHDATA_END
      00FF0227H   CODE     ---       ?C?PRNFMT
      00FF00D6H   CODE     ---       ?C?SIDIV
      00FF0108H   CODE     NEAR LAB  ?C?SLDIV
      00FF0000H   CODE     ---       ?C?STARTUP
      00FF01A9H   CODE     NEAR LAB  ?C?ULDIV
      00FF01A7H   CODE     NEAR LAB  ?C?ULIDIV
      00000001H   NUMBER   ---       ?C?XDATASEG
      00FF0000H   CODE     ---       ?C_STARTUP
      0001058CH   XDATA    BYTE      ?printf1?BYTE
      000103ACH   XDATA    BYTE      ?printf3?BYTE
      000103ACH   XDATA    ---       ?sprintf?BYTE
      00010608H   XDATA    ---       ?vsprintf?BYTE
*SFR* 000000BCH   DATA     BYTE      ADC_CONTR
*SFR* 000000DEH   DATA     BYTE      ADCCFG
      00FF0BC4H   CODE     ---       addgetsetzhi
      00FF062AH   CODE     ---       atoi?_
*SFR* 000000EFH   DATA     BYTE      AUXINTIF
*SFR* 0000008EH   DATA     BYTE      AUXR
*SFR* 00000097H   DATA     BYTE      AUXR2
      00010127H   XDATA    ---       buf3
      00000020H.0 BIT      BIT       busy2
      00000020H.1 BIT      BIT       busy3
      00000020H.2 BIT      BIT       busy4
      00FF000EH   CODE     ---       calculateChange
*SFR* 000000F1H   DATA     BYTE      CANICR
      00FF0B88H   CODE     ---       changedainliuzhi
      00FF09DDH   CODE     ---       chuankou1put
      00FF0B01H   CODE     ---       chuankou1time
      00FF0A49H   CODE     ---       chulidianliu
*SFR* 000000EAH   DATA     BYTE      CKCON
*SFR* 000000E8H.4 DATA     BIT       CLK
*SFR* 000000E6H   DATA     BYTE      CMPCR1
*SFR* 000000E7H   DATA     BYTE      CMPCR2
      00010126H   XDATA    BYTE      cnt_H
      0001031BH   XDATA    BYTE      cnt_L
L251 LINKER/LOCATER V4.66.93.0                                                        07/20/2023  22:40:37  PAGE 7


      000100D4H   XDATA    WORD      count
*SFR* 000000E8H.5 DATA     BIT       CS
      00FF0A7AH   CODE     ---       dealchuankou
      00010614H   XDATA    INT       debug
*DEL*:00000000H   CODE     ---       Delay100ms
      00FF0D02H   CODE     ---       Delay10us
*DEL*:00000000H   CODE     ---       delay10x
*DEL*:00000000H   CODE     ---       Delay1us
      00010124H   XDATA    INT       dianliusettime
*SFR* 000000E8H.6 DATA     BIT       DIN
      00FF0C92H   CODE     ---       duanzhi
*SFR* 000000A8H.7 DATA     BIT       EA
*SFR* 000000BAH.7 DATA     BIT       EAXFR
      00FF0966H   CODE     ---       EC11_Handle
*SFR* 000000A8H.4 DATA     BIT       ES
*SFR* 000000A8H.1 DATA     BIT       ET0
*SFR* 000000A8H.3 DATA     BIT       ET1
      000100DAH   XDATA    CHAR      flag3
      000100F9H   XDATA    CHAR      flagdianliuset
      00010002H   XDATA    ---       getzhi
      00010000H   XDATA    INT       gsetzhi
*SFR* 000000C7H   DATA     BYTE      IAP_CONTR
*SFR* 000000A8H   DATA     BYTE      IE
*SFR* 000000AFH   DATA     BYTE      IE2
*SFR* 0000008FH   DATA     BYTE      INTCLKO
*SFR* 000000B8H   DATA     BYTE      IP
*SFR* 000000B5H   DATA     BYTE      IP2
*SFR* 000000B6H   DATA     BYTE      IP2H
*SFR* 000000DFH   DATA     BYTE      IP3
*SFR* 000000EEH   DATA     BYTE      IP3H
*SFR* 000000B7H   DATA     BYTE      IPH
*SFR* 0000009DH   DATA     BYTE      IRCBAND
      00FF0CF2H   CODE     ---       isdigit?_
      00FF0CA6H   CODE     ---       isspace?_
      00FF0026H   CODE     ---       jiexi
      00FF04CEH   CODE     ---       jixi2
*DEL*:00000000H   CODE     ---       jixi3
      00FF06A9H   CODE     ---       keyallchuli
      00FF0B6AH   CODE     ---       keydown
      00FF0C17H   CODE     ---       keyup
*SFR* 000000A0H.1 DATA     BIT       led1
*SFR* 000000A0H.0 DATA     BIT       led2
*SFR* 000000C0H.4 DATA     BIT       led3
*SFR* 000000C0H.3 DATA     BIT       led4
*SFR* 000000F9H   DATA     BYTE      LINICR
      00FF0928H   CODE     ---       main
*DEL*:00000000H   CODE     ---       MAX7219_Ini
      00FF0C4BH   CODE     ---       memset?_
*DEL*:00000000H   CODE     ---       my_strstr
      00FF08E9H   CODE     ---       myaddstrstr
      00FF0CE0H   CODE     ---       mystrlen
      00FF0A16H   CODE     ---       mystrstr
      0001031CH   XDATA    WORD      newcount
      000100CCH   XDATA    INT       numRegisters
*SFR* 00000080H   DATA     BYTE      P0
*SFR* 00000094H   DATA     BYTE      P0M0
*SFR* 00000093H   DATA     BYTE      P0M1
*SFR* 00000090H   DATA     BYTE      P1
*SFR* 00000092H   DATA     BYTE      P1M0
*SFR* 00000091H   DATA     BYTE      P1M1
*SFR* 000000A0H   DATA     BYTE      P2
*SFR* 00000096H   DATA     BYTE      P2M0
*SFR* 00000095H   DATA     BYTE      P2M1
*SFR* 000000B0H   DATA     BYTE      P3
*SFR* 000000B2H   DATA     BYTE      P3M0
L251 LINKER/LOCATER V4.66.93.0                                                        07/20/2023  22:40:37  PAGE 8


*SFR* 000000B1H   DATA     BYTE      P3M1
*SFR* 000000C0H   DATA     BYTE      P4
*SFR* 000000B4H   DATA     BYTE      P4M0
*SFR* 000000B3H   DATA     BYTE      P4M1
*SFR* 000000C8H   DATA     BYTE      P5
*SFR* 000000CAH   DATA     BYTE      P5M0
*SFR* 000000C9H   DATA     BYTE      P5M1
*SFR* 000000E8H   DATA     BYTE      P6
*SFR* 000000CCH   DATA     BYTE      P6M0
*SFR* 000000CBH   DATA     BYTE      P6M1
*SFR* 000000F8H   DATA     BYTE      P7
*SFR* 000000E2H   DATA     BYTE      P7M0
*SFR* 000000E1H   DATA     BYTE      P7M1
*SFR* 000000A2H   DATA     BYTE      P_SW1
*SFR* 000000BAH   DATA     BYTE      P_SW2
*SFR* 000000BBH   DATA     BYTE      P_SW3
*SFR* 00000087H   DATA     BYTE      PCON
*DEL*:00000000H   CODE     ---       print3
*DEL*:00000000H   CODE     ---       print4
*DEL*:00000000H   CODE     ---       print4len
      00FF07C3H   CODE     ---       printf1
      00FF0810H   CODE     ---       printf3
*DEL*:00000000H   CODE     ---       PrintString
*SFR* 000000D0H   DATA     BYTE      PSW
*SFR* 000000B8H.1 DATA     BIT       PT0
*DEL*:00000000H   CODE     ---       putchar
      00FF0773H   CODE     ---       PWM_Config
      00FF0717H   CODE     ---       PWM_ISR
      000100FAH   XDATA    ---       registers
*SFR* 00000098H.0 DATA     BIT       RI
*SFR* 000000FFH   DATA     BYTE      RSTCFG
*SFR* 0000009BH   DATA     BYTE      S2BUF
*SFR* 0000009AH   DATA     BYTE      S2CON
*SFR* 000000BAH.1 DATA     BIT       S3_S
*SFR* 000000ADH   DATA     BYTE      S3BUF
*SFR* 000000ACH   DATA     BYTE      S3CON
*SFR* 000000FEH   DATA     BYTE      S4BUF
*SFR* 000000FDH   DATA     BYTE      S4CON
*SFR* 00000099H   DATA     BYTE      SBUF
*SFR* 00000098H   DATA     BYTE      SCON
      00FF0B4BH   CODE     ---       sendbyte1
*DEL*:00000000H   CODE     ---       sendbyte2
      00FF0D0EH   CODE     ---       sendbyte3
*DEL*:00000000H   CODE     ---       sendbyte4
      00FF0CBAH   CODE     ---       setdianliusettime
      00010122H   XDATA    INT       setprezhi
      00FF008EH   CODE     ---       setzhione
*DEL*:00000000H   CODE     ---       showgetzhi
      00FF058DH   CODE     ---       showpre
*DEL*:00000000H   CODE     ---       showstep
      00FF08A4H   CODE     ---       shurulvbo
*SFR* 000000CEH   DATA     BYTE      SPCTL
      00FF0165H   CODE     NEAR LAB  sprintf
*SFR* 000000CDH   DATA     BYTE      SPSTAT
      000100D6H   XDATA    INT       step
      00FF0CCDH   CODE     NEAR LAB  strcpy?_
      00FF09A3H   CODE     ---       SYS_Ini
*SFR* 000000D6H   DATA     BYTE      T2H
*SFR* 000000D7H   DATA     BYTE      T2L
*SFR* 000000D2H   DATA     BYTE      T4H
*SFR* 000000D3H   DATA     BYTE      T4L
*SFR* 000000DDH   DATA     BYTE      T4T3M
*SFR* 00000088H   DATA     BYTE      TCON
*DEL*:00000000H   CODE     ---       testmain
*SFR* 00000088H.5 DATA     BIT       TF0
L251 LINKER/LOCATER V4.66.93.0                                                        07/20/2023  22:40:37  PAGE 9


*SFR* 0000008CH   DATA     BYTE      TH0
*SFR* 0000008DH   DATA     BYTE      TH1
*SFR* 00000098H.1 DATA     BIT       TI
      00FF0B26H   CODE     ---       timechuli
      000100CAH   XDATA    INT       timeleft1
      000100CEH   XDATA    INT       timeleft2
      000100D0H   XDATA    INT       timeleft3
      000100D2H   XDATA    INT       timeleft4
      00FF0C31H   CODE     ---       Timer0
      00FF0BFCH   CODE     ---       Timer0Init
*SFR* 0000008AH   DATA     BYTE      TL0
*SFR* 0000008BH   DATA     BYTE      TL1
*SFR* 00000089H   DATA     BYTE      TMOD
*SFR* 00000088H.4 DATA     BIT       TR0
*SFR* 00000088H.6 DATA     BIT       TR1
      00FF0BA6H   CODE     ---       Uart23Init
      00FF0C65H   CODE     ---       Uart3
*DEL*:00000000H   CODE     ---       Uart4Init
      00FF0BE1H   CODE     ---       UartInit
      00FF0AD9H   CODE     ---       UARTInterrupt
*SFR* 000000F4H   DATA     BYTE      USBCON
      00FF0185H   CODE     NEAR LAB  vsprintf
*SFR* 000000C1H   DATA     BYTE      WDT_CONTR
      000100D8H   XDATA    INT       weishu3
*DEL*:00000000H   CODE     ---       Write7219
*SFR* 000000E9H   DATA     BYTE      WTST
*SFR* 00000090H.3 DATA     BIT       X0
      000100DBH   XDATA    ---       xin
      00FF0C7CH   CODE     ---       yout_closeall
      00FF0AAAH   CODE     ---       yout_set



SYMBOL TABLE OF MODULE:  .\Objects\PWM1 (main)

      VALUE       REP       CLASS    TYPE      SYMBOL NAME
      ====================================================
      ---         MODULE    ---      ---       main
      00FF000EH   PUBLIC    CODE     ---       calculateChange
      00FF0AAAH   PUBLIC    CODE     ---       yout_set
      00FF09A3H   PUBLIC    CODE     ---       SYS_Ini
      00FF0A49H   PUBLIC    CODE     ---       chulidianliu
      00FF0CE0H   PUBLIC    CODE     ---       mystrlen
      00FF0B6AH   PUBLIC    CODE     ---       keydown
      00FF0BC4H   PUBLIC    CODE     ---       addgetsetzhi
      00FF0C7CH   PUBLIC    CODE     ---       yout_closeall
      00FF058DH   PUBLIC    CODE     ---       showpre
      00FF0AD9H   PUBLIC    CODE     ---       UARTInterrupt
      00FF0966H   PUBLIC    CODE     ---       EC11_Handle
      00FF0026H   PUBLIC    CODE     ---       jiexi
      00FF0A16H   PUBLIC    CODE     ---       mystrstr
      00FF06A9H   PUBLIC    CODE     ---       keyallchuli
      00FF0B88H   PUBLIC    CODE     ---       changedainliuzhi
      00FF0928H   PUBLIC    CODE     ---       main
      00FF0773H   PUBLIC    CODE     ---       PWM_Config
      00FF0C17H   PUBLIC    CODE     ---       keyup
      00FF0C31H   PUBLIC    CODE     ---       Timer0
      00FF0CBAH   PUBLIC    CODE     ---       setdianliusettime
      00FF0D02H   PUBLIC    CODE     ---       Delay10us
      00FF0717H   PUBLIC    CODE     ---       PWM_ISR
      00FF0B01H   PUBLIC    CODE     ---       chuankou1time
      00FF07C3H   PUBLIC    CODE     ---       printf1
      00FF08E9H   PUBLIC    CODE     ---       myaddstrstr
      00FF0B26H   PUBLIC    CODE     ---       timechuli
      00FF0810H   PUBLIC    CODE     ---       printf3
L251 LINKER/LOCATER V4.66.93.0                                                        07/20/2023  22:40:37  PAGE 10


      00FF0C65H   PUBLIC    CODE     ---       Uart3
      00FF008EH   PUBLIC    CODE     ---       setzhione
      00FF04CEH   PUBLIC    CODE     ---       jixi2
      00FF09DDH   PUBLIC    CODE     ---       chuankou1put
      00FF08A4H   PUBLIC    CODE     ---       shurulvbo
      00FF0A7AH   PUBLIC    CODE     ---       dealchuankou
      00010000H   PUBLIC    XDATA    INT       gsetzhi
      00010002H   PUBLIC    XDATA    ---       getzhi
      000100CAH   PUBLIC    XDATA    INT       timeleft1
      000100CCH   PUBLIC    XDATA    INT       numRegisters
      000100CEH   PUBLIC    XDATA    INT       timeleft2
      000100D0H   PUBLIC    XDATA    INT       timeleft3
      000100D2H   PUBLIC    XDATA    INT       timeleft4
      000100D4H   PUBLIC    XDATA    WORD      count
      000100D6H   PUBLIC    XDATA    INT       step
      000100D8H   PUBLIC    XDATA    INT       weishu3
      000100DAH   PUBLIC    XDATA    CHAR      flag3
      000100DBH   PUBLIC    XDATA    ---       xin
      000100F9H   PUBLIC    XDATA    CHAR      flagdianliuset
      000100FAH   PUBLIC    XDATA    ---       registers
      00010122H   PUBLIC    XDATA    INT       setprezhi
      00010124H   PUBLIC    XDATA    INT       dianliusettime
      00010126H   PUBLIC    XDATA    BYTE      cnt_H
      00010127H   PUBLIC    XDATA    ---       buf3
      0001031BH   PUBLIC    XDATA    BYTE      cnt_L
      0001031CH   PUBLIC    XDATA    WORD      newcount
      00FF0C92H   PUBLIC    CODE     ---       duanzhi
      0001058CH   PUBLIC    XDATA    BYTE      ?printf1?BYTE
      000103ACH   PUBLIC    XDATA    BYTE      ?printf3?BYTE
      00000094H   SFRSYM    DATA     BYTE      P0M0
      000000D0H   SFRSYM    DATA     BYTE      PSW
      000000BAH.7 SFRSYM    DATA     BIT       EAXFR
      0000009DH   SFRSYM    DATA     BYTE      IRCBAND
      00000097H   SFRSYM    DATA     BYTE      AUXR2
      000000EAH   SFRSYM    DATA     BYTE      CKCON
      000000EFH   SFRSYM    DATA     BYTE      AUXINTIF
      000000C0H.3 SFRSYM    DATA     BIT       led4
      000000C0H.4 SFRSYM    DATA     BIT       led3
      000000FDH   SFRSYM    DATA     BYTE      S4CON
      000000A0H.0 SFRSYM    DATA     BIT       led2
      000000ACH   SFRSYM    DATA     BYTE      S3CON
      000000A0H.1 SFRSYM    DATA     BIT       led1
      0000009AH   SFRSYM    DATA     BYTE      S2CON
      000000B7H   SFRSYM    DATA     BYTE      IPH
      000000CDH   SFRSYM    DATA     BYTE      SPSTAT
      000000DDH   SFRSYM    DATA     BYTE      T4T3M
      000000C1H   SFRSYM    DATA     BYTE      WDT_CONTR
      000000E9H   SFRSYM    DATA     BYTE      WTST
      000000DFH   SFRSYM    DATA     BYTE      IP3
      000000F4H   SFRSYM    DATA     BYTE      USBCON
      000000B5H   SFRSYM    DATA     BYTE      IP2
      000000FFH   SFRSYM    DATA     BYTE      RSTCFG
      000000C7H   SFRSYM    DATA     BYTE      IAP_CONTR
      000000F9H   SFRSYM    DATA     BYTE      LINICR
      0000008EH   SFRSYM    DATA     BYTE      AUXR
      000000AFH   SFRSYM    DATA     BYTE      IE2
      00000088H   SFRSYM    DATA     BYTE      TCON
      00000089H   SFRSYM    DATA     BYTE      TMOD
      00000098H   SFRSYM    DATA     BYTE      SCON
      000000F1H   SFRSYM    DATA     BYTE      CANICR
      00000087H   SFRSYM    DATA     BYTE      PCON
      00000099H   SFRSYM    DATA     BYTE      SBUF
      000000BCH   SFRSYM    DATA     BYTE      ADC_CONTR
      000000E7H   SFRSYM    DATA     BYTE      CMPCR2
      000000E6H   SFRSYM    DATA     BYTE      CMPCR1
L251 LINKER/LOCATER V4.66.93.0                                                        07/20/2023  22:40:37  PAGE 11


      00000098H.1 SFRSYM    DATA     BIT       TI
      00000098H.0 SFRSYM    DATA     BIT       RI
      000000DEH   SFRSYM    DATA     BYTE      ADCCFG
      000000B8H   SFRSYM    DATA     BYTE      IP
      0000008FH   SFRSYM    DATA     BYTE      INTCLKO
      000000EEH   SFRSYM    DATA     BYTE      IP3H
      000000B6H   SFRSYM    DATA     BYTE      IP2H
      000000A8H   SFRSYM    DATA     BYTE      IE
      000000BBH   SFRSYM    DATA     BYTE      P_SW3
      000000BAH   SFRSYM    DATA     BYTE      P_SW2
      000000A2H   SFRSYM    DATA     BYTE      P_SW1
      000000CEH   SFRSYM    DATA     BYTE      SPCTL
      00000090H.3 SFRSYM    DATA     BIT       X0
      000000F8H   SFRSYM    DATA     BYTE      P7
      000000A8H.7 SFRSYM    DATA     BIT       EA
      000000E1H   SFRSYM    DATA     BYTE      P7M1
      000000E8H   SFRSYM    DATA     BYTE      P6
      000000C8H   SFRSYM    DATA     BYTE      P5
      000000CBH   SFRSYM    DATA     BYTE      P6M1
      000000E2H   SFRSYM    DATA     BYTE      P7M0
      000000C0H   SFRSYM    DATA     BYTE      P4
      000000C9H   SFRSYM    DATA     BYTE      P5M1
      000000CCH   SFRSYM    DATA     BYTE      P6M0
      000000B0H   SFRSYM    DATA     BYTE      P3
      000000B3H   SFRSYM    DATA     BYTE      P4M1
      000000CAH   SFRSYM    DATA     BYTE      P5M0
      000000A0H   SFRSYM    DATA     BYTE      P2
      000000B1H   SFRSYM    DATA     BYTE      P3M1
      000000B4H   SFRSYM    DATA     BYTE      P4M0
      00000090H   SFRSYM    DATA     BYTE      P1
      00000095H   SFRSYM    DATA     BYTE      P2M1
      000000B2H   SFRSYM    DATA     BYTE      P3M0
      00000080H   SFRSYM    DATA     BYTE      P0
      00000091H   SFRSYM    DATA     BYTE      P1M1
      00000096H   SFRSYM    DATA     BYTE      P2M0
      00000092H   SFRSYM    DATA     BYTE      P1M0
      00000093H   SFRSYM    DATA     BYTE      P0M1
      00FF0DA8H   SYMBOL    HCONST   ---       ?tpl?0001
      00FF0DC6H   SYMBOL    HCONST   ---       ?tpl?0002

      00FF09A3H   BLOCK     CODE     ---       LVL=0
      00FF09A3H   LINE      CODE     ---       #38
      00FF09A3H   LINE      CODE     ---       #40
      00FF09A6H   LINE      CODE     ---       #41
      00FF09A9H   LINE      CODE     ---       #42
      00FF09ACH   LINE      CODE     ---       #43
      00FF09AFH   LINE      CODE     ---       #44
      00FF09B2H   LINE      CODE     ---       #45
      00FF09B5H   LINE      CODE     ---       #46
      00FF09B8H   LINE      CODE     ---       #47
      00FF09BBH   LINE      CODE     ---       #48
      00FF09BEH   LINE      CODE     ---       #49
      00FF09C1H   LINE      CODE     ---       #50
      00FF09C4H   LINE      CODE     ---       #51
      00FF09C7H   LINE      CODE     ---       #52
      00FF09CAH   LINE      CODE     ---       #53
      00FF09CDH   LINE      CODE     ---       #54
      00FF09D0H   LINE      CODE     ---       #55
      00FF09D3H   LINE      CODE     ---       #56
      00FF09D6H   LINE      CODE     ---       #57
      00FF09D9H   LINE      CODE     ---       #58
      00FF09DCH   LINE      CODE     ---       #59
      ---         BLOCKEND  ---      ---       LVL=0
      DR4         REGSYM    ---      DWORD     i

L251 LINKER/LOCATER V4.66.93.0                                                        07/20/2023  22:40:37  PAGE 12


      00FF07C3H   BLOCK     CODE     ---       LVL=0
      0001058CH   SYMBOL    XDATA    ---       fmt
      00FF07CFH   BLOCK     CODE     NEAR LAB  LVL=1
      REG=3       REGSYM    ---      ---       p
      00010590H   SYMBOL    XDATA    ---       buf
      REG=1       REGSYM    ---      ---       args
      ---         BLOCKEND  ---      ---       LVL=1
      00FF07C3H   LINE      CODE     ---       #74
      00FF07CFH   LINE      CODE     ---       #75
      00FF07CFH   LINE      CODE     ---       #79
      00FF07D7H   LINE      CODE     ---       #80
      00FF07F6H   LINE      CODE     ---       #83
      00FF07FEH   LINE      CODE     ---       #84
      00FF0800H   LINE      CODE     ---       #86
      00FF0806H   LINE      CODE     ---       #87
      00FF0808H   LINE      CODE     ---       #88
      00FF080DH   LINE      CODE     ---       #89
      ---         BLOCKEND  ---      ---       LVL=0

      00FF0810H   BLOCK     CODE     ---       LVL=0
      000103ACH   SYMBOL    XDATA    ---       fmt
      00FF081CH   BLOCK     CODE     NEAR LAB  LVL=1
      REG=3       REGSYM    ---      ---       p
      000103B0H   SYMBOL    XDATA    ---       buf
      REG=1       REGSYM    ---      ---       args
      ---         BLOCKEND  ---      ---       LVL=1
      00FF0810H   LINE      CODE     ---       #91
      00FF081CH   LINE      CODE     ---       #92
      00FF081CH   LINE      CODE     ---       #96
      00FF0824H   LINE      CODE     ---       #97
      00FF0843H   LINE      CODE     ---       #100
      00FF084BH   LINE      CODE     ---       #101
      00FF084DH   LINE      CODE     ---       #103
      00FF0853H   LINE      CODE     ---       #104
      00FF0855H   LINE      CODE     ---       #105
      00FF085AH   LINE      CODE     ---       #106
      ---         BLOCKEND  ---      ---       LVL=0

      00FF0AAAH   BLOCK     CODE     ---       LVL=0
      R11         REGSYM    ---      CHAR      weizhi
      R10         REGSYM    ---      CHAR      zhi
      00FF0AAAH   LINE      CODE     ---       #118
      00FF0AACH   LINE      CODE     ---       #120
      00FF0AAEH   LINE      CODE     ---       #121
      00FF0AB7H   LINE      CODE     ---       #122
      00FF0ABAH   LINE      CODE     ---       #123
      00FF0AC3H   LINE      CODE     ---       #124
      00FF0AC6H   LINE      CODE     ---       #125
      00FF0ACFH   LINE      CODE     ---       #126
      00FF0AD2H   LINE      CODE     ---       #127
      00FF0AD7H   LINE      CODE     ---       #130
      00FF0AD8H   LINE      CODE     ---       #131
      ---         BLOCKEND  ---      ---       LVL=0

      00FF0C7CH   BLOCK     CODE     ---       LVL=0
      00FF0C7EH   BLOCK     CODE     NEAR LAB  LVL=1
      R15         REGSYM    ---      CHAR      i
      ---         BLOCKEND  ---      ---       LVL=1
      00FF0C7CH   LINE      CODE     ---       #132
      00FF0C7EH   LINE      CODE     ---       #133
      00FF0C7EH   LINE      CODE     ---       #135
      00FF0C80H   LINE      CODE     ---       #137
      00FF0C88H   LINE      CODE     ---       #138
      00FF0C8FH   LINE      CODE     ---       #139
      ---         BLOCKEND  ---      ---       LVL=0
L251 LINKER/LOCATER V4.66.93.0                                                        07/20/2023  22:40:37  PAGE 13



      00FF0D02H   BLOCK     CODE     ---       LVL=0
      DR4         REGSYM    ---      DWORD     i
      00FF0D02H   LINE      CODE     ---       #140
      00FF0D02H   LINE      CODE     ---       #141
      00FF0D02H   LINE      CODE     ---       #144
      00FF0D03H   LINE      CODE     ---       #145
      00FF0D04H   LINE      CODE     ---       #146
      00FF0D05H   LINE      CODE     ---       #147
      00FF0D09H   LINE      CODE     ---       #148
      00FF0D0DH   LINE      CODE     ---       #150
      ---         BLOCKEND  ---      ---       LVL=0
      WR14        REGSYM    ---      INT       i

      00FF058DH   BLOCK     CODE     ---       LVL=0
      WR2         REGSYM    ---      INT       num
      00FF0591H   BLOCK     CODE     NEAR LAB  LVL=1
      WR14        REGSYM    ---      INT       i
      00010366H   SYMBOL    XDATA    ---       a
      ---         BLOCKEND  ---      ---       LVL=1
      00FF058DH   LINE      CODE     ---       #158
      00FF0591H   LINE      CODE     ---       #159
      00FF0591H   LINE      CODE     ---       #162
      00FF05A9H   LINE      CODE     ---       #163
      00FF05C1H   LINE      CODE     ---       #165
      00FF05D9H   LINE      CODE     ---       #166
      00FF05E6H   LINE      CODE     ---       #168
      00FF05E8H   LINE      CODE     ---       #170
      00FF05EBH   LINE      CODE     ---       #171
      00FF05F2H   LINE      CODE     ---       #172
      00FF0613H   LINE      CODE     ---       #173
      00FF0616H   LINE      CODE     ---       #174
      00FF0619H   LINE      CODE     ---       #175
      00FF061CH   LINE      CODE     ---       #176
      00FF061FH   LINE      CODE     ---       #177
      00FF0627H   LINE      CODE     ---       #178
      ---         BLOCKEND  ---      ---       LVL=0

      00FF0A16H   BLOCK     CODE     ---       LVL=0
      REG=7       REGSYM    ---      ---       haystack
      REG=6       REGSYM    ---      ---       needle
      00FF0A24H   BLOCK     CODE     NEAR LAB  LVL=1
      REG=1       REGSYM    ---      ---       h
      REG=0       REGSYM    ---      ---       n
      ---         BLOCKEND  ---      ---       LVL=1
      00FF0A16H   LINE      CODE     ---       #196
      00FF0A1AH   LINE      CODE     ---       #197
      00FF0A1FH   LINE      CODE     ---       #198
      00FF0A22H   LINE      CODE     ---       #199
      00FF0A22H   LINE      CODE     ---       #201
      00FF0A24H   LINE      CODE     ---       #202
      00FF0A26H   LINE      CODE     ---       #203
      00FF0A28H   LINE      CODE     ---       #205
      00FF0A2AH   LINE      CODE     ---       #206
      00FF0A2CH   LINE      CODE     ---       #207
      00FF0A2EH   LINE      CODE     ---       #208
      00FF0A3AH   LINE      CODE     ---       #210
      00FF0A3CH   LINE      CODE     ---       #211
      00FF0A3FH   LINE      CODE     ---       #212
      00FF0A3FH   LINE      CODE     ---       #214
      00FF0A41H   LINE      CODE     ---       #215
      00FF0A46H   LINE      CODE     ---       #217
      00FF0A48H   LINE      CODE     ---       #218
      ---         BLOCKEND  ---      ---       LVL=0

L251 LINKER/LOCATER V4.66.93.0                                                        07/20/2023  22:40:37  PAGE 14


      00FF0CE0H   BLOCK     CODE     ---       LVL=0
      REG=7       REGSYM    ---      ---       str
      00FF0CE2H   BLOCK     CODE     NEAR LAB  LVL=1
      WR6         REGSYM    ---      WORD      length
      ---         BLOCKEND  ---      ---       LVL=1
      00FF0CE0H   LINE      CODE     ---       #219
      00FF0CE2H   LINE      CODE     ---       #220
      00FF0CE4H   LINE      CODE     ---       #221
      00FF0CE6H   LINE      CODE     ---       #222
      00FF0CE8H   LINE      CODE     ---       #223
      00FF0CF1H   LINE      CODE     ---       #224
      00FF0CF1H   LINE      CODE     ---       #225
      ---         BLOCKEND  ---      ---       LVL=0

      00FF08E9H   BLOCK     CODE     ---       LVL=0
      REG=1       REGSYM    ---      ---       haystack
      REG=3       REGSYM    ---      ---       needle
      00FF08EDH   BLOCK     CODE     NEAR LAB  LVL=1
      00010564H   SYMBOL    XDATA    ---       result
      ---         BLOCKEND  ---      ---       LVL=1
      00FF08E9H   LINE      CODE     ---       #227
      00FF08EDH   LINE      CODE     ---       #228
      00FF08EDH   LINE      CODE     ---       #229
      00FF08FAH   LINE      CODE     ---       #230
      00FF08FEH   LINE      CODE     ---       #232
      00FF091BH   LINE      CODE     ---       #233
      00FF091BH   LINE      CODE     ---       #234
      00FF0925H   LINE      CODE     ---       #235
      ---         BLOCKEND  ---      ---       LVL=0
      R15         REGSYM    ---      BYTE      i
      REG=0       REGSYM    ---      ---       input
      REG=3       REGSYM    ---      ---       p

      00FF04CEH   BLOCK     CODE     ---       LVL=0
      REG=0       REGSYM    ---      ---       input
      00FF04D0H   BLOCK     CODE     NEAR LAB  LVL=1
      REG=3       REGSYM    ---      ---       p
      0001055AH   SYMBOL    XDATA    ---       p1
      0001055EH   SYMBOL    XDATA    INT       i
      00010560H   SYMBOL    XDATA    WORD      weizhi
      00010562H   SYMBOL    XDATA    WORD      zhi
      ---         BLOCKEND  ---      ---       LVL=1
      00FF04CEH   LINE      CODE     ---       #284
      00FF04D0H   LINE      CODE     ---       #285
      00FF04D0H   LINE      CODE     ---       #286
      00FF04D2H   LINE      CODE     ---       #292
      00FF04DAH   LINE      CODE     ---       #294
      00FF04F1H   LINE      CODE     ---       #295
      00FF04F8H   LINE      CODE     ---       #297
      00FF04F8H   LINE      CODE     ---       #298
      00FF04F8H   LINE      CODE     ---       #299
      00FF0503H   LINE      CODE     ---       #300
      00FF0512H   LINE      CODE     ---       #301
      00FF051DH   LINE      CODE     ---       #302
      00FF0529H   LINE      CODE     ---       #303
      00FF053EH   LINE      CODE     ---       #304
      00FF054DH   LINE      CODE     ---       #305
      00FF0570H   LINE      CODE     ---       #306
      00FF058AH   LINE      CODE     ---       #307
      ---         BLOCKEND  ---      ---       LVL=0

      00FF008EH   BLOCK     CODE     ---       LVL=0
      WR28        REGSYM    ---      INT       dizhi
      WR30        REGSYM    ---      INT       zhi
      00FF0092H   BLOCK     CODE     NEAR LAB  LVL=1
L251 LINKER/LOCATER V4.66.93.0                                                        07/20/2023  22:40:37  PAGE 15


      00010366H   SYMBOL    XDATA    ---       out
      ---         BLOCKEND  ---      ---       LVL=1
      00FF008EH   LINE      CODE     ---       #308
      00FF0092H   LINE      CODE     ---       #309
      00FF0092H   LINE      CODE     ---       #310
      00FF00A7H   LINE      CODE     ---       #311
      00FF00A9H   LINE      CODE     ---       #312
      00FF00C8H   LINE      CODE     ---       #313
      ---         BLOCKEND  ---      ---       LVL=0

      00FF0026H   BLOCK     CODE     ---       LVL=0
      REG=7       REGSYM    ---      ---       input
      00FF002AH   BLOCK     CODE     NEAR LAB  LVL=1
      00010366H   SYMBOL    XDATA    ---       par
      REG=3       REGSYM    ---      ---       begin
      R7          REGSYM    ---      CHAR      end
      ---         BLOCKEND  ---      ---       LVL=1
      00FF0026H   LINE      CODE     ---       #315
      00FF002AH   LINE      CODE     ---       #316
      00FF002AH   LINE      CODE     ---       #317
      00FF0041H   LINE      CODE     ---       #319
      00FF0050H   LINE      CODE     ---       #321
      00FF005DH   LINE      CODE     ---       #323
      00FF006BH   LINE      CODE     ---       #325
      00FF0078H   LINE      CODE     ---       #326
      00FF0083H   LINE      CODE     ---       #327
      ---         BLOCKEND  ---      ---       LVL=0

      00FF0CBAH   BLOCK     CODE     ---       LVL=0
      WR4         REGSYM    ---      INT       zhi
      00FF0CBAH   LINE      CODE     ---       #337
      00FF0CBCH   LINE      CODE     ---       #339
      00FF0CC6H   LINE      CODE     ---       #341
      00FF0CC6H   LINE      CODE     ---       #342
      00FF0CC6H   LINE      CODE     ---       #343
      00FF0CCCH   LINE      CODE     ---       #344
      ---         BLOCKEND  ---      ---       LVL=0

      00FF0B88H   BLOCK     CODE     ---       LVL=0
      00FF0B88H   LINE      CODE     ---       #345
      00FF0B88H   LINE      CODE     ---       #347
      00FF0B98H   LINE      CODE     ---       #349
      00FF0B9EH   LINE      CODE     ---       #350
      00FF0BA5H   LINE      CODE     ---       #351
      ---         BLOCKEND  ---      ---       LVL=0

      00FF0B26H   BLOCK     CODE     ---       LVL=0
      00FF0B26H   LINE      CODE     ---       #353
      00FF0B26H   LINE      CODE     ---       #355
      00FF0B32H   LINE      CODE     ---       #357
      00FF0B3AH   LINE      CODE     ---       #358
      00FF0B44H   LINE      CODE     ---       #360
      00FF0B4AH   LINE      CODE     ---       #361
      00FF0B4AH   LINE      CODE     ---       #363
      ---         BLOCKEND  ---      ---       LVL=0

      00FF0A49H   BLOCK     CODE     ---       LVL=0
      00FF0A49H   LINE      CODE     ---       #364
      00FF0A49H   LINE      CODE     ---       #366
      00FF0A50H   LINE      CODE     ---       #368
      00FF0A55H   LINE      CODE     ---       #369
      00FF0A62H   LINE      CODE     ---       #370
      00FF0A79H   LINE      CODE     ---       #371
      ---         BLOCKEND  ---      ---       LVL=0

L251 LINKER/LOCATER V4.66.93.0                                                        07/20/2023  22:40:37  PAGE 16


      00FF08A4H   BLOCK     CODE     ---       LVL=0
      0001031EH   SYMBOL    XDATA    ---       keybuf
      R10         REGSYM    ---      BYTE      i
      00FF08A4H   LINE      CODE     ---       #376
      00FF08A4H   LINE      CODE     ---       #377
      00FF08A4H   LINE      CODE     ---       #421
      00FF08AAH   LINE      CODE     ---       #422
      00FF08B6H   LINE      CODE     ---       #429
      00FF08B8H   LINE      CODE     ---       #431
      00FF08CBH   LINE      CODE     ---       #433
      00FF08CCH   LINE      CODE     ---       #434
      00FF08CEH   LINE      CODE     ---       #435
      00FF08D2H   LINE      CODE     ---       #437
      00FF08E1H   LINE      CODE     ---       #438
      00FF08E8H   LINE      CODE     ---       #440
      ---         BLOCKEND  ---      ---       LVL=0

      00FF0B6AH   BLOCK     CODE     ---       LVL=0
      WR6         REGSYM    ---      INT       i
      00FF0B6AH   LINE      CODE     ---       #441
      00FF0B6AH   LINE      CODE     ---       #443
      00FF0B7BH   LINE      CODE     ---       #444
      ---         BLOCKEND  ---      ---       LVL=0

      00FF0C17H   BLOCK     CODE     ---       LVL=0
      WR6         REGSYM    ---      INT       i
      00FF0C17H   LINE      CODE     ---       #446
      00FF0C17H   LINE      CODE     ---       #448
      00FF0C28H   LINE      CODE     ---       #449
      ---         BLOCKEND  ---      ---       LVL=0

      00FF06A9H   BLOCK     CODE     ---       LVL=0
      00FF06ABH   BLOCK     CODE     NEAR LAB  LVL=1
      WR14        REGSYM    ---      INT       i
      00010346H   SYMBOL    XDATA    ---       flag
      00010350H   SYMBOL    XDATA    ---       dowmtimes
      ---         BLOCKEND  ---      ---       LVL=1
      00FF06A9H   LINE      CODE     ---       #451
      00FF06ABH   LINE      CODE     ---       #452
      00FF06ABH   LINE      CODE     ---       #456
      00FF06ADH   LINE      CODE     ---       #458
      00FF06BCH   LINE      CODE     ---       #460
      00FF06CBH   LINE      CODE     ---       #462
      00FF06D4H   LINE      CODE     ---       #463
      00FF06D9H   LINE      CODE     ---       #464
      00FF06D9H   LINE      CODE     ---       #466
      00FF06E9H   LINE      CODE     ---       #468
      00FF06F9H   LINE      CODE     ---       #470
      00FF06FEH   LINE      CODE     ---       #471
      00FF06FEH   LINE      CODE     ---       #472
      00FF070CH   LINE      CODE     ---       #474
      00FF0714H   LINE      CODE     ---       #476
      ---         BLOCKEND  ---      ---       LVL=0

      00FF0928H   BLOCK     CODE     ---       LVL=0
      00FF0928H   LINE      CODE     ---       #477
      00FF0928H   LINE      CODE     ---       #480
      00FF092BH   LINE      CODE     ---       #481
      00FF092EH   LINE      CODE     ---       #482
      00FF0930H   LINE      CODE     ---       #484
      00FF0933H   LINE      CODE     ---       #485
      00FF0936H   LINE      CODE     ---       #486
      00FF0941H   LINE      CODE     ---       #487
      00FF0944H   LINE      CODE     ---       #488
      00FF094FH   LINE      CODE     ---       #489
L251 LINKER/LOCATER V4.66.93.0                                                        07/20/2023  22:40:37  PAGE 17


      00FF094FH   LINE      CODE     ---       #491
      00FF0952H   LINE      CODE     ---       #492
      00FF095BH   LINE      CODE     ---       #493
      00FF095EH   LINE      CODE     ---       #494
      00FF0961H   LINE      CODE     ---       #495
      00FF0964H   LINE      CODE     ---       #496
      ---         BLOCKEND  ---      ---       LVL=0

      00FF0717H   BLOCK     CODE     ---       LVL=0
      00FF0717H   LINE      CODE     ---       #499
      00FF072BH   LINE      CODE     ---       #501
      00FF0739H   LINE      CODE     ---       #503
      00FF0748H   LINE      CODE     ---       #504
      00FF0753H   LINE      CODE     ---       #505
      00FF075BH   LINE      CODE     ---       #506
      00FF075EH   LINE      CODE     ---       #507
      ---         BLOCKEND  ---      ---       LVL=0

      00FF0773H   BLOCK     CODE     ---       LVL=0
      00FF0773H   LINE      CODE     ---       #509
      00FF0773H   LINE      CODE     ---       #511
      00FF077FH   LINE      CODE     ---       #512
      00FF078CH   LINE      CODE     ---       #513
      00FF0793H   LINE      CODE     ---       #514
      00FF0798H   LINE      CODE     ---       #518
      00FF07A1H   LINE      CODE     ---       #520
      00FF07AAH   LINE      CODE     ---       #521
      00FF07B6H   LINE      CODE     ---       #522
      00FF07C2H   LINE      CODE     ---       #523
      ---         BLOCKEND  ---      ---       LVL=0

      00FF000EH   BLOCK     CODE     ---       LVL=0
      WR0         REGSYM    ---      WORD      previous
      WR2         REGSYM    ---      WORD      current
      00FF0010H   BLOCK     CODE     NEAR LAB  LVL=1
      DR4         REGSYM    ---      LONG      diff
      ---         BLOCKEND  ---      ---       LVL=1
      00FF000EH   LINE      CODE     ---       #526
      00FF0010H   LINE      CODE     ---       #527
      00FF0010H   LINE      CODE     ---       #528
      00FF0021H   LINE      CODE     ---       #529
      00FF0021H   LINE      CODE     ---       #530
      ---         BLOCKEND  ---      ---       LVL=0

      00FF09DDH   BLOCK     CODE     ---       LVL=0
      R11         REGSYM    ---      CHAR      c
      00FF09DDH   LINE      CODE     ---       #536
      00FF09DDH   LINE      CODE     ---       #538
      00FF09F7H   LINE      CODE     ---       #539
      00FF0A03H   LINE      CODE     ---       #540
      00FF0A0BH   LINE      CODE     ---       #541
      00FF0A15H   LINE      CODE     ---       #542
      ---         BLOCKEND  ---      ---       LVL=0

      00FF0B01H   BLOCK     CODE     ---       LVL=0
      00FF0B01H   LINE      CODE     ---       #543
      00FF0B01H   LINE      CODE     ---       #545
      00FF0B0DH   LINE      CODE     ---       #547
      00FF0B15H   LINE      CODE     ---       #548
      00FF0B1FH   LINE      CODE     ---       #550
      00FF0B25H   LINE      CODE     ---       #551
      00FF0B25H   LINE      CODE     ---       #553
      ---         BLOCKEND  ---      ---       LVL=0

      00FF0AD9H   BLOCK     CODE     ---       LVL=0
L251 LINKER/LOCATER V4.66.93.0                                                        07/20/2023  22:40:37  PAGE 18


      00FF0AE3H   BLOCK     CODE     NEAR LAB  LVL=1
      R11         REGSYM    ---      BYTE      ans
      ---         BLOCKEND  ---      ---       LVL=1
      00FF0AD9H   LINE      CODE     ---       #554
      00FF0AE3H   LINE      CODE     ---       #555
      00FF0AE3H   LINE      CODE     ---       #557
      00FF0AE6H   LINE      CODE     ---       #559
      00FF0AE8H   LINE      CODE     ---       #560
      00FF0AEAH   LINE      CODE     ---       #561
      00FF0AEDH   LINE      CODE     ---       #563
      00FF0AEFH   LINE      CODE     ---       #566
      00FF0AF1H   LINE      CODE     ---       #568
      00FF0AF1H   LINE      CODE     ---       #569
      00FF0AF4H   LINE      CODE     ---       #571
      00FF0AF6H   LINE      CODE     ---       #572
      ---         BLOCKEND  ---      ---       LVL=0

      00FF0BC4H   BLOCK     CODE     ---       LVL=0
      WR4         REGSYM    ---      INT       i
      00FF0BC6H   BLOCK     CODE     NEAR LAB  LVL=1
      WR6         REGSYM    ---      INT       ans
      ---         BLOCKEND  ---      ---       LVL=1
      00FF0BC4H   LINE      CODE     ---       #574
      00FF0BC6H   LINE      CODE     ---       #575
      00FF0BC6H   LINE      CODE     ---       #577
      00FF0BCEH   LINE      CODE     ---       #578
      00FF0BDAH   LINE      CODE     ---       #580
      00FF0BE0H   LINE      CODE     ---       #581
      ---         BLOCKEND  ---      ---       LVL=0

      00FF0C31H   BLOCK     CODE     ---       LVL=0
      00FF0C31H   LINE      CODE     ---       #583
      00FF0C39H   LINE      CODE     ---       #586
      00FF0C3CH   LINE      CODE     ---       #587
      00FF0C3FH   LINE      CODE     ---       #588
      00FF0C42H   LINE      CODE     ---       #589
      ---         BLOCKEND  ---      ---       LVL=0

      00FF0966H   BLOCK     CODE     ---       LVL=0
      00FF0968H   BLOCK     CODE     NEAR LAB  LVL=1
      00010364H   SYMBOL    XDATA    WORD      previous
      WR14        REGSYM    ---      WORD      nowzhi
      DR4         REGSYM    ---      LONG      ans
      ---         BLOCKEND  ---      ---       LVL=1
      00FF0966H   LINE      CODE     ---       #590
      00FF0968H   LINE      CODE     ---       #591
      00FF0968H   LINE      CODE     ---       #595
      00FF097CH   LINE      CODE     ---       #596
      00FF0987H   LINE      CODE     ---       #597
      00FF098DH   LINE      CODE     ---       #598
      00FF0993H   LINE      CODE     ---       #600
      00FF0997H   LINE      CODE     ---       #601
      00FF0999H   LINE      CODE     ---       #604
      00FF09A0H   LINE      CODE     ---       #605
      00FF09A0H   LINE      CODE     ---       #606
      ---         BLOCKEND  ---      ---       LVL=0
      REG=0       REGSYM    ---      ---       s
      REG=7       REGSYM    ---      ---       haystack
      REG=6       REGSYM    ---      ---       needle
      REG=1       REGSYM    ---      ---       h
      REG=0       REGSYM    ---      ---       n

      00FF0A7AH   BLOCK     CODE     ---       LVL=0
      00FF0A7AH   LINE      CODE     ---       #636
      00FF0A7AH   LINE      CODE     ---       #638
L251 LINKER/LOCATER V4.66.93.0                                                        07/20/2023  22:40:37  PAGE 19


      00FF0A81H   LINE      CODE     ---       #640
      00FF0A86H   LINE      CODE     ---       #641
      00FF0A91H   LINE      CODE     ---       #642
      00FF0AA1H   LINE      CODE     ---       #643
      00FF0AA9H   LINE      CODE     ---       #644
      ---         BLOCKEND  ---      ---       LVL=0

      00FF0C65H   BLOCK     CODE     ---       LVL=0
      00FF0C65H   LINE      CODE     ---       #648
      00FF0C67H   LINE      CODE     ---       #650
      00FF0C6CH   LINE      CODE     ---       #652
      00FF0C6FH   LINE      CODE     ---       #655
      00FF0C6FH   LINE      CODE     ---       #656
      00FF0C74H   LINE      CODE     ---       #658
      00FF0C77H   LINE      CODE     ---       #659
      00FF0C79H   LINE      CODE     ---       #660
      ---         BLOCKEND  ---      ---       LVL=0

      ---         MODULE    ---      ---       MAX7219
      000000D0H   SFRSYM    DATA     BYTE      PSW
      0000009DH   SFRSYM    DATA     BYTE      IRCBAND
      00000097H   SFRSYM    DATA     BYTE      AUXR2
      000000EFH   SFRSYM    DATA     BYTE      AUXINTIF
      000000FDH   SFRSYM    DATA     BYTE      S4CON
      000000ACH   SFRSYM    DATA     BYTE      S3CON
      0000009AH   SFRSYM    DATA     BYTE      S2CON
      000000B7H   SFRSYM    DATA     BYTE      IPH
      000000CDH   SFRSYM    DATA     BYTE      SPSTAT
      000000DDH   SFRSYM    DATA     BYTE      T4T3M
      000000E8H.6 SFRSYM    DATA     BIT       DIN
      000000E8H.4 SFRSYM    DATA     BIT       CLK
      000000C1H   SFRSYM    DATA     BYTE      WDT_CONTR
      000000DFH   SFRSYM    DATA     BYTE      IP3
      000000F4H   SFRSYM    DATA     BYTE      USBCON
      000000B5H   SFRSYM    DATA     BYTE      IP2
      000000FFH   SFRSYM    DATA     BYTE      RSTCFG
      000000C7H   SFRSYM    DATA     BYTE      IAP_CONTR
      000000F9H   SFRSYM    DATA     BYTE      LINICR
      0000008EH   SFRSYM    DATA     BYTE      AUXR
      000000AFH   SFRSYM    DATA     BYTE      IE2
      00000088H   SFRSYM    DATA     BYTE      TCON
      00000089H   SFRSYM    DATA     BYTE      TMOD
      00000098H   SFRSYM    DATA     BYTE      SCON
      000000F1H   SFRSYM    DATA     BYTE      CANICR
      00000087H   SFRSYM    DATA     BYTE      PCON
      000000BCH   SFRSYM    DATA     BYTE      ADC_CONTR
      000000E7H   SFRSYM    DATA     BYTE      CMPCR2
      000000E6H   SFRSYM    DATA     BYTE      CMPCR1
      000000DEH   SFRSYM    DATA     BYTE      ADCCFG
      000000B8H   SFRSYM    DATA     BYTE      IP
      0000008FH   SFRSYM    DATA     BYTE      INTCLKO
      000000E8H.5 SFRSYM    DATA     BIT       CS
      000000EEH   SFRSYM    DATA     BYTE      IP3H
      000000B6H   SFRSYM    DATA     BYTE      IP2H
      000000A8H   SFRSYM    DATA     BYTE      IE
      000000BBH   SFRSYM    DATA     BYTE      P_SW3
      000000BAH   SFRSYM    DATA     BYTE      P_SW2
      000000A2H   SFRSYM    DATA     BYTE      P_SW1
      000000CEH   SFRSYM    DATA     BYTE      SPCTL
      000000F8H   SFRSYM    DATA     BYTE      P7
      000000E8H   SFRSYM    DATA     BYTE      P6
      000000C8H   SFRSYM    DATA     BYTE      P5
      000000C0H   SFRSYM    DATA     BYTE      P4
      000000B0H   SFRSYM    DATA     BYTE      P3
      000000A0H   SFRSYM    DATA     BYTE      P2
L251 LINKER/LOCATER V4.66.93.0                                                        07/20/2023  22:40:37  PAGE 20


      00000090H   SFRSYM    DATA     BYTE      P1
      00000080H   SFRSYM    DATA     BYTE      P0
      R7          REGSYM    ---      BYTE      address
      R10         REGSYM    ---      BYTE      dat
      R6          REGSYM    ---      BYTE      i

      ---         MODULE    ---      ---       uart
      00FF0B4BH   PUBLIC    CODE     ---       sendbyte1
      00FF0D0EH   PUBLIC    CODE     ---       sendbyte3
      00FF0BA6H   PUBLIC    CODE     ---       Uart23Init
      00FF0BE1H   PUBLIC    CODE     ---       UartInit
      00FF0BFCH   PUBLIC    CODE     ---       Timer0Init
      00010614H   PUBLIC    XDATA    INT       debug
      00000020H.0 PUBLIC    BIT      BIT       busy2
      00000020H.1 PUBLIC    BIT      BIT       busy3
      00000020H.2 PUBLIC    BIT      BIT       busy4
      000000D0H   SFRSYM    DATA     BYTE      PSW
      0000009DH   SFRSYM    DATA     BYTE      IRCBAND
      00000097H   SFRSYM    DATA     BYTE      AUXR2
      000000EFH   SFRSYM    DATA     BYTE      AUXINTIF
      000000FDH   SFRSYM    DATA     BYTE      S4CON
      000000ACH   SFRSYM    DATA     BYTE      S3CON
      0000009AH   SFRSYM    DATA     BYTE      S2CON
      000000FEH   SFRSYM    DATA     BYTE      S4BUF
      000000ADH   SFRSYM    DATA     BYTE      S3BUF
      0000009BH   SFRSYM    DATA     BYTE      S2BUF
      000000B7H   SFRSYM    DATA     BYTE      IPH
      000000CDH   SFRSYM    DATA     BYTE      SPSTAT
      000000DDH   SFRSYM    DATA     BYTE      T4T3M
      000000C1H   SFRSYM    DATA     BYTE      WDT_CONTR
      00000088H.6 SFRSYM    DATA     BIT       TR1
      00000088H.4 SFRSYM    DATA     BIT       TR0
      000000B8H.1 SFRSYM    DATA     BIT       PT0
      000000D3H   SFRSYM    DATA     BYTE      T4L
      000000D7H   SFRSYM    DATA     BYTE      T2L
      0000008BH   SFRSYM    DATA     BYTE      TL1
      0000008AH   SFRSYM    DATA     BYTE      TL0
      000000D2H   SFRSYM    DATA     BYTE      T4H
      000000D6H   SFRSYM    DATA     BYTE      T2H
      0000008DH   SFRSYM    DATA     BYTE      TH1
      0000008CH   SFRSYM    DATA     BYTE      TH0
      000000DFH   SFRSYM    DATA     BYTE      IP3
      000000F4H   SFRSYM    DATA     BYTE      USBCON
      000000B5H   SFRSYM    DATA     BYTE      IP2
      000000FFH   SFRSYM    DATA     BYTE      RSTCFG
      00000088H.5 SFRSYM    DATA     BIT       TF0
      000000A8H.3 SFRSYM    DATA     BIT       ET1
      000000A8H.1 SFRSYM    DATA     BIT       ET0
      000000C7H   SFRSYM    DATA     BYTE      IAP_CONTR
      000000F9H   SFRSYM    DATA     BYTE      LINICR
      0000008EH   SFRSYM    DATA     BYTE      AUXR
      000000AFH   SFRSYM    DATA     BYTE      IE2
      000000BAH.1 SFRSYM    DATA     BIT       S3_S
      00000088H   SFRSYM    DATA     BYTE      TCON
      00000089H   SFRSYM    DATA     BYTE      TMOD
      00000098H   SFRSYM    DATA     BYTE      SCON
      000000F1H   SFRSYM    DATA     BYTE      CANICR
      00000087H   SFRSYM    DATA     BYTE      PCON
      00000099H   SFRSYM    DATA     BYTE      SBUF
      000000BCH   SFRSYM    DATA     BYTE      ADC_CONTR
      000000E7H   SFRSYM    DATA     BYTE      CMPCR2
      000000E6H   SFRSYM    DATA     BYTE      CMPCR1
      00000098H.1 SFRSYM    DATA     BIT       TI
      000000DEH   SFRSYM    DATA     BYTE      ADCCFG
      000000B8H   SFRSYM    DATA     BYTE      IP
L251 LINKER/LOCATER V4.66.93.0                                                        07/20/2023  22:40:37  PAGE 21


      000000A8H.4 SFRSYM    DATA     BIT       ES
      0000008FH   SFRSYM    DATA     BYTE      INTCLKO
      000000EEH   SFRSYM    DATA     BYTE      IP3H
      000000B6H   SFRSYM    DATA     BYTE      IP2H
      000000A8H   SFRSYM    DATA     BYTE      IE
      000000BBH   SFRSYM    DATA     BYTE      P_SW3
      000000BAH   SFRSYM    DATA     BYTE      P_SW2
      000000A2H   SFRSYM    DATA     BYTE      P_SW1
      000000CEH   SFRSYM    DATA     BYTE      SPCTL
      000000F8H   SFRSYM    DATA     BYTE      P7
      000000A8H.7 SFRSYM    DATA     BIT       EA
      000000E8H   SFRSYM    DATA     BYTE      P6
      000000C8H   SFRSYM    DATA     BYTE      P5
      000000C0H   SFRSYM    DATA     BYTE      P4
      000000B0H   SFRSYM    DATA     BYTE      P3
      000000A0H   SFRSYM    DATA     BYTE      P2
      00000090H   SFRSYM    DATA     BYTE      P1
      00000080H   SFRSYM    DATA     BYTE      P0

      00FF0BFCH   BLOCK     CODE     ---       LVL=0
      00FF0BFCH   LINE      CODE     ---       #41
      00FF0BFCH   LINE      CODE     ---       #44
      00FF0BFFH   LINE      CODE     ---       #45
      00FF0C02H   LINE      CODE     ---       #46
      00FF0C05H   LINE      CODE     ---       #47
      00FF0C08H   LINE      CODE     ---       #48
      00FF0C0AH   LINE      CODE     ---       #49
      00FF0C0CH   LINE      CODE     ---       #51
      00FF0C0EH   LINE      CODE     ---       #52
      00FF0C10H   LINE      CODE     ---       #53
      00FF0C12H   LINE      CODE     ---       #54
      00FF0C14H   LINE      CODE     ---       #55
      00FF0C16H   LINE      CODE     ---       #56
      ---         BLOCKEND  ---      ---       LVL=0

      00FF0BE1H   BLOCK     CODE     ---       LVL=0
      00FF0BE1H   LINE      CODE     ---       #61
      00FF0BE1H   LINE      CODE     ---       #63
      00FF0BE4H   LINE      CODE     ---       #64
      00FF0BE7H   LINE      CODE     ---       #65
      00FF0BEAH   LINE      CODE     ---       #66
      00FF0BEDH   LINE      CODE     ---       #67
      00FF0BF0H   LINE      CODE     ---       #68
      00FF0BF3H   LINE      CODE     ---       #69
      00FF0BF5H   LINE      CODE     ---       #70
      00FF0BF7H   LINE      CODE     ---       #71
      00FF0BF9H   LINE      CODE     ---       #73
      00FF0BFBH   LINE      CODE     ---       #74
      ---         BLOCKEND  ---      ---       LVL=0

      00FF0BA6H   BLOCK     CODE     ---       LVL=0
      00FF0BA6H   LINE      CODE     ---       #75
      00FF0BA6H   LINE      CODE     ---       #77
      00FF0BA9H   LINE      CODE     ---       #78
      00FF0BACH   LINE      CODE     ---       #79
      00FF0BAFH   LINE      CODE     ---       #80
      00FF0BB2H   LINE      CODE     ---       #81
      00FF0BB5H   LINE      CODE     ---       #82
      00FF0BB8H   LINE      CODE     ---       #83
      00FF0BBBH   LINE      CODE     ---       #85
      00FF0BBEH   LINE      CODE     ---       #86
      00FF0BC0H   LINE      CODE     ---       #87
      00FF0BC3H   LINE      CODE     ---       #91
      ---         BLOCKEND  ---      ---       LVL=0

L251 LINKER/LOCATER V4.66.93.0                                                        07/20/2023  22:40:37  PAGE 22


      00FF0B4BH   BLOCK     CODE     ---       LVL=0
      R11         REGSYM    ---      BYTE      ch
      WR6         REGSYM    ---      INT       i
      00FF0B4BH   LINE      CODE     ---       #127
      00FF0B4BH   LINE      CODE     ---       #128
      00FF0B4BH   LINE      CODE     ---       #131
      00FF0B4DH   LINE      CODE     ---       #132
      00FF0B50H   LINE      CODE     ---       #133
      00FF0B52H   LINE      CODE     ---       #135
      00FF0B54H   LINE      CODE     ---       #136
      00FF0B57H   LINE      CODE     ---       #137
      00FF0B5FH   LINE      CODE     ---       #138
      00FF0B61H   LINE      CODE     ---       #139
      00FF0B67H   LINE      CODE     ---       #140
      00FF0B69H   LINE      CODE     ---       #141
      ---         BLOCKEND  ---      ---       LVL=0
      R7          REGSYM    ---      BYTE      ch

      00FF0D0EH   BLOCK     CODE     ---       LVL=0
      R7          REGSYM    ---      BYTE      ch
      00FF0D0EH   LINE      CODE     ---       #159
      00FF0D10H   LINE      CODE     ---       #161
      00FF0D13H   LINE      CODE     ---       #162
      00FF0D15H   LINE      CODE     ---       #163
      00FF0D18H   LINE      CODE     ---       #164
      ---         BLOCKEND  ---      ---       LVL=0
      REG=3       REGSYM    ---      ---       p
      R7          REGSYM    ---      BYTE      ch
      REG=3       REGSYM    ---      ---       p
      REG=3       REGSYM    ---      ---       p
      REG=3       REGSYM    ---      ---       puts
      R10         REGSYM    ---      BYTE      i
      R15         REGSYM    ---      CHAR      dat

      ---         MODULE    ---      ---       ?C_START
      00FF0000H   PUBLIC    CODE     ---       ?C?STARTUP
      00FF0000H   PUBLIC    CODE     ---       ?C_STARTUP

      ---         MODULE    ---      ---       ?C?INITHDATA
      00FF0870H   PUBLIC    CODE     ---       ?C?INITHDATA

      ---         MODULE    ---      ---       ?C?SIDIV
      00FF00D6H   PUBLIC    CODE     ---       ?C?SIDIV

      ---         MODULE    ---      ---       ?C?SLDIV
      00FF0108H   PUBLIC    CODE     NEAR LAB  ?C?SLDIV

      ---         MODULE    ---      ---       ?C?BMOVEPP
      00FF013EH   PUBLIC    CODE     ---       ?C?BMOVEPP
      00FF013CH   PUBLIC    CODE     ---       ?C?BMOVEPP8

      ---         MODULE    ---      ---       SPRINTF
      000103ACH   PUBLIC    XDATA    ---       ?SPRINTF?BYTE
      00FF0165H   PUBLIC    CODE     NEAR LAB  SPRINTF

      ---         MODULE    ---      ---       VSPRINTF
      00010608H   PUBLIC    XDATA    ---       ?VSPRINTF?BYTE
      00FF0185H   PUBLIC    CODE     NEAR LAB  VSPRINTF

      ---         MODULE    ---      ---       ATOI
      00FF062AH   PUBLIC    CODE     ---       atoi?_

      ---         MODULE    ---      ---       STRCPY?_
      00FF0CCDH   PUBLIC    CODE     NEAR LAB  STRCPY?_

L251 LINKER/LOCATER V4.66.93.0                                                        07/20/2023  22:40:37  PAGE 23


      ---         MODULE    ---      ---       memset
      00FF0C4BH   PUBLIC    CODE     ---       memset?_

      ---         MODULE    ---      ---       ?C?INITHDATA_END
      00FF1135H   PUBLIC    HCONST   WORD      ?C?INITHDATA_END

      ---         MODULE    ---      ---       ?C?ULDIV
      00FF01A9H   PUBLIC    CODE     NEAR LAB  ?C?ULDIV
      00FF01A7H   PUBLIC    CODE     NEAR LAB  ?C?ULIDIV

      ---         MODULE    ---      ---       ?C?PRNFMT
      00FF0227H   PUBLIC    CODE     ---       ?C?PRNFMT

      ---         MODULE    ---      ---       ISDIGIT
      00FF0CF2H   PUBLIC    CODE     ---       isdigit?_

      ---         MODULE    ---      ---       ISSPACE
      00FF0CA6H   PUBLIC    CODE     ---       isspace?_

Program Size: data=8.3 edata+hdata=256 xdata=1558 const=1058 code=3339
L251 RUN COMPLETE.  0 WARNING(S),  0 ERROR(S)
