L251 LINKER/LOCATER V4.66.93.0                                                          07/26/2023  21:08:58  PAGE 1


L251 LINKER/LOCATER V4.66.93.0, INVOKED BY:
D:\KEILC251\C251\BIN\L251.EXE .\Objects\main.obj, .\Objects\MAX7219.obj, .\Objects\uart.obj, .\Objects\tongxin.obj TO .\
>> Objects\PWM1 PRINT (.\Listings\PWM1.map) CASE REMOVEUNUSED CLASSES (EDATA (0X0-0XFFF), HDATA (0X0-0XFFF))


CPU MODE:     251 SOURCE MODE
INTR FRAME:   4 BYTES SAVED ON INTERRUPT
MEMORY MODEL: LARGE


INPUT MODULES INCLUDED:
  .\Objects\main.obj (main)
         COMMENT TYPE 0: C251 V5.60.0
  .\Objects\MAX7219.obj (MAX7219)
         COMMENT TYPE 0: C251 V5.60.0
  .\Objects\uart.obj (uart)
         COMMENT TYPE 0: C251 V5.60.0
  .\Objects\tongxin.obj (tongxin)
         COMMENT TYPE 0: C251 V5.60.0
  D:\KEILC251\C251\LIB\C2SL.LIB (?C_START)
         COMMENT TYPE 0: A251 V4.69.6.0
  D:\KEILC251\C251\LIB\C2SL.LIB (?C?INITHDATA)
         COMMENT TYPE 0: A251 V4.69.6.0
  D:\KEILC251\C251\LIB\C2SL.LIB (?C?SIDIV)
         COMMENT TYPE 0: A251 V4.69.6.0
  D:\KEILC251\C251\LIB\C2SL.LIB (?C?SLDIV)
         COMMENT TYPE 0: A251 V4.69.6.0
  D:\KEILC251\C251\LIB\C2SL.LIB (?C?BMOVEPP)
         COMMENT TYPE 0: A251 V4.69.6.0
  D:\KEILC251\C251\LIB\C2SL.LIB (SPRINTF)
         COMMENT TYPE 0: A251 V4.69.6.0
  D:\KEILC251\C251\LIB\C2SL.LIB (VSPRINTF)
         COMMENT TYPE 0: A251 V4.69.6.0
  D:\KEILC251\C251\LIB\C2SL.LIB (ATOI)
         COMMENT TYPE 0: C251 V5.58.7
  D:\KEILC251\C251\LIB\C2SL.LIB (STRCPY?_)
         COMMENT TYPE 0: A251 V4.69.6.0
  D:\KEILC251\C251\LIB\C2SL.LIB (memset)
         COMMENT TYPE 0: C251 V5.58.7
  D:\KEILC251\C251\LIB\C2SL.LIB (?C?INITHDATA_END)
         COMMENT TYPE 0: A251 V4.69.6.0
  D:\KEILC251\C251\LIB\C2SL.LIB (?C?ULDIV)
         COMMENT TYPE 0: A251 V4.69.6.0
  D:\KEILC251\C251\LIB\C2SL.LIB (?C?PRNFMT)
         COMMENT TYPE 0: A251 V4.69.6.0
  D:\KEILC251\C251\LIB\C2SL.LIB (ISDIGIT)
         COMMENT TYPE 0: C251 V5.58.7
  D:\KEILC251\C251\LIB\C2SL.LIB (ISSPACE)
         COMMENT TYPE 0: C251 V5.58.7


ACTIVE MEMORY CLASSES OF MODULE:  .\Objects\PWM1 (main)

BASE        START       END         USED      MEMORY CLASS
==========================================================
000000H     000000H     000FFFH     000100H   EDATA
000000H     000000H     000FFFH               HDATA
000000H     FF0000H     FFFFFFH     00043AH   HCONST
FF0000H     FF0000H     FFFFFFH     000F01H   CODE
010000H     010000H     01FFFFH     00065AH   XDATA
000020H.0   000020H.0   00002FH.7   000000H.3 BIT
FF0000H     FF0000H     FFFFFFH     000004H   CONST
000000H     000000H     00007FH     000010H   DATA


MEMORY MAP OF MODULE:  .\Objects\PWM1 (main)
L251 LINKER/LOCATER V4.66.93.0                                                        07/26/2023  21:08:58  PAGE 2




START     STOP      LENGTH    ALIGN  RELOC    MEMORY CLASS   SEGMENT NAME
=========================================================================
000000H   000007H   000008H   ---    AT..     DATA           "REG BANK 0"
000008H   00000FH   000008H   ---    AT..     DATA           "REG BANK 1"
000010H.0 00001FH.7 000010H.0 ---    ---      **GAP**
000020H.0 000020H.2 000000H.3 BIT    UNIT     BIT            ?BI?UART
000020H.3 000020H   000000H.5 ---    ---      **GAP**
000021H   000120H   000100H   BYTE   UNIT     EDATA          ?STACK
000121H   00FFFFH   00FEDFH   ---    ---      **GAP**
010000H   01036BH   00036CH   BYTE   INSEG    XDATA          ?XD?MAIN
01036CH   01061BH   0002B0H   BYTE   UNIT     XDATA          _XDATA_GROUP_
01061CH   010657H   00003CH   BYTE   INSEG    XDATA          ?XD?TONGXIN
010658H   010659H   000002H   BYTE   INSEG    XDATA          ?XD?UART
01065AH   FEFFFFH   FDF9A6H   ---    ---      **GAP**
FF0000H   FF0002H   000003H   ---    OFFS..   CODE           ?CO?start251?4
FF0003H   FF0006H   000004H   BYTE   UNIT     CONST          ?CO?PRINTF
FF0007H   FF000AH   000004H   ---    ---      **GAP**
FF000BH   FF000DH   000003H   ---    OFFS..   CODE           ?PR?IV?1
FF000EH   FF0022H   000015H   BYTE   INSEG    CODE           ?PR?UARTINTERRUPT?MAIN
FF0023H   FF0025H   000003H   ---    OFFS..   CODE           ?PR?IV?4
FF0026H   FF0085H   000060H   BYTE   INSEG    CODE           ?PR?JIEXI?MAIN
FF0086H   FF008AH   000005H   ---    ---      **GAP**
FF008BH   FF008DH   000003H   ---    OFFS..   CODE           ?PR?IV?17
FF008EH   FF00D2H   000045H   BYTE   INSEG    CODE           ?PR?SHURULVBO?MAIN
FF00D3H   FF00D5H   000003H   ---    OFFS..   CODE           ?PR?IV?26
FF00D6H   FF04CDH   0003F8H   BYTE   UNIT     CODE           ?C?LIB_CODE
FF04CEH   FF05ACH   0000DFH   BYTE   INSEG    CODE           ?PR?JIXI2?MAIN
FF05ADH   FF0652H   0000A6H   BYTE   INSEG    CODE           ?PR?PUSH?TONGXIN
FF0653H   FF06EFH   00009DH   BYTE   INSEG    CODE           ?PR?SHOWPRE?MAIN
FF06F0H   FF0777H   000088H   BYTE   INSEG    CODE           ?PR?DEALORDER?MAIN
FF0778H   FF07F9H   000082H   BYTE   INSEG    CODE           ?PR?POP2?TONGXIN
FF07FAH   FF0878H   00007FH   BYTE   INSEG    CODE           ?PR?ATOI?_?ATOI
FF0879H   FF08E6H   00006EH   BYTE   INSEG    CODE           ?PR?KEYALLCHULI?MAIN
FF08E7H   FF0942H   00005CH   BYTE   INSEG    CODE           ?PR?PWM_ISR?MAIN
FF0943H   FF0992H   000050H   BYTE   INSEG    CODE           ?PR?PWM_CONFIG?MAIN
FF0993H   FF09DFH   00004DH   BYTE   INSEG    CODE           ?PR?PRINTF1?MAIN
FF09E0H   FF0A2CH   00004DH   BYTE   INSEG    CODE           ?PR?PRINTF3?MAIN
FF0A2DH   FF0A77H   00004BH   BYTE   INSEG    CODE           ?PR?MAIN?MAIN
FF0A78H   FF0AC1H   00004AH   BYTE   INSEG    CODE           ?PR?EC11_HANDLE?MAIN
FF0AC2H   FF0AD4H   000013H   BYTE   UNIT     CODE           ?C_C51STARTUP
FF0AD5H   FF0B05H   000031H   BYTE   UNIT     CODE           ?C_C51STARTUP?2
FF0B06H   FF0B08H   000003H   BYTE   UNIT     CODE           ?C_C51STARTUP?3
FF0B09H   FF0B49H   000041H   BYTE   INSEG    CODE           ?PR?INIT2TEST?MAIN
FF0B4AH   FF0B8AH   000041H   BYTE   INSEG    CODE           ?PR?TIMER0?MAIN
FF0B8BH   FF0BC9H   00003FH   BYTE   INSEG    CODE           ?PR?MYADDSTRSTR?MAIN
FF0BCAH   FF0C03H   00003AH   BYTE   INSEG    CODE           ?PR?SYS_INI?MAIN
FF0C04H   FF0C3CH   000039H   BYTE   INSEG    CODE           ?PR?CHUANKOU1PUT?MAIN
FF0C3DH   FF0C6FH   000033H   BYTE   INSEG    CODE           ?PR?MYSTRSTR?MAIN
FF0C70H   FF0C9FH   000030H   BYTE   INSEG    CODE           ?PR?DEALCHUANKOU?MAIN
FF0CA0H   FF0CCEH   00002FH   BYTE   INSEG    CODE           ?PR?YOUT_SET?MAIN
FF0CCFH   FF0CFBH   00002DH   BYTE   INSEG    CODE           ?PR?MEMCPY?TONGXIN
FF0CFCH   FF0D22H   000027H   BYTE   INSEG    CODE           ?PR?UART3?MAIN
FF0D23H   FF0D47H   000025H   BYTE   INSEG    CODE           ?PR?CHUANKOU1TIME?MAIN
FF0D48H   FF0D6CH   000025H   BYTE   INSEG    CODE           ?PR?GETEMPTYINDEX?TONGXIN
FF0D6DH   FF0D8BH   00001FH   BYTE   INSEG    CODE           ?PR?SENDBYTE1?UART
FF0D8CH   FF0DA9H   00001EH   BYTE   INSEG    CODE           ?PR?KEYDOWN?MAIN
FF0DAAH   FF0DC7H   00001EH   BYTE   INSEG    CODE           ?PR?UART23INIT?UART
FF0DC8H   FF0DE4H   00001DH   BYTE   INSEG    CODE           ?PR?ADDGETSETZHI?MAIN
FF0DE5H   FF0DFFH   00001BH   BYTE   INSEG    CODE           ?PR?UARTINIT?UART
FF0E00H   FF0E1AH   00001BH   BYTE   INSEG    CODE           ?PR?TIMER0INIT?UART
FF0E1BH   FF0E34H   00001AH   BYTE   INSEG    CODE           ?PR?KEYUP?MAIN
FF0E35H   FF0E4EH   00001AH   BYTE   INSEG    CODE           ?PR?MEMSET?_?MEMSET
FF0E4FH   FF0E64H   000016H   BYTE   INSEG    CODE           ?PR?YOUT_CLOSEALL?MAIN
L251 LINKER/LOCATER V4.66.93.0                                                        07/26/2023  21:08:58  PAGE 3


FF0E65H   FF0E78H   000014H   BYTE   INSEG    CODE           ?PR?CALCULATECHANGE?MAIN
FF0E79H   FF0E8CH   000014H   BYTE   UNIT     CODE           ?CO?MAIN
FF0E8DH   FF0EA0H   000014H   BYTE   INSEG    CODE           ?PR?ISSPACE?_?ISSPACE
FF0EA1H   FF0EB3H   000013H   BYTE   UNIT     CODE           ?PR?STRCPY?_
FF0EB4H   FF0EC5H   000012H   BYTE   INSEG    CODE           ?PR?MYSTRLEN?MAIN
FF0EC6H   FF0ED7H   000012H   BYTE   INSEG    CODE           ?PR?SETZHIONE?MAIN
FF0ED8H   FF0EE7H   000010H   BYTE   INSEG    CODE           ?PR?ISDIGIT?_?ISDIGIT
FF0EE8H   FF0EF6H   00000FH   BYTE   INSEG    CODE           ?PR?EMPTY?TONGXIN
FF0EF7H   FF0F02H   00000CH   BYTE   INSEG    CODE           ?PR?DELAY10US?MAIN
FF0F03H   FF0F0DH   00000BH   BYTE   INSEG    CODE           ?PR?SENDBYTE3?UART
FF0F0EH   FF11B5H   0002A8H   BYTE   UNIT     HCONST         ?HC?MAIN
FF11B6H   FF1347H   000192H   BYTE   UNIT     HCONST         ?C_INITHDATA

* * * * * * * * *   R E M O V E D     S E G M E N T S   * * * * * * * *
   *DEL*:           000015H   BYTE   INSEG    CODE           ?PR?SHOWSTEP?MAIN
   *DEL*:           00001EH   BYTE   INSEG    CODE           ?PR?CHANGEDAINLIUZHI?MAIN
   *DEL*:           000013H   BYTE   INSEG    CODE           ?PR?SETDIANLIUSETTIME?MAIN
   *DEL*:           00005EH   BYTE   INSEG    CODE           ?PR?SHOWGETZHI?MAIN
   *DEL*:           00000FH   BYTE   INSEG    CODE           ?PR?DELAY100MS?MAIN
   *DEL*:           0000B4H   BYTE   INSEG    CODE           ?PR?JIXI3?MAIN
   *DEL*:           000001H   BYTE   INSEG    CODE           ?PR?TESTMAIN?MAIN
   *DEL*:           000016H   BYTE   INSEG    CODE           ?PR?DELAY10X?MAIN
   *DEL*:           000033H   BYTE   INSEG    CODE           ?PR?MY_STRSTR?MAIN
   *DEL*:           000006H   BYTE   UNIT     XDATA          ?XD?JIXI3?MAIN
   *DEL*:           000027H   BYTE   INSEG    CODE           ?PR?MAX7219_INI?MAX7219
   *DEL*:           000030H   BYTE   INSEG    CODE           ?PR?WRITE7219?MAX7219
   *DEL*:           000020H   BYTE   INSEG    CODE           ?PR?PRINTSTRING?UART
   *DEL*:           00000DH   BYTE   INSEG    CODE           ?PR?DELAY1US?UART
   *DEL*:           00000BH   BYTE   INSEG    CODE           ?PR?SENDBYTE2?UART
   *DEL*:           00000BH   BYTE   INSEG    CODE           ?PR?SENDBYTE4?UART
   *DEL*:           000037H   BYTE   INSEG    CODE           ?PR?PRINT4LEN?UART
   *DEL*:           000016H   BYTE   INSEG    CODE           ?PR?PRINT3?UART
   *DEL*:           000016H   BYTE   INSEG    CODE           ?PR?PRINT4?UART
   *DEL*:           00001FH   BYTE   INSEG    CODE           ?PR?UART4INIT?UART
   *DEL*:           00000CH   BYTE   INSEG    CODE           ?PR?PUTCHAR?UART
   *DEL*:           000004H   BYTE   UNIT     XDATA          ?XD?PRINT4LEN?UART
   *DEL*:           000006H   BYTE   INSEG    CODE           ?PR?PUSHSHOW?TONGXIN
   *DEL*:           000011H   BYTE   INSEG    CODE           ?PR?ISFULL?TONGXIN
   *DEL*:           000001H   BYTE   INSEG    CODE           ?PR?DEAL?TONGXIN
   *DEL*:           00000EH   BYTE   INSEG    CODE           ?PR?SHOW?TONGXIN
   *DEL*:           000065H   BYTE   INSEG    CODE           ?PR?POP?TONGXIN
   *DEL*:           000006H   BYTE   UNIT     XDATA          ?XD?DEAL?TONGXIN
   *DEL*:           000006H   BYTE   UNIT     XDATA          ?XD?POP?TONGXIN



OVERLAY MAP OF MODULE:   .\Objects\PWM1 (main)


FUNCTION/MODULE             XDATA_GROUP
--> CALLED FUNCTION/MODULE  START  STOP
=======================================
UARTInterrupt/main          ----- -----

*** NEW ROOT **************

Timer0/main                 ----- -----
  +--> shurulvbo/main
  +--> chuankou1time/main
  +--> empty/tongxin

shurulvbo/main              ----- -----

chuankou1time/main          ----- -----

L251 LINKER/LOCATER V4.66.93.0                                                        07/26/2023  21:08:58  PAGE 4


empty/tongxin               ----- -----
  +--> getemptyindex/tongxin

getemptyindex/tongxin       ----- -----

*** NEW ROOT **************

PWM_ISR/main                ----- -----
  +--> EC11_Handle/main

EC11_Handle/main            ----- -----
  +--> calculateChange/main
  +--> addgetsetzhi/main
  +--> setzhione/main

calculateChange/main        ----- -----
  +--> ?C?SLDIV/?C?SLDIV

?C?SLDIV/?C?SLDIV           ----- -----
  +--> ?C?ULIDIV/?C?ULDIV

?C?ULIDIV/?C?ULDIV          ----- -----

addgetsetzhi/main           ----- -----

setzhione/main              ----- -----
  +--> push/tongxin

push/tongxin                036EH 036FH
  +--> getemptyindex/tongxin

*** NEW ROOT **************

Uart3/main                  ----- -----
  +--> chuankou1put/main

chuankou1put/main           ----- -----

*** NEW ROOT **************

?C_C51STARTUP               ----- -----

*** NEW ROOT **************

?C_C51STARTUP?3             ----- -----
  +--> main/main

main/main                   ----- -----
  +--> SYS_Ini/main
  +--> PWM_Config/main
  +--> UartInit/uart
  +--> Uart23Init/uart
  +--> printf1/main
  +--> Timer0Init/uart
  +--> init2test/main
  +--> keyallchuli/main
  +--> showpre/main
  +--> dealorder/main
  +--> dealchuankou/main

SYS_Ini/main                ----- -----

PWM_Config/main             ----- -----

UartInit/uart               ----- -----
L251 LINKER/LOCATER V4.66.93.0                                                        07/26/2023  21:08:58  PAGE 5



Uart23Init/uart             ----- -----

printf1/main                056CH 0617H
  +--> VSPRINTF/VSPRINTF
  +--> sendbyte1/uart

VSPRINTF/VSPRINTF           0618H 061BH
  +--> OUT/VSPRINTF

OUT/VSPRINTF                ----- -----
  +--> PUTCH/VSPRINTF

PUTCH/VSPRINTF              ----- -----

sendbyte1/uart              ----- -----

Timer0Init/uart             ----- -----

init2test/main              ----- -----
  +--> printf1/main
  +--> push/tongxin
  +--> dealorder/main
  +--> showpre/main
  +--> dealchuankou/main

dealorder/main              036EH 0391H
  +--> pop2/tongxin
  +--> SPRINTF/SPRINTF
  +--> printf3/main

pop2/tongxin                0392H 0393H
  +--> getemptyindex/tongxin
  +--> memcpy/tongxin

memcpy/tongxin              0394H 0395H

SPRINTF/SPRINTF             0392H 03B9H
  +--> OUT/SPRINTF

OUT/SPRINTF                 ----- -----
  +--> PUTCH/SPRINTF

PUTCH/SPRINTF               ----- -----

printf3/main                0392H 043DH
  +--> VSPRINTF/VSPRINTF
  +--> sendbyte3/uart

sendbyte3/uart              ----- -----

showpre/main                036EH 0375H
  +--> yout_closeall/main
  +--> yout_set/main
  +--> Delay10us/main

yout_closeall/main          ----- -----
  +--> yout_set/main

yout_set/main               ----- -----

Delay10us/main              ----- -----

dealchuankou/main           ----- -----
  +--> jiexi/main
L251 LINKER/LOCATER V4.66.93.0                                                        07/26/2023  21:08:58  PAGE 6


  +--> memset?_/memset

jiexi/main                  036EH 0561H
  +--> myaddstrstr/main
  +--> STRCPY?_/STRCPY?_
  +--> jixi2/main

myaddstrstr/main            056CH 056FH
  +--> mystrstr/main
  +--> mystrlen/main

mystrstr/main               ----- -----

mystrlen/main               ----- -----

STRCPY?_/STRCPY?_           ----- -----

jixi2/main                  0562H 056BH
  +--> myaddstrstr/main
  +--> atoi?_/ATOI
  +--> printf1/main

atoi?_/ATOI                 ----- -----
  +--> isspace?_/ISSPACE
  +--> isdigit?_/ISDIGIT

isspace?_/ISSPACE           ----- -----

isdigit?_/ISDIGIT           ----- -----

memset?_/memset             ----- -----

keyallchuli/main            ----- -----
  +--> keydown/main
  +--> keyup/main

keydown/main                ----- -----
  +--> printf1/main
  +--> setzhione/main

keyup/main                  ----- -----
  +--> printf1/main
  +--> setzhione/main

*** NEW ROOT **************

?C_C51STARTUP?2             ----- -----



PUBLIC SYMBOLS OF MODULE:  .\Objects\PWM1 (main)


      VALUE       CLASS    TYPE      PUBLIC SYMBOL NAME
      =================================================
      00FF013EH   CODE     ---       ?C?BMOVEPP
      00FF013CH   CODE     ---       ?C?BMOVEPP8
      000000FFH   NUMBER   ---       ?C?CODESEG
      00FF0AD5H   CODE     ---       ?C?INITHDATA
      00FF1346H   HCONST   WORD      ?C?INITHDATA_END
      00FF0227H   CODE     ---       ?C?PRNFMT
      00FF00D6H   CODE     ---       ?C?SIDIV
      00FF0108H   CODE     NEAR LAB  ?C?SLDIV
      00FF0000H   CODE     ---       ?C?STARTUP
      00FF01A9H   CODE     NEAR LAB  ?C?ULDIV
L251 LINKER/LOCATER V4.66.93.0                                                        07/26/2023  21:08:58  PAGE 7


      00FF01A7H   CODE     NEAR LAB  ?C?ULIDIV
      00000001H   NUMBER   ---       ?C?XDATASEG
      00FF0000H   CODE     ---       ?C_STARTUP
*DEL*:00000000H   XDATA    BYTE      ?deal?BYTE
      0001038CH   XDATA    BYTE      ?memcpy?BYTE
      00010594H   XDATA    BYTE      ?printf1?BYTE
      000103BAH   XDATA    BYTE      ?printf3?BYTE
      000103BAH   XDATA    ---       ?sprintf?BYTE
      00010610H   XDATA    ---       ?vsprintf?BYTE
*SFR* 000000BCH   DATA     BYTE      ADC_CONTR
*SFR* 000000DEH   DATA     BYTE      ADCCFG
      00FF0DC8H   CODE     ---       addgetsetzhi
      00FF07FAH   CODE     ---       atoi?_
*SFR* 000000EFH   DATA     BYTE      AUXINTIF
*SFR* 0000008EH   DATA     BYTE      AUXR
*SFR* 00000097H   DATA     BYTE      AUXR2
      000100D4H   XDATA    INT       bili
      0001012BH   XDATA    ---       buf3
      00000020H.0 BIT      BIT       busy2
      00000020H.1 BIT      BIT       busy3
      00000020H.2 BIT      BIT       busy4
      00FF0E65H   CODE     ---       calculateChange
*SFR* 000000F1H   DATA     BYTE      CANICR
*DEL*:00000000H   CODE     ---       changedainliuzhi
      00FF0C04H   CODE     ---       chuankou1put
      00FF0D23H   CODE     ---       chuankou1time
*SFR* 000000EAH   DATA     BYTE      CKCON
*SFR* 000000E8H.4 DATA     BIT       CLK
*SFR* 000000E6H   DATA     BYTE      CMPCR1
*SFR* 000000E7H   DATA     BYTE      CMPCR2
      0001012AH   XDATA    BYTE      cnt_H
      0001031FH   XDATA    BYTE      cnt_L
      000100D6H   XDATA    WORD      count
*SFR* 000000E8H.5 DATA     BIT       CS
*DEL*:00000000H   CODE     ---       deal
      00FF0C70H   CODE     ---       dealchuankou
      00FF06F0H   CODE     ---       dealorder
      00010658H   XDATA    INT       debug
*DEL*:00000000H   CODE     ---       Delay100ms
      00FF0EF7H   CODE     ---       Delay10us
*DEL*:00000000H   CODE     ---       delay10x
*DEL*:00000000H   CODE     ---       Delay1us
      00010128H   XDATA    INT       dianliusettime
*SFR* 000000E8H.6 DATA     BIT       DIN
      00FF0E79H   CODE     ---       duanzhi
*SFR* 000000A8H.7 DATA     BIT       EA
*SFR* 000000BAH.7 DATA     BIT       EAXFR
      00FF0A78H   CODE     ---       EC11_Handle
      00FF0EE8H   CODE     ---       empty
*SFR* 000000A8H.4 DATA     BIT       ES
*SFR* 000000A8H.1 DATA     BIT       ET0
*SFR* 000000A8H.3 DATA     BIT       ET1
      000100DCH   XDATA    CHAR      flag3
      000100FDH   XDATA    CHAR      flagdianliuset
      000100FBH   XDATA    INT       flaginit
      00FF0D48H   CODE     ---       getemptyindex
      00010002H   XDATA    ---       getzhi
      00010000H   XDATA    INT       gsetzhi
*SFR* 000000C7H   DATA     BYTE      IAP_CONTR
*SFR* 000000A8H   DATA     BYTE      IE
*SFR* 000000AFH   DATA     BYTE      IE2
      00FF0B09H   CODE     ---       init2test
*SFR* 0000008FH   DATA     BYTE      INTCLKO
*SFR* 000000B8H   DATA     BYTE      IP
*SFR* 000000B5H   DATA     BYTE      IP2
L251 LINKER/LOCATER V4.66.93.0                                                        07/26/2023  21:08:58  PAGE 8


*SFR* 000000B6H   DATA     BYTE      IP2H
*SFR* 000000DFH   DATA     BYTE      IP3
*SFR* 000000EEH   DATA     BYTE      IP3H
*SFR* 000000B7H   DATA     BYTE      IPH
*SFR* 0000009DH   DATA     BYTE      IRCBAND
      00FF0ED8H   CODE     ---       isdigit?_
*DEL*:00000000H   CODE     ---       isfull
      00FF0E8DH   CODE     ---       isspace?_
      00FF0026H   CODE     ---       jiexi
      00FF04CEH   CODE     ---       jixi2
*DEL*:00000000H   CODE     ---       jixi3
      00FF0879H   CODE     ---       keyallchuli
      00FF0D8CH   CODE     ---       keydown
      00FF0E1BH   CODE     ---       keyup
*SFR* 000000A0H.1 DATA     BIT       led1
*SFR* 000000A0H.0 DATA     BIT       led2
*SFR* 000000C0H.4 DATA     BIT       led3
*SFR* 000000C0H.3 DATA     BIT       led4
*SFR* 000000F9H   DATA     BYTE      LINICR
      00FF0A2DH   CODE     ---       main
*DEL*:00000000H   CODE     ---       MAX7219_Ini
      00FF0CCFH   CODE     ---       memcpy
      00FF0E35H   CODE     ---       memset?_
*DEL*:00000000H   CODE     ---       my_strstr
      00FF0B8BH   CODE     ---       myaddstrstr
      00FF0EB4H   CODE     ---       mystrlen
      00FF0C3DH   CODE     ---       mystrstr
      00010322H   XDATA    WORD      newcount
      000100CCH   XDATA    INT       numRegisters
*SFR* 00000080H   DATA     BYTE      P0
*SFR* 00000094H   DATA     BYTE      P0M0
*SFR* 00000093H   DATA     BYTE      P0M1
*SFR* 00000090H   DATA     BYTE      P1
*SFR* 00000092H   DATA     BYTE      P1M0
*SFR* 00000091H   DATA     BYTE      P1M1
*SFR* 000000A0H   DATA     BYTE      P2
*SFR* 00000096H   DATA     BYTE      P2M0
*SFR* 00000095H   DATA     BYTE      P2M1
*SFR* 000000B0H   DATA     BYTE      P3
*SFR* 000000B2H   DATA     BYTE      P3M0
*SFR* 000000B1H   DATA     BYTE      P3M1
*SFR* 000000C0H   DATA     BYTE      P4
*SFR* 000000B4H   DATA     BYTE      P4M0
*SFR* 000000B3H   DATA     BYTE      P4M1
*SFR* 000000C8H   DATA     BYTE      P5
*SFR* 000000CAH   DATA     BYTE      P5M0
*SFR* 000000C9H   DATA     BYTE      P5M1
*SFR* 000000E8H   DATA     BYTE      P6
*SFR* 000000CCH   DATA     BYTE      P6M0
*SFR* 000000CBH   DATA     BYTE      P6M1
*SFR* 000000F8H   DATA     BYTE      P7
*SFR* 000000E2H   DATA     BYTE      P7M0
*SFR* 000000E1H   DATA     BYTE      P7M1
*SFR* 000000A2H   DATA     BYTE      P_SW1
*SFR* 000000BAH   DATA     BYTE      P_SW2
*SFR* 000000BBH   DATA     BYTE      P_SW3
*SFR* 00000087H   DATA     BYTE      PCON
*DEL*:00000000H   CODE     ---       pop
      00FF0778H   CODE     ---       pop2
*DEL*:00000000H   CODE     ---       print3
*DEL*:00000000H   CODE     ---       print4
*DEL*:00000000H   CODE     ---       print4len
      00FF0993H   CODE     ---       printf1
      00FF09E0H   CODE     ---       printf3
*DEL*:00000000H   CODE     ---       PrintString
L251 LINKER/LOCATER V4.66.93.0                                                        07/26/2023  21:08:58  PAGE 9


*SFR* 000000D0H   DATA     BYTE      PSW
*SFR* 000000B8H.1 DATA     BIT       PT0
      00FF05ADH   CODE     ---       push
*DEL*:00000000H   CODE     ---       pushshow
*DEL*:00000000H   CODE     ---       putchar
      00FF0943H   CODE     ---       PWM_Config
      00FF08E7H   CODE     ---       PWM_ISR
      000100FEH   XDATA    ---       registers
*SFR* 00000098H.0 DATA     BIT       RI
*SFR* 000000FFH   DATA     BYTE      RSTCFG
*SFR* 0000009BH   DATA     BYTE      S2BUF
*SFR* 0000009AH   DATA     BYTE      S2CON
*SFR* 000000BAH.1 DATA     BIT       S3_S
*SFR* 000000ADH   DATA     BYTE      S3BUF
*SFR* 000000ACH   DATA     BYTE      S3CON
*SFR* 000000FEH   DATA     BYTE      S4BUF
*SFR* 000000FDH   DATA     BYTE      S4CON
*SFR* 00000099H   DATA     BYTE      SBUF
*SFR* 00000098H   DATA     BYTE      SCON
      00FF0D6DH   CODE     ---       sendbyte1
*DEL*:00000000H   CODE     ---       sendbyte2
      00FF0F03H   CODE     ---       sendbyte3
*DEL*:00000000H   CODE     ---       sendbyte4
*DEL*:00000000H   CODE     ---       setdianliusettime
      00010126H   XDATA    INT       setprezhi
      00FF0EC6H   CODE     ---       setzhione
*DEL*:00000000H   CODE     ---       show
*DEL*:00000000H   CODE     ---       showgetzhi
      00FF0653H   CODE     ---       showpre
*DEL*:00000000H   CODE     ---       showstep
      00FF008EH   CODE     ---       shurulvbo
*SFR* 000000CEH   DATA     BYTE      SPCTL
      00FF0165H   CODE     NEAR LAB  sprintf
*SFR* 000000CDH   DATA     BYTE      SPSTAT
      000100D8H   XDATA    INT       step
      00FF0EA1H   CODE     NEAR LAB  strcpy?_
      00FF0BCAH   CODE     ---       SYS_Ini
*SFR* 000000D6H   DATA     BYTE      T2H
*SFR* 000000D7H   DATA     BYTE      T2L
*SFR* 000000D2H   DATA     BYTE      T4H
*SFR* 000000D3H   DATA     BYTE      T4L
*SFR* 000000DDH   DATA     BYTE      T4T3M
*SFR* 00000088H   DATA     BYTE      TCON
*DEL*:00000000H   CODE     ---       testmain
*SFR* 00000088H.5 DATA     BIT       TF0
*SFR* 0000008CH   DATA     BYTE      TH0
*SFR* 0000008DH   DATA     BYTE      TH1
*SFR* 00000098H.1 DATA     BIT       TI
      000100CAH   XDATA    INT       timeleft1
      000100CEH   XDATA    INT       timeleft2
      000100D0H   XDATA    INT       timeleft3
      000100D2H   XDATA    INT       timeleft4
      00FF0B4AH   CODE     ---       Timer0
      00FF0E00H   CODE     ---       Timer0Init
*SFR* 0000008AH   DATA     BYTE      TL0
*SFR* 0000008BH   DATA     BYTE      TL1
*SFR* 00000089H   DATA     BYTE      TMOD
      0001061CH   XDATA    ---       tongxindata
*SFR* 00000088H.4 DATA     BIT       TR0
*SFR* 00000088H.6 DATA     BIT       TR1
      00FF0DAAH   CODE     ---       Uart23Init
      00FF0CFCH   CODE     ---       Uart3
*DEL*:00000000H   CODE     ---       Uart4Init
      00FF0DE5H   CODE     ---       UartInit
      00FF000EH   CODE     ---       UARTInterrupt
L251 LINKER/LOCATER V4.66.93.0                                                        07/26/2023  21:08:58  PAGE 10


*SFR* 000000F4H   DATA     BYTE      USBCON
      00FF0185H   CODE     NEAR LAB  vsprintf
*SFR* 000000C1H   DATA     BYTE      WDT_CONTR
      000100DAH   XDATA    INT       weishu3
*DEL*:00000000H   CODE     ---       Write7219
*SFR* 000000E9H   DATA     BYTE      WTST
*SFR* 00000090H.3 DATA     BIT       X0
      000100DDH   XDATA    ---       xin
      00FF0E4FH   CODE     ---       yout_closeall
      00FF0CA0H   CODE     ---       yout_set



SYMBOL TABLE OF MODULE:  .\Objects\PWM1 (main)

      VALUE       REP       CLASS    TYPE      SYMBOL NAME
      ====================================================
      ---         MODULE    ---      ---       main
      00FF0E65H   PUBLIC    CODE     ---       calculateChange
      00FF0CA0H   PUBLIC    CODE     ---       yout_set
      00FF0BCAH   PUBLIC    CODE     ---       SYS_Ini
      00FF0EB4H   PUBLIC    CODE     ---       mystrlen
      00FF0D8CH   PUBLIC    CODE     ---       keydown
      00FF0DC8H   PUBLIC    CODE     ---       addgetsetzhi
      00FF0E4FH   PUBLIC    CODE     ---       yout_closeall
      00FF0653H   PUBLIC    CODE     ---       showpre
      00FF000EH   PUBLIC    CODE     ---       UARTInterrupt
      00FF0A78H   PUBLIC    CODE     ---       EC11_Handle
      00FF0026H   PUBLIC    CODE     ---       jiexi
      00FF0C3DH   PUBLIC    CODE     ---       mystrstr
      00FF0879H   PUBLIC    CODE     ---       keyallchuli
      00FF0A2DH   PUBLIC    CODE     ---       main
      00FF0B09H   PUBLIC    CODE     ---       init2test
      00FF0943H   PUBLIC    CODE     ---       PWM_Config
      00FF0E1BH   PUBLIC    CODE     ---       keyup
      00FF0B4AH   PUBLIC    CODE     ---       Timer0
      00FF06F0H   PUBLIC    CODE     ---       dealorder
      00FF0EF7H   PUBLIC    CODE     ---       Delay10us
      00FF08E7H   PUBLIC    CODE     ---       PWM_ISR
      00FF0D23H   PUBLIC    CODE     ---       chuankou1time
      00FF0993H   PUBLIC    CODE     ---       printf1
      00FF0B8BH   PUBLIC    CODE     ---       myaddstrstr
      00FF09E0H   PUBLIC    CODE     ---       printf3
      00FF0CFCH   PUBLIC    CODE     ---       Uart3
      00FF0EC6H   PUBLIC    CODE     ---       setzhione
      00FF04CEH   PUBLIC    CODE     ---       jixi2
      00FF0C04H   PUBLIC    CODE     ---       chuankou1put
      00FF008EH   PUBLIC    CODE     ---       shurulvbo
      00FF0C70H   PUBLIC    CODE     ---       dealchuankou
      00010000H   PUBLIC    XDATA    INT       gsetzhi
      00010002H   PUBLIC    XDATA    ---       getzhi
      000100CAH   PUBLIC    XDATA    INT       timeleft1
      000100CCH   PUBLIC    XDATA    INT       numRegisters
      000100CEH   PUBLIC    XDATA    INT       timeleft2
      000100D0H   PUBLIC    XDATA    INT       timeleft3
      000100D2H   PUBLIC    XDATA    INT       timeleft4
      000100D4H   PUBLIC    XDATA    INT       bili
      000100D6H   PUBLIC    XDATA    WORD      count
      000100D8H   PUBLIC    XDATA    INT       step
      000100DAH   PUBLIC    XDATA    INT       weishu3
      000100DCH   PUBLIC    XDATA    CHAR      flag3
      000100DDH   PUBLIC    XDATA    ---       xin
      000100FBH   PUBLIC    XDATA    INT       flaginit
      000100FDH   PUBLIC    XDATA    CHAR      flagdianliuset
      000100FEH   PUBLIC    XDATA    ---       registers
L251 LINKER/LOCATER V4.66.93.0                                                        07/26/2023  21:08:58  PAGE 11


      00010126H   PUBLIC    XDATA    INT       setprezhi
      00010128H   PUBLIC    XDATA    INT       dianliusettime
      0001012AH   PUBLIC    XDATA    BYTE      cnt_H
      0001012BH   PUBLIC    XDATA    ---       buf3
      0001031FH   PUBLIC    XDATA    BYTE      cnt_L
      00010322H   PUBLIC    XDATA    WORD      newcount
      00FF0E79H   PUBLIC    CODE     ---       duanzhi
      00010594H   PUBLIC    XDATA    BYTE      ?printf1?BYTE
      000103BAH   PUBLIC    XDATA    BYTE      ?printf3?BYTE
      00000094H   SFRSYM    DATA     BYTE      P0M0
      000000D0H   SFRSYM    DATA     BYTE      PSW
      000000BAH.7 SFRSYM    DATA     BIT       EAXFR
      0000009DH   SFRSYM    DATA     BYTE      IRCBAND
      00000097H   SFRSYM    DATA     BYTE      AUXR2
      000000EAH   SFRSYM    DATA     BYTE      CKCON
      000000EFH   SFRSYM    DATA     BYTE      AUXINTIF
      000000C0H.3 SFRSYM    DATA     BIT       led4
      000000C0H.4 SFRSYM    DATA     BIT       led3
      000000FDH   SFRSYM    DATA     BYTE      S4CON
      000000A0H.0 SFRSYM    DATA     BIT       led2
      000000ACH   SFRSYM    DATA     BYTE      S3CON
      000000A0H.1 SFRSYM    DATA     BIT       led1
      0000009AH   SFRSYM    DATA     BYTE      S2CON
      000000ADH   SFRSYM    DATA     BYTE      S3BUF
      000000B7H   SFRSYM    DATA     BYTE      IPH
      000000CDH   SFRSYM    DATA     BYTE      SPSTAT
      000000DDH   SFRSYM    DATA     BYTE      T4T3M
      000000C1H   SFRSYM    DATA     BYTE      WDT_CONTR
      000000E9H   SFRSYM    DATA     BYTE      WTST
      000000DFH   SFRSYM    DATA     BYTE      IP3
      000000F4H   SFRSYM    DATA     BYTE      USBCON
      000000B5H   SFRSYM    DATA     BYTE      IP2
      000000FFH   SFRSYM    DATA     BYTE      RSTCFG
      000000C7H   SFRSYM    DATA     BYTE      IAP_CONTR
      000000F9H   SFRSYM    DATA     BYTE      LINICR
      0000008EH   SFRSYM    DATA     BYTE      AUXR
      000000AFH   SFRSYM    DATA     BYTE      IE2
      00000088H   SFRSYM    DATA     BYTE      TCON
      00000089H   SFRSYM    DATA     BYTE      TMOD
      00000098H   SFRSYM    DATA     BYTE      SCON
      000000F1H   SFRSYM    DATA     BYTE      CANICR
      00000087H   SFRSYM    DATA     BYTE      PCON
      00000099H   SFRSYM    DATA     BYTE      SBUF
      000000BCH   SFRSYM    DATA     BYTE      ADC_CONTR
      000000E7H   SFRSYM    DATA     BYTE      CMPCR2
      000000E6H   SFRSYM    DATA     BYTE      CMPCR1
      00000098H.1 SFRSYM    DATA     BIT       TI
      00000098H.0 SFRSYM    DATA     BIT       RI
      000000DEH   SFRSYM    DATA     BYTE      ADCCFG
      000000B8H   SFRSYM    DATA     BYTE      IP
      0000008FH   SFRSYM    DATA     BYTE      INTCLKO
      000000EEH   SFRSYM    DATA     BYTE      IP3H
      000000B6H   SFRSYM    DATA     BYTE      IP2H
      000000A8H   SFRSYM    DATA     BYTE      IE
      000000BBH   SFRSYM    DATA     BYTE      P_SW3
      000000BAH   SFRSYM    DATA     BYTE      P_SW2
      000000A2H   SFRSYM    DATA     BYTE      P_SW1
      000000CEH   SFRSYM    DATA     BYTE      SPCTL
      00000090H.3 SFRSYM    DATA     BIT       X0
      000000F8H   SFRSYM    DATA     BYTE      P7
      000000A8H.7 SFRSYM    DATA     BIT       EA
      000000E1H   SFRSYM    DATA     BYTE      P7M1
      000000E8H   SFRSYM    DATA     BYTE      P6
      000000C8H   SFRSYM    DATA     BYTE      P5
      000000CBH   SFRSYM    DATA     BYTE      P6M1
L251 LINKER/LOCATER V4.66.93.0                                                        07/26/2023  21:08:58  PAGE 12


      000000E2H   SFRSYM    DATA     BYTE      P7M0
      000000C0H   SFRSYM    DATA     BYTE      P4
      000000C9H   SFRSYM    DATA     BYTE      P5M1
      000000CCH   SFRSYM    DATA     BYTE      P6M0
      000000B0H   SFRSYM    DATA     BYTE      P3
      000000B3H   SFRSYM    DATA     BYTE      P4M1
      000000CAH   SFRSYM    DATA     BYTE      P5M0
      000000A0H   SFRSYM    DATA     BYTE      P2
      000000B1H   SFRSYM    DATA     BYTE      P3M1
      000000B4H   SFRSYM    DATA     BYTE      P4M0
      00000090H   SFRSYM    DATA     BYTE      P1
      00000095H   SFRSYM    DATA     BYTE      P2M1
      000000B2H   SFRSYM    DATA     BYTE      P3M0
      00000080H   SFRSYM    DATA     BYTE      P0
      00000091H   SFRSYM    DATA     BYTE      P1M1
      00000096H   SFRSYM    DATA     BYTE      P2M0
      00000092H   SFRSYM    DATA     BYTE      P1M0
      00000093H   SFRSYM    DATA     BYTE      P0M1
      00FF0FA4H   SYMBOL    HCONST   ---       ?tpl?0001
      00FF1198H   SYMBOL    HCONST   ---       ?tpl?0002
      00010320H   SYMBOL    XDATA    INT       timepush

      00FF0BCAH   BLOCK     CODE     ---       LVL=0
      00FF0BCAH   LINE      CODE     ---       #38
      00FF0BCAH   LINE      CODE     ---       #40
      00FF0BCDH   LINE      CODE     ---       #41
      00FF0BD0H   LINE      CODE     ---       #42
      00FF0BD3H   LINE      CODE     ---       #43
      00FF0BD6H   LINE      CODE     ---       #44
      00FF0BD9H   LINE      CODE     ---       #45
      00FF0BDCH   LINE      CODE     ---       #46
      00FF0BDFH   LINE      CODE     ---       #47
      00FF0BE2H   LINE      CODE     ---       #48
      00FF0BE5H   LINE      CODE     ---       #49
      00FF0BE8H   LINE      CODE     ---       #50
      00FF0BEBH   LINE      CODE     ---       #51
      00FF0BEEH   LINE      CODE     ---       #52
      00FF0BF1H   LINE      CODE     ---       #53
      00FF0BF4H   LINE      CODE     ---       #54
      00FF0BF7H   LINE      CODE     ---       #55
      00FF0BFAH   LINE      CODE     ---       #56
      00FF0BFDH   LINE      CODE     ---       #57
      00FF0C00H   LINE      CODE     ---       #58
      00FF0C03H   LINE      CODE     ---       #59
      ---         BLOCKEND  ---      ---       LVL=0
      DR4         REGSYM    ---      DWORD     i

      00FF0993H   BLOCK     CODE     ---       LVL=0
      00010594H   SYMBOL    XDATA    ---       fmt
      00FF099FH   BLOCK     CODE     NEAR LAB  LVL=1
      REG=3       REGSYM    ---      ---       p
      00010598H   SYMBOL    XDATA    ---       buf
      REG=1       REGSYM    ---      ---       args
      ---         BLOCKEND  ---      ---       LVL=1
      00FF0993H   LINE      CODE     ---       #74
      00FF099FH   LINE      CODE     ---       #75
      00FF099FH   LINE      CODE     ---       #79
      00FF09A7H   LINE      CODE     ---       #80
      00FF09C6H   LINE      CODE     ---       #83
      00FF09CEH   LINE      CODE     ---       #84
      00FF09D0H   LINE      CODE     ---       #86
      00FF09D6H   LINE      CODE     ---       #87
      00FF09D8H   LINE      CODE     ---       #88
      00FF09DDH   LINE      CODE     ---       #89
      ---         BLOCKEND  ---      ---       LVL=0
L251 LINKER/LOCATER V4.66.93.0                                                        07/26/2023  21:08:58  PAGE 13



      00FF09E0H   BLOCK     CODE     ---       LVL=0
      000103BAH   SYMBOL    XDATA    ---       fmt
      00FF09ECH   BLOCK     CODE     NEAR LAB  LVL=1
      REG=3       REGSYM    ---      ---       p
      000103BEH   SYMBOL    XDATA    ---       buf
      REG=1       REGSYM    ---      ---       args
      ---         BLOCKEND  ---      ---       LVL=1
      00FF09E0H   LINE      CODE     ---       #91
      00FF09ECH   LINE      CODE     ---       #92
      00FF09ECH   LINE      CODE     ---       #96
      00FF09F4H   LINE      CODE     ---       #97
      00FF0A13H   LINE      CODE     ---       #100
      00FF0A1BH   LINE      CODE     ---       #101
      00FF0A1DH   LINE      CODE     ---       #103
      00FF0A23H   LINE      CODE     ---       #104
      00FF0A25H   LINE      CODE     ---       #105
      00FF0A2AH   LINE      CODE     ---       #106
      ---         BLOCKEND  ---      ---       LVL=0

      00FF0CA0H   BLOCK     CODE     ---       LVL=0
      R11         REGSYM    ---      CHAR      weizhi
      R10         REGSYM    ---      CHAR      zhi
      00FF0CA0H   LINE      CODE     ---       #118
      00FF0CA2H   LINE      CODE     ---       #120
      00FF0CA4H   LINE      CODE     ---       #121
      00FF0CADH   LINE      CODE     ---       #122
      00FF0CB0H   LINE      CODE     ---       #123
      00FF0CB9H   LINE      CODE     ---       #124
      00FF0CBCH   LINE      CODE     ---       #125
      00FF0CC5H   LINE      CODE     ---       #126
      00FF0CC8H   LINE      CODE     ---       #127
      00FF0CCDH   LINE      CODE     ---       #129
      00FF0CCEH   LINE      CODE     ---       #130
      ---         BLOCKEND  ---      ---       LVL=0

      00FF0E4FH   BLOCK     CODE     ---       LVL=0
      00FF0E51H   BLOCK     CODE     NEAR LAB  LVL=1
      R15         REGSYM    ---      CHAR      i
      ---         BLOCKEND  ---      ---       LVL=1
      00FF0E4FH   LINE      CODE     ---       #131
      00FF0E51H   LINE      CODE     ---       #132
      00FF0E51H   LINE      CODE     ---       #134
      00FF0E53H   LINE      CODE     ---       #136
      00FF0E5BH   LINE      CODE     ---       #137
      00FF0E62H   LINE      CODE     ---       #138
      ---         BLOCKEND  ---      ---       LVL=0

      00FF0EF7H   BLOCK     CODE     ---       LVL=0
      DR4         REGSYM    ---      DWORD     i
      00FF0EF7H   LINE      CODE     ---       #139
      00FF0EF7H   LINE      CODE     ---       #140
      00FF0EF7H   LINE      CODE     ---       #143
      00FF0EF8H   LINE      CODE     ---       #144
      00FF0EF9H   LINE      CODE     ---       #145
      00FF0EFAH   LINE      CODE     ---       #146
      00FF0EFEH   LINE      CODE     ---       #147
      00FF0F02H   LINE      CODE     ---       #149
      ---         BLOCKEND  ---      ---       LVL=0
      WR14        REGSYM    ---      INT       i

      00FF0653H   BLOCK     CODE     ---       LVL=0
      WR2         REGSYM    ---      INT       num
      00FF0657H   BLOCK     CODE     NEAR LAB  LVL=1
      WR14        REGSYM    ---      INT       i
L251 LINKER/LOCATER V4.66.93.0                                                        07/26/2023  21:08:58  PAGE 14


      0001036EH   SYMBOL    XDATA    ---       a
      ---         BLOCKEND  ---      ---       LVL=1
      00FF0653H   LINE      CODE     ---       #157
      00FF0657H   LINE      CODE     ---       #158
      00FF0657H   LINE      CODE     ---       #161
      00FF066FH   LINE      CODE     ---       #162
      00FF0687H   LINE      CODE     ---       #164
      00FF069FH   LINE      CODE     ---       #165
      00FF06ACH   LINE      CODE     ---       #167
      00FF06AEH   LINE      CODE     ---       #169
      00FF06B1H   LINE      CODE     ---       #170
      00FF06B8H   LINE      CODE     ---       #171
      00FF06D9H   LINE      CODE     ---       #172
      00FF06DCH   LINE      CODE     ---       #173
      00FF06DFH   LINE      CODE     ---       #174
      00FF06E2H   LINE      CODE     ---       #175
      00FF06E5H   LINE      CODE     ---       #176
      00FF06EDH   LINE      CODE     ---       #177
      ---         BLOCKEND  ---      ---       LVL=0

      00FF0C3DH   BLOCK     CODE     ---       LVL=0
      REG=7       REGSYM    ---      ---       haystack
      REG=6       REGSYM    ---      ---       needle
      00FF0C4BH   BLOCK     CODE     NEAR LAB  LVL=1
      REG=1       REGSYM    ---      ---       h
      REG=0       REGSYM    ---      ---       n
      ---         BLOCKEND  ---      ---       LVL=1
      00FF0C3DH   LINE      CODE     ---       #195
      00FF0C41H   LINE      CODE     ---       #196
      00FF0C46H   LINE      CODE     ---       #197
      00FF0C49H   LINE      CODE     ---       #198
      00FF0C49H   LINE      CODE     ---       #200
      00FF0C4BH   LINE      CODE     ---       #201
      00FF0C4DH   LINE      CODE     ---       #202
      00FF0C4FH   LINE      CODE     ---       #204
      00FF0C51H   LINE      CODE     ---       #205
      00FF0C53H   LINE      CODE     ---       #206
      00FF0C55H   LINE      CODE     ---       #207
      00FF0C61H   LINE      CODE     ---       #209
      00FF0C63H   LINE      CODE     ---       #210
      00FF0C66H   LINE      CODE     ---       #211
      00FF0C66H   LINE      CODE     ---       #213
      00FF0C68H   LINE      CODE     ---       #214
      00FF0C6DH   LINE      CODE     ---       #216
      00FF0C6FH   LINE      CODE     ---       #217
      ---         BLOCKEND  ---      ---       LVL=0

      00FF0EB4H   BLOCK     CODE     ---       LVL=0
      REG=7       REGSYM    ---      ---       str
      00FF0EB6H   BLOCK     CODE     NEAR LAB  LVL=1
      WR6         REGSYM    ---      WORD      length
      ---         BLOCKEND  ---      ---       LVL=1
      00FF0EB4H   LINE      CODE     ---       #218
      00FF0EB6H   LINE      CODE     ---       #219
      00FF0EB8H   LINE      CODE     ---       #220
      00FF0EBAH   LINE      CODE     ---       #221
      00FF0EBCH   LINE      CODE     ---       #222
      00FF0EC5H   LINE      CODE     ---       #223
      00FF0EC5H   LINE      CODE     ---       #224
      ---         BLOCKEND  ---      ---       LVL=0

      00FF0B8BH   BLOCK     CODE     ---       LVL=0
      REG=1       REGSYM    ---      ---       haystack
      REG=3       REGSYM    ---      ---       needle
      00FF0B8FH   BLOCK     CODE     NEAR LAB  LVL=1
L251 LINKER/LOCATER V4.66.93.0                                                        07/26/2023  21:08:58  PAGE 15


      0001056CH   SYMBOL    XDATA    ---       result
      ---         BLOCKEND  ---      ---       LVL=1
      00FF0B8BH   LINE      CODE     ---       #226
      00FF0B8FH   LINE      CODE     ---       #227
      00FF0B8FH   LINE      CODE     ---       #228
      00FF0B9CH   LINE      CODE     ---       #229
      00FF0BA0H   LINE      CODE     ---       #231
      00FF0BBDH   LINE      CODE     ---       #232
      00FF0BBDH   LINE      CODE     ---       #233
      00FF0BC7H   LINE      CODE     ---       #234
      ---         BLOCKEND  ---      ---       LVL=0
      R15         REGSYM    ---      BYTE      i
      REG=0       REGSYM    ---      ---       input
      REG=3       REGSYM    ---      ---       p

      00FF04CEH   BLOCK     CODE     ---       LVL=0
      REG=0       REGSYM    ---      ---       input
      00FF04D0H   BLOCK     CODE     NEAR LAB  LVL=1
      REG=3       REGSYM    ---      ---       p
      00010562H   SYMBOL    XDATA    ---       p1
      00010566H   SYMBOL    XDATA    INT       i
      00010568H   SYMBOL    XDATA    WORD      weizhi
      0001056AH   SYMBOL    XDATA    WORD      zhi
      ---         BLOCKEND  ---      ---       LVL=1
      00FF04CEH   LINE      CODE     ---       #284
      00FF04D0H   LINE      CODE     ---       #285
      00FF04D0H   LINE      CODE     ---       #286
      00FF04D2H   LINE      CODE     ---       #292
      00FF04DAH   LINE      CODE     ---       #294
      00FF04F1H   LINE      CODE     ---       #295
      00FF04F8H   LINE      CODE     ---       #297
      00FF04F8H   LINE      CODE     ---       #298
      00FF04F8H   LINE      CODE     ---       #299
      00FF0503H   LINE      CODE     ---       #300
      00FF0512H   LINE      CODE     ---       #301
      00FF051DH   LINE      CODE     ---       #302
      00FF0529H   LINE      CODE     ---       #303
      00FF053EH   LINE      CODE     ---       #304
      00FF054DH   LINE      CODE     ---       #305
      00FF0570H   LINE      CODE     ---       #306
      00FF057CH   LINE      CODE     ---       #308
      00FF0590H   LINE      CODE     ---       #309
      00FF05AAH   LINE      CODE     ---       #311
      ---         BLOCKEND  ---      ---       LVL=0

      00FF0EC6H   BLOCK     CODE     ---       LVL=0
      WR2         REGSYM    ---      INT       dizhi
      WR4         REGSYM    ---      INT       zhi
      00FF0EC6H   LINE      CODE     ---       #313
      00FF0EC8H   LINE      CODE     ---       #315
      00FF0ED2H   LINE      CODE     ---       #317
      00FF0ED2H   LINE      CODE     ---       #318
      00FF0ED2H   LINE      CODE     ---       #319
      00FF0ED7H   LINE      CODE     ---       #320
      ---         BLOCKEND  ---      ---       LVL=0

      00FF0026H   BLOCK     CODE     ---       LVL=0
      REG=7       REGSYM    ---      ---       input
      00FF002AH   BLOCK     CODE     NEAR LAB  LVL=1
      0001036EH   SYMBOL    XDATA    ---       par
      REG=3       REGSYM    ---      ---       begin
      R7          REGSYM    ---      CHAR      end
      ---         BLOCKEND  ---      ---       LVL=1
      00FF0026H   LINE      CODE     ---       #321
      00FF002AH   LINE      CODE     ---       #322
L251 LINKER/LOCATER V4.66.93.0                                                        07/26/2023  21:08:58  PAGE 16


      00FF002AH   LINE      CODE     ---       #323
      00FF0041H   LINE      CODE     ---       #325
      00FF0050H   LINE      CODE     ---       #327
      00FF005DH   LINE      CODE     ---       #329
      00FF006BH   LINE      CODE     ---       #331
      00FF0078H   LINE      CODE     ---       #332
      00FF0083H   LINE      CODE     ---       #333
      ---         BLOCKEND  ---      ---       LVL=0
      WR4         REGSYM    ---      INT       zhi

      00FF008EH   BLOCK     CODE     ---       LVL=0
      00010324H   SYMBOL    XDATA    ---       keybuf
      R10         REGSYM    ---      BYTE      i
      00FF008EH   LINE      CODE     ---       #364
      00FF008EH   LINE      CODE     ---       #365
      00FF008EH   LINE      CODE     ---       #409
      00FF0094H   LINE      CODE     ---       #410
      00FF00A0H   LINE      CODE     ---       #417
      00FF00A2H   LINE      CODE     ---       #419
      00FF00B5H   LINE      CODE     ---       #421
      00FF00B6H   LINE      CODE     ---       #422
      00FF00B8H   LINE      CODE     ---       #423
      00FF00BCH   LINE      CODE     ---       #425
      00FF00CBH   LINE      CODE     ---       #426
      00FF00D2H   LINE      CODE     ---       #428
      ---         BLOCKEND  ---      ---       LVL=0

      00FF0D8CH   BLOCK     CODE     ---       LVL=0
      WR6         REGSYM    ---      INT       i
      00FF0D8CH   LINE      CODE     ---       #429
      00FF0D8CH   LINE      CODE     ---       #431
      00FF0D9DH   LINE      CODE     ---       #432
      ---         BLOCKEND  ---      ---       LVL=0

      00FF0E1BH   BLOCK     CODE     ---       LVL=0
      WR6         REGSYM    ---      INT       i
      00FF0E1BH   LINE      CODE     ---       #434
      00FF0E1BH   LINE      CODE     ---       #436
      00FF0E2CH   LINE      CODE     ---       #437
      ---         BLOCKEND  ---      ---       LVL=0

      00FF0879H   BLOCK     CODE     ---       LVL=0
      00FF087BH   BLOCK     CODE     NEAR LAB  LVL=1
      WR14        REGSYM    ---      INT       i
      0001034CH   SYMBOL    XDATA    ---       flag
      00010356H   SYMBOL    XDATA    ---       dowmtimes
      ---         BLOCKEND  ---      ---       LVL=1
      00FF0879H   LINE      CODE     ---       #439
      00FF087BH   LINE      CODE     ---       #440
      00FF087BH   LINE      CODE     ---       #444
      00FF087DH   LINE      CODE     ---       #446
      00FF088CH   LINE      CODE     ---       #448
      00FF089BH   LINE      CODE     ---       #450
      00FF08A4H   LINE      CODE     ---       #451
      00FF08A9H   LINE      CODE     ---       #452
      00FF08A9H   LINE      CODE     ---       #454
      00FF08B9H   LINE      CODE     ---       #456
      00FF08C9H   LINE      CODE     ---       #458
      00FF08CEH   LINE      CODE     ---       #459
      00FF08CEH   LINE      CODE     ---       #460
      00FF08DCH   LINE      CODE     ---       #462
      00FF08E4H   LINE      CODE     ---       #464
      ---         BLOCKEND  ---      ---       LVL=0

      00FF0B09H   BLOCK     CODE     ---       LVL=0
L251 LINKER/LOCATER V4.66.93.0                                                        07/26/2023  21:08:58  PAGE 17


      00FF0B0BH   BLOCK     CODE     NEAR LAB  LVL=1
      WR14        REGSYM    ---      INT       i
      ---         BLOCKEND  ---      ---       LVL=1
      00FF0B09H   LINE      CODE     ---       #466
      00FF0B0BH   LINE      CODE     ---       #467
      00FF0B0BH   LINE      CODE     ---       #468
      00FF0B0DH   LINE      CODE     ---       #469
      00FF0B18H   LINE      CODE     ---       #470
      00FF0B23H   LINE      CODE     ---       #471
      00FF0B23H   LINE      CODE     ---       #473
      00FF0B26H   LINE      CODE     ---       #474
      00FF0B28H   LINE      CODE     ---       #475
      00FF0B2EH   LINE      CODE     ---       #477
      00FF0B2EH   LINE      CODE     ---       #478
      00FF0B2EH   LINE      CODE     ---       #479
      00FF0B37H   LINE      CODE     ---       #480
      00FF0B3AH   LINE      CODE     ---       #481
      00FF0B3CH   LINE      CODE     ---       #482
      00FF0B47H   LINE      CODE     ---       #483
      ---         BLOCKEND  ---      ---       LVL=0

      00FF0A2DH   BLOCK     CODE     ---       LVL=0
      00FF0A2DH   LINE      CODE     ---       #485
      00FF0A2DH   LINE      CODE     ---       #488
      00FF0A30H   LINE      CODE     ---       #489
      00FF0A33H   LINE      CODE     ---       #490
      00FF0A35H   LINE      CODE     ---       #492
      00FF0A38H   LINE      CODE     ---       #493
      00FF0A3BH   LINE      CODE     ---       #494
      00FF0A46H   LINE      CODE     ---       #495
      00FF0A49H   LINE      CODE     ---       #496
      00FF0A54H   LINE      CODE     ---       #497
      00FF0A57H   LINE      CODE     ---       #498
      00FF0A5AH   LINE      CODE     ---       #499
      00FF0A64H   LINE      CODE     ---       #500
      00FF0A64H   LINE      CODE     ---       #502
      00FF0A67H   LINE      CODE     ---       #503
      00FF0A70H   LINE      CODE     ---       #504
      00FF0A73H   LINE      CODE     ---       #505
      00FF0A76H   LINE      CODE     ---       #506
      ---         BLOCKEND  ---      ---       LVL=0

      00FF08E7H   BLOCK     CODE     ---       LVL=0
      00FF08E7H   LINE      CODE     ---       #509
      00FF08FBH   LINE      CODE     ---       #511
      00FF0909H   LINE      CODE     ---       #513
      00FF0918H   LINE      CODE     ---       #514
      00FF0923H   LINE      CODE     ---       #515
      00FF092BH   LINE      CODE     ---       #516
      00FF092EH   LINE      CODE     ---       #517
      ---         BLOCKEND  ---      ---       LVL=0

      00FF0943H   BLOCK     CODE     ---       LVL=0
      00FF0943H   LINE      CODE     ---       #519
      00FF0943H   LINE      CODE     ---       #521
      00FF094FH   LINE      CODE     ---       #522
      00FF095CH   LINE      CODE     ---       #523
      00FF0963H   LINE      CODE     ---       #524
      00FF0968H   LINE      CODE     ---       #528
      00FF0971H   LINE      CODE     ---       #530
      00FF097AH   LINE      CODE     ---       #531
      00FF0986H   LINE      CODE     ---       #532
      00FF0992H   LINE      CODE     ---       #533
      ---         BLOCKEND  ---      ---       LVL=0

L251 LINKER/LOCATER V4.66.93.0                                                        07/26/2023  21:08:58  PAGE 18


      00FF0E65H   BLOCK     CODE     ---       LVL=0
      WR0         REGSYM    ---      WORD      previous
      WR2         REGSYM    ---      WORD      current
      00FF0E67H   BLOCK     CODE     NEAR LAB  LVL=1
      DR4         REGSYM    ---      LONG      diff
      ---         BLOCKEND  ---      ---       LVL=1
      00FF0E65H   LINE      CODE     ---       #536
      00FF0E67H   LINE      CODE     ---       #537
      00FF0E67H   LINE      CODE     ---       #538
      00FF0E78H   LINE      CODE     ---       #539
      00FF0E78H   LINE      CODE     ---       #540
      ---         BLOCKEND  ---      ---       LVL=0

      00FF0C04H   BLOCK     CODE     ---       LVL=0
      R11         REGSYM    ---      CHAR      c
      00FF0C04H   LINE      CODE     ---       #546
      00FF0C04H   LINE      CODE     ---       #548
      00FF0C1EH   LINE      CODE     ---       #549
      00FF0C2AH   LINE      CODE     ---       #550
      00FF0C32H   LINE      CODE     ---       #551
      00FF0C3CH   LINE      CODE     ---       #552
      ---         BLOCKEND  ---      ---       LVL=0

      00FF0D23H   BLOCK     CODE     ---       LVL=0
      00FF0D23H   LINE      CODE     ---       #553
      00FF0D23H   LINE      CODE     ---       #555
      00FF0D2FH   LINE      CODE     ---       #557
      00FF0D37H   LINE      CODE     ---       #558
      00FF0D41H   LINE      CODE     ---       #560
      00FF0D47H   LINE      CODE     ---       #561
      00FF0D47H   LINE      CODE     ---       #563
      ---         BLOCKEND  ---      ---       LVL=0

      00FF000EH   BLOCK     CODE     ---       LVL=0
      00FF0010H   BLOCK     CODE     NEAR LAB  LVL=1
      ---         BLOCKEND  ---      ---       LVL=1
      00FF000EH   LINE      CODE     ---       #564
      00FF0010H   LINE      CODE     ---       #565
      00FF0010H   LINE      CODE     ---       #567
      00FF0013H   LINE      CODE     ---       #569
      00FF0015H   LINE      CODE     ---       #570
      00FF0017H   LINE      CODE     ---       #573
      00FF0019H   LINE      CODE     ---       #576
      00FF001BH   LINE      CODE     ---       #578
      00FF001BH   LINE      CODE     ---       #579
      00FF001EH   LINE      CODE     ---       #581
      00FF0020H   LINE      CODE     ---       #582
      ---         BLOCKEND  ---      ---       LVL=0

      00FF0DC8H   BLOCK     CODE     ---       LVL=0
      WR4         REGSYM    ---      INT       i
      00FF0DCAH   BLOCK     CODE     NEAR LAB  LVL=1
      WR6         REGSYM    ---      INT       ans
      ---         BLOCKEND  ---      ---       LVL=1
      00FF0DC8H   LINE      CODE     ---       #584
      00FF0DCAH   LINE      CODE     ---       #585
      00FF0DCAH   LINE      CODE     ---       #587
      00FF0DD2H   LINE      CODE     ---       #588
      00FF0DDEH   LINE      CODE     ---       #590
      00FF0DE4H   LINE      CODE     ---       #591
      ---         BLOCKEND  ---      ---       LVL=0

      00FF06F0H   BLOCK     CODE     ---       LVL=0
      0001036EH   SYMBOL    XDATA    ---       out
      0001038CH   SYMBOL    XDATA    ---       get
L251 LINKER/LOCATER V4.66.93.0                                                        07/26/2023  21:08:58  PAGE 19


      00FF06F0H   LINE      CODE     ---       #594
      00FF06F0H   LINE      CODE     ---       #595
      00FF06F0H   LINE      CODE     ---       #596
      00FF0705H   LINE      CODE     ---       #598
      00FF0711H   LINE      CODE     ---       #600
      00FF0719H   LINE      CODE     ---       #601
      00FF0724H   LINE      CODE     ---       #602
      00FF0730H   LINE      CODE     ---       #604
      00FF0741H   LINE      CODE     ---       #605
      00FF0741H   LINE      CODE     ---       #606
      00FF076CH   LINE      CODE     ---       #607
      00FF0777H   LINE      CODE     ---       #608
      ---         BLOCKEND  ---      ---       LVL=0

      00FF0B4AH   BLOCK     CODE     ---       LVL=0
      00FF0B4AH   LINE      CODE     ---       #610
      00FF0B5EH   LINE      CODE     ---       #612
      00FF0B61H   LINE      CODE     ---       #613
      00FF0B64H   LINE      CODE     ---       #614
      00FF0B6BH   LINE      CODE     ---       #616
      00FF0B76H   LINE      CODE     ---       #617
      ---         BLOCKEND  ---      ---       LVL=0

      00FF0A78H   BLOCK     CODE     ---       LVL=0
      00FF0A7AH   BLOCK     CODE     NEAR LAB  LVL=1
      0001036AH   SYMBOL    XDATA    WORD      previous
      WR14        REGSYM    ---      WORD      nowzhi
      DR4         REGSYM    ---      LONG      ans
      ---         BLOCKEND  ---      ---       LVL=1
      00FF0A78H   LINE      CODE     ---       #619
      00FF0A7AH   LINE      CODE     ---       #620
      00FF0A7AH   LINE      CODE     ---       #624
      00FF0A8EH   LINE      CODE     ---       #625
      00FF0A99H   LINE      CODE     ---       #626
      00FF0A9FH   LINE      CODE     ---       #627
      00FF0AA5H   LINE      CODE     ---       #629
      00FF0AA9H   LINE      CODE     ---       #630
      00FF0AABH   LINE      CODE     ---       #633
      00FF0AB2H   LINE      CODE     ---       #634
      00FF0AB2H   LINE      CODE     ---       #636
      00FF0ABFH   LINE      CODE     ---       #637
      ---         BLOCKEND  ---      ---       LVL=0
      REG=0       REGSYM    ---      ---       s
      REG=7       REGSYM    ---      ---       haystack
      REG=6       REGSYM    ---      ---       needle
      REG=1       REGSYM    ---      ---       h
      REG=0       REGSYM    ---      ---       n

      00FF0C70H   BLOCK     CODE     ---       LVL=0
      00FF0C70H   LINE      CODE     ---       #667
      00FF0C70H   LINE      CODE     ---       #669
      00FF0C77H   LINE      CODE     ---       #671
      00FF0C7CH   LINE      CODE     ---       #672
      00FF0C87H   LINE      CODE     ---       #673
      00FF0C97H   LINE      CODE     ---       #674
      00FF0C9FH   LINE      CODE     ---       #675
      ---         BLOCKEND  ---      ---       LVL=0

      00FF0CFCH   BLOCK     CODE     ---       LVL=0
      00FF0D05H   BLOCK     CODE     NEAR LAB  LVL=1
      R11         REGSYM    ---      CHAR      temp3
      ---         BLOCKEND  ---      ---       LVL=1
      00FF0CFCH   LINE      CODE     ---       #679
      00FF0D05H   LINE      CODE     ---       #680
      00FF0D05H   LINE      CODE     ---       #682
L251 LINKER/LOCATER V4.66.93.0                                                        07/26/2023  21:08:58  PAGE 20


      00FF0D0AH   LINE      CODE     ---       #684
      00FF0D0DH   LINE      CODE     ---       #685
      00FF0D0FH   LINE      CODE     ---       #686
      00FF0D12H   LINE      CODE     ---       #688
      00FF0D12H   LINE      CODE     ---       #689
      00FF0D17H   LINE      CODE     ---       #691
      00FF0D1AH   LINE      CODE     ---       #692
      00FF0D1CH   LINE      CODE     ---       #693
      ---         BLOCKEND  ---      ---       LVL=0

      ---         MODULE    ---      ---       MAX7219
      000000D0H   SFRSYM    DATA     BYTE      PSW
      0000009DH   SFRSYM    DATA     BYTE      IRCBAND
      00000097H   SFRSYM    DATA     BYTE      AUXR2
      000000EFH   SFRSYM    DATA     BYTE      AUXINTIF
      000000FDH   SFRSYM    DATA     BYTE      S4CON
      000000ACH   SFRSYM    DATA     BYTE      S3CON
      0000009AH   SFRSYM    DATA     BYTE      S2CON
      000000B7H   SFRSYM    DATA     BYTE      IPH
      000000CDH   SFRSYM    DATA     BYTE      SPSTAT
      000000DDH   SFRSYM    DATA     BYTE      T4T3M
      000000E8H.6 SFRSYM    DATA     BIT       DIN
      000000E8H.4 SFRSYM    DATA     BIT       CLK
      000000C1H   SFRSYM    DATA     BYTE      WDT_CONTR
      000000DFH   SFRSYM    DATA     BYTE      IP3
      000000F4H   SFRSYM    DATA     BYTE      USBCON
      000000B5H   SFRSYM    DATA     BYTE      IP2
      000000FFH   SFRSYM    DATA     BYTE      RSTCFG
      000000C7H   SFRSYM    DATA     BYTE      IAP_CONTR
      000000F9H   SFRSYM    DATA     BYTE      LINICR
      0000008EH   SFRSYM    DATA     BYTE      AUXR
      000000AFH   SFRSYM    DATA     BYTE      IE2
      00000088H   SFRSYM    DATA     BYTE      TCON
      00000089H   SFRSYM    DATA     BYTE      TMOD
      00000098H   SFRSYM    DATA     BYTE      SCON
      000000F1H   SFRSYM    DATA     BYTE      CANICR
      00000087H   SFRSYM    DATA     BYTE      PCON
      000000BCH   SFRSYM    DATA     BYTE      ADC_CONTR
      000000E7H   SFRSYM    DATA     BYTE      CMPCR2
      000000E6H   SFRSYM    DATA     BYTE      CMPCR1
      000000DEH   SFRSYM    DATA     BYTE      ADCCFG
      000000B8H   SFRSYM    DATA     BYTE      IP
      0000008FH   SFRSYM    DATA     BYTE      INTCLKO
      000000E8H.5 SFRSYM    DATA     BIT       CS
      000000EEH   SFRSYM    DATA     BYTE      IP3H
      000000B6H   SFRSYM    DATA     BYTE      IP2H
      000000A8H   SFRSYM    DATA     BYTE      IE
      000000BBH   SFRSYM    DATA     BYTE      P_SW3
      000000BAH   SFRSYM    DATA     BYTE      P_SW2
      000000A2H   SFRSYM    DATA     BYTE      P_SW1
      000000CEH   SFRSYM    DATA     BYTE      SPCTL
      000000F8H   SFRSYM    DATA     BYTE      P7
      000000E8H   SFRSYM    DATA     BYTE      P6
      000000C8H   SFRSYM    DATA     BYTE      P5
      000000C0H   SFRSYM    DATA     BYTE      P4
      000000B0H   SFRSYM    DATA     BYTE      P3
      000000A0H   SFRSYM    DATA     BYTE      P2
      00000090H   SFRSYM    DATA     BYTE      P1
      00000080H   SFRSYM    DATA     BYTE      P0
      R7          REGSYM    ---      BYTE      address
      R10         REGSYM    ---      BYTE      dat
      R6          REGSYM    ---      BYTE      i

      ---         MODULE    ---      ---       uart
      00FF0D6DH   PUBLIC    CODE     ---       sendbyte1
L251 LINKER/LOCATER V4.66.93.0                                                        07/26/2023  21:08:58  PAGE 21


      00FF0F03H   PUBLIC    CODE     ---       sendbyte3
      00FF0DAAH   PUBLIC    CODE     ---       Uart23Init
      00FF0DE5H   PUBLIC    CODE     ---       UartInit
      00FF0E00H   PUBLIC    CODE     ---       Timer0Init
      00010658H   PUBLIC    XDATA    INT       debug
      00000020H.0 PUBLIC    BIT      BIT       busy2
      00000020H.1 PUBLIC    BIT      BIT       busy3
      00000020H.2 PUBLIC    BIT      BIT       busy4
      000000D0H   SFRSYM    DATA     BYTE      PSW
      0000009DH   SFRSYM    DATA     BYTE      IRCBAND
      00000097H   SFRSYM    DATA     BYTE      AUXR2
      000000EFH   SFRSYM    DATA     BYTE      AUXINTIF
      000000FDH   SFRSYM    DATA     BYTE      S4CON
      000000ACH   SFRSYM    DATA     BYTE      S3CON
      0000009AH   SFRSYM    DATA     BYTE      S2CON
      000000FEH   SFRSYM    DATA     BYTE      S4BUF
      000000ADH   SFRSYM    DATA     BYTE      S3BUF
      0000009BH   SFRSYM    DATA     BYTE      S2BUF
      000000B7H   SFRSYM    DATA     BYTE      IPH
      000000CDH   SFRSYM    DATA     BYTE      SPSTAT
      000000DDH   SFRSYM    DATA     BYTE      T4T3M
      000000C1H   SFRSYM    DATA     BYTE      WDT_CONTR
      00000088H.6 SFRSYM    DATA     BIT       TR1
      00000088H.4 SFRSYM    DATA     BIT       TR0
      000000B8H.1 SFRSYM    DATA     BIT       PT0
      000000D3H   SFRSYM    DATA     BYTE      T4L
      000000D7H   SFRSYM    DATA     BYTE      T2L
      0000008BH   SFRSYM    DATA     BYTE      TL1
      0000008AH   SFRSYM    DATA     BYTE      TL0
      000000D2H   SFRSYM    DATA     BYTE      T4H
      000000D6H   SFRSYM    DATA     BYTE      T2H
      0000008DH   SFRSYM    DATA     BYTE      TH1
      0000008CH   SFRSYM    DATA     BYTE      TH0
      000000DFH   SFRSYM    DATA     BYTE      IP3
      000000F4H   SFRSYM    DATA     BYTE      USBCON
      000000B5H   SFRSYM    DATA     BYTE      IP2
      000000FFH   SFRSYM    DATA     BYTE      RSTCFG
      00000088H.5 SFRSYM    DATA     BIT       TF0
      000000A8H.3 SFRSYM    DATA     BIT       ET1
      000000A8H.1 SFRSYM    DATA     BIT       ET0
      000000C7H   SFRSYM    DATA     BYTE      IAP_CONTR
      000000F9H   SFRSYM    DATA     BYTE      LINICR
      0000008EH   SFRSYM    DATA     BYTE      AUXR
      000000AFH   SFRSYM    DATA     BYTE      IE2
      000000BAH.1 SFRSYM    DATA     BIT       S3_S
      00000088H   SFRSYM    DATA     BYTE      TCON
      00000089H   SFRSYM    DATA     BYTE      TMOD
      00000098H   SFRSYM    DATA     BYTE      SCON
      000000F1H   SFRSYM    DATA     BYTE      CANICR
      00000087H   SFRSYM    DATA     BYTE      PCON
      00000099H   SFRSYM    DATA     BYTE      SBUF
      000000BCH   SFRSYM    DATA     BYTE      ADC_CONTR
      000000E7H   SFRSYM    DATA     BYTE      CMPCR2
      000000E6H   SFRSYM    DATA     BYTE      CMPCR1
      00000098H.1 SFRSYM    DATA     BIT       TI
      000000DEH   SFRSYM    DATA     BYTE      ADCCFG
      000000B8H   SFRSYM    DATA     BYTE      IP
      000000A8H.4 SFRSYM    DATA     BIT       ES
      0000008FH   SFRSYM    DATA     BYTE      INTCLKO
      000000EEH   SFRSYM    DATA     BYTE      IP3H
      000000B6H   SFRSYM    DATA     BYTE      IP2H
      000000A8H   SFRSYM    DATA     BYTE      IE
      000000BBH   SFRSYM    DATA     BYTE      P_SW3
      000000BAH   SFRSYM    DATA     BYTE      P_SW2
      000000A2H   SFRSYM    DATA     BYTE      P_SW1
L251 LINKER/LOCATER V4.66.93.0                                                        07/26/2023  21:08:58  PAGE 22


      000000CEH   SFRSYM    DATA     BYTE      SPCTL
      000000F8H   SFRSYM    DATA     BYTE      P7
      000000A8H.7 SFRSYM    DATA     BIT       EA
      000000E8H   SFRSYM    DATA     BYTE      P6
      000000C8H   SFRSYM    DATA     BYTE      P5
      000000C0H   SFRSYM    DATA     BYTE      P4
      000000B0H   SFRSYM    DATA     BYTE      P3
      000000A0H   SFRSYM    DATA     BYTE      P2
      00000090H   SFRSYM    DATA     BYTE      P1
      00000080H   SFRSYM    DATA     BYTE      P0

      00FF0E00H   BLOCK     CODE     ---       LVL=0
      00FF0E00H   LINE      CODE     ---       #41
      00FF0E00H   LINE      CODE     ---       #44
      00FF0E03H   LINE      CODE     ---       #45
      00FF0E06H   LINE      CODE     ---       #46
      00FF0E09H   LINE      CODE     ---       #47
      00FF0E0CH   LINE      CODE     ---       #48
      00FF0E0EH   LINE      CODE     ---       #49
      00FF0E10H   LINE      CODE     ---       #51
      00FF0E12H   LINE      CODE     ---       #52
      00FF0E14H   LINE      CODE     ---       #53
      00FF0E16H   LINE      CODE     ---       #54
      00FF0E18H   LINE      CODE     ---       #55
      00FF0E1AH   LINE      CODE     ---       #56
      ---         BLOCKEND  ---      ---       LVL=0

      00FF0DE5H   BLOCK     CODE     ---       LVL=0
      00FF0DE5H   LINE      CODE     ---       #61
      00FF0DE5H   LINE      CODE     ---       #63
      00FF0DE8H   LINE      CODE     ---       #64
      00FF0DEBH   LINE      CODE     ---       #65
      00FF0DEEH   LINE      CODE     ---       #66
      00FF0DF1H   LINE      CODE     ---       #67
      00FF0DF4H   LINE      CODE     ---       #68
      00FF0DF7H   LINE      CODE     ---       #69
      00FF0DF9H   LINE      CODE     ---       #70
      00FF0DFBH   LINE      CODE     ---       #71
      00FF0DFDH   LINE      CODE     ---       #73
      00FF0DFFH   LINE      CODE     ---       #74
      ---         BLOCKEND  ---      ---       LVL=0

      00FF0DAAH   BLOCK     CODE     ---       LVL=0
      00FF0DAAH   LINE      CODE     ---       #75
      00FF0DAAH   LINE      CODE     ---       #77
      00FF0DADH   LINE      CODE     ---       #78
      00FF0DB0H   LINE      CODE     ---       #79
      00FF0DB3H   LINE      CODE     ---       #80
      00FF0DB6H   LINE      CODE     ---       #81
      00FF0DB9H   LINE      CODE     ---       #82
      00FF0DBCH   LINE      CODE     ---       #83
      00FF0DBFH   LINE      CODE     ---       #85
      00FF0DC2H   LINE      CODE     ---       #86
      00FF0DC4H   LINE      CODE     ---       #87
      00FF0DC7H   LINE      CODE     ---       #91
      ---         BLOCKEND  ---      ---       LVL=0

      00FF0D6DH   BLOCK     CODE     ---       LVL=0
      R11         REGSYM    ---      BYTE      ch
      WR6         REGSYM    ---      INT       i
      00FF0D6DH   LINE      CODE     ---       #127
      00FF0D6DH   LINE      CODE     ---       #128
      00FF0D6DH   LINE      CODE     ---       #131
      00FF0D6FH   LINE      CODE     ---       #132
      00FF0D72H   LINE      CODE     ---       #133
L251 LINKER/LOCATER V4.66.93.0                                                        07/26/2023  21:08:58  PAGE 23


      00FF0D74H   LINE      CODE     ---       #135
      00FF0D76H   LINE      CODE     ---       #136
      00FF0D79H   LINE      CODE     ---       #137
      00FF0D81H   LINE      CODE     ---       #138
      00FF0D83H   LINE      CODE     ---       #139
      00FF0D89H   LINE      CODE     ---       #140
      00FF0D8BH   LINE      CODE     ---       #141
      ---         BLOCKEND  ---      ---       LVL=0
      R7          REGSYM    ---      BYTE      ch

      00FF0F03H   BLOCK     CODE     ---       LVL=0
      R7          REGSYM    ---      BYTE      ch
      00FF0F03H   LINE      CODE     ---       #159
      00FF0F05H   LINE      CODE     ---       #161
      00FF0F08H   LINE      CODE     ---       #162
      00FF0F0AH   LINE      CODE     ---       #163
      00FF0F0DH   LINE      CODE     ---       #164
      ---         BLOCKEND  ---      ---       LVL=0
      REG=3       REGSYM    ---      ---       p
      R7          REGSYM    ---      BYTE      ch
      REG=3       REGSYM    ---      ---       p
      REG=3       REGSYM    ---      ---       p
      REG=3       REGSYM    ---      ---       puts
      R10         REGSYM    ---      BYTE      i
      R15         REGSYM    ---      CHAR      dat

      ---         MODULE    ---      ---       tongxin
      00FF0778H   PUBLIC    CODE     ---       pop2
      00FF0CCFH   PUBLIC    CODE     ---       memcpy
      00FF0D48H   PUBLIC    CODE     ---       getemptyindex
      00FF0EE8H   PUBLIC    CODE     ---       empty
      00FF05ADH   PUBLIC    CODE     ---       push
      0001061CH   PUBLIC    XDATA    ---       tongxindata
      0001038CH   PUBLIC    XDATA    BYTE      ?memcpy?BYTE
      000000D0H   SFRSYM    DATA     BYTE      PSW
      0000009DH   SFRSYM    DATA     BYTE      IRCBAND
      00000097H   SFRSYM    DATA     BYTE      AUXR2
      000000EFH   SFRSYM    DATA     BYTE      AUXINTIF
      000000FDH   SFRSYM    DATA     BYTE      S4CON
      000000ACH   SFRSYM    DATA     BYTE      S3CON
      0000009AH   SFRSYM    DATA     BYTE      S2CON
      000000B7H   SFRSYM    DATA     BYTE      IPH
      000000CDH   SFRSYM    DATA     BYTE      SPSTAT
      000000DDH   SFRSYM    DATA     BYTE      T4T3M
      000000C1H   SFRSYM    DATA     BYTE      WDT_CONTR
      000000DFH   SFRSYM    DATA     BYTE      IP3
      000000F4H   SFRSYM    DATA     BYTE      USBCON
      000000B5H   SFRSYM    DATA     BYTE      IP2
      000000FFH   SFRSYM    DATA     BYTE      RSTCFG
      000000C7H   SFRSYM    DATA     BYTE      IAP_CONTR
      000000F9H   SFRSYM    DATA     BYTE      LINICR
      0000008EH   SFRSYM    DATA     BYTE      AUXR
      000000AFH   SFRSYM    DATA     BYTE      IE2
      00000088H   SFRSYM    DATA     BYTE      TCON
      00000089H   SFRSYM    DATA     BYTE      TMOD
      00000098H   SFRSYM    DATA     BYTE      SCON
      000000F1H   SFRSYM    DATA     BYTE      CANICR
      00000087H   SFRSYM    DATA     BYTE      PCON
      000000BCH   SFRSYM    DATA     BYTE      ADC_CONTR
      000000E7H   SFRSYM    DATA     BYTE      CMPCR2
      000000E6H   SFRSYM    DATA     BYTE      CMPCR1
      000000DEH   SFRSYM    DATA     BYTE      ADCCFG
      000000B8H   SFRSYM    DATA     BYTE      IP
      0000008FH   SFRSYM    DATA     BYTE      INTCLKO
      000000EEH   SFRSYM    DATA     BYTE      IP3H
L251 LINKER/LOCATER V4.66.93.0                                                        07/26/2023  21:08:58  PAGE 24


      000000B6H   SFRSYM    DATA     BYTE      IP2H
      000000A8H   SFRSYM    DATA     BYTE      IE
      000000BBH   SFRSYM    DATA     BYTE      P_SW3
      000000BAH   SFRSYM    DATA     BYTE      P_SW2
      000000A2H   SFRSYM    DATA     BYTE      P_SW1
      000000CEH   SFRSYM    DATA     BYTE      SPCTL
      000000F8H   SFRSYM    DATA     BYTE      P7
      000000E8H   SFRSYM    DATA     BYTE      P6
      000000C8H   SFRSYM    DATA     BYTE      P5
      000000C0H   SFRSYM    DATA     BYTE      P4
      000000B0H   SFRSYM    DATA     BYTE      P3
      000000A0H   SFRSYM    DATA     BYTE      P2
      00000090H   SFRSYM    DATA     BYTE      P1
      00000080H   SFRSYM    DATA     BYTE      P0

      00FF0CCFH   BLOCK     CODE     ---       LVL=0
      REG=2       REGSYM    ---      ---       destination
      REG=7       REGSYM    ---      ---       source
      00010394H   SYMBOL    XDATA    WORD      num
      00FF0CD5H   BLOCK     CODE     NEAR LAB  LVL=1
      WR30        REGSYM    ---      WORD      i
      REG=1       REGSYM    ---      ---       dest
      REG=0       REGSYM    ---      ---       src
      ---         BLOCKEND  ---      ---       LVL=1
      00FF0CCFH   LINE      CODE     ---       #14
      00FF0CD5H   LINE      CODE     ---       #16
      00FF0CD7H   LINE      CODE     ---       #17
      00FF0CD9H   LINE      CODE     ---       #19
      00FF0CDDH   LINE      CODE     ---       #20
      00FF0CEBH   LINE      CODE     ---       #21
      00FF0CF7H   LINE      CODE     ---       #23
      00FF0CF9H   LINE      CODE     ---       #24
      ---         BLOCKEND  ---      ---       LVL=0

      00FF0D48H   BLOCK     CODE     ---       LVL=0
      WR6         REGSYM    ---      INT       i
      00FF0D48H   LINE      CODE     ---       #25
      00FF0D48H   LINE      CODE     ---       #26
      00FF0D48H   LINE      CODE     ---       #28
      00FF0D4AH   LINE      CODE     ---       #30
      00FF0D63H   LINE      CODE     ---       #31
      00FF0D64H   LINE      CODE     ---       #32
      00FF0D6CH   LINE      CODE     ---       #33
      00FF0D6CH   LINE      CODE     ---       #34
      ---         BLOCKEND  ---      ---       LVL=0

      00FF0EE8H   BLOCK     CODE     ---       LVL=0
      00FF0EE8H   LINE      CODE     ---       #35
      00FF0EE8H   LINE      CODE     ---       #37
      00FF0EEFH   LINE      CODE     ---       #39
      00FF0EF4H   LINE      CODE     ---       #40
      00FF0EF4H   LINE      CODE     ---       #41
      00FF0EF6H   LINE      CODE     ---       #42
      ---         BLOCKEND  ---      ---       LVL=0

      00FF05ADH   BLOCK     CODE     ---       LVL=0
      WR12        REGSYM    ---      INT       weizhi
      WR14        REGSYM    ---      INT       zhi
      00FF05B3H   BLOCK     CODE     NEAR LAB  LVL=1
      0001036EH   SYMBOL    XDATA    INT       dizhi
      WR6         REGSYM    ---      INT       i
      ---         BLOCKEND  ---      ---       LVL=1
      00FF05ADH   LINE      CODE     ---       #52
      00FF05B3H   LINE      CODE     ---       #53
      00FF05B3H   LINE      CODE     ---       #56
L251 LINKER/LOCATER V4.66.93.0                                                        07/26/2023  21:08:58  PAGE 25


      00FF05BCH   LINE      CODE     ---       #58
      00FF05C0H   LINE      CODE     ---       #60
      00FF05D9H   LINE      CODE     ---       #62
      00FF05E8H   LINE      CODE     ---       #63
      00FF05EAH   LINE      CODE     ---       #64
      00FF05F6H   LINE      CODE     ---       #67
      00FF05FFH   LINE      CODE     ---       #69
      00FF05FFH   LINE      CODE     ---       #70
      00FF05FFH   LINE      CODE     ---       #73
      00FF0618H   LINE      CODE     ---       #74
      00FF0631H   LINE      CODE     ---       #75
      00FF0650H   LINE      CODE     ---       #76
      ---         BLOCKEND  ---      ---       LVL=0
      WR4         REGSYM    ---      INT       i
      WR6         REGSYM    ---      INT       dizhi
      WR6         REGSYM    ---      INT       weizhi
      WR4         REGSYM    ---      INT       zhi
      WR12        REGSYM    ---      INT       i
      WR14        REGSYM    ---      INT       dizhi

      00FF0778H   BLOCK     CODE     ---       LVL=0
      REG=3       REGSYM    ---      ---       get
      00FF077CH   BLOCK     CODE     NEAR LAB  LVL=1
      WR14        REGSYM    ---      INT       i
      00010392H   SYMBOL    XDATA    INT       dizhi
      ---         BLOCKEND  ---      ---       LVL=1
      00FF0778H   LINE      CODE     ---       #113
      00FF077CH   LINE      CODE     ---       #114
      00FF077CH   LINE      CODE     ---       #116
      00FF0785H   LINE      CODE     ---       #117
      00FF078CH   LINE      CODE     ---       #119
      00FF0790H   LINE      CODE     ---       #120
      00FF0790H   LINE      CODE     ---       #121
      00FF07A7H   LINE      CODE     ---       #122
      00FF07ABH   LINE      CODE     ---       #124
      00FF07CCH   LINE      CODE     ---       #125
      00FF07DCH   LINE      CODE     ---       #126
      00FF07F3H   LINE      CODE     ---       #127
      00FF07F7H   LINE      CODE     ---       #128
      ---         BLOCKEND  ---      ---       LVL=0

      ---         MODULE    ---      ---       ?C_START
      00FF0000H   PUBLIC    CODE     ---       ?C?STARTUP
      00FF0000H   PUBLIC    CODE     ---       ?C_STARTUP

      ---         MODULE    ---      ---       ?C?INITHDATA
      00FF0AD5H   PUBLIC    CODE     ---       ?C?INITHDATA

      ---         MODULE    ---      ---       ?C?SIDIV
      00FF00D6H   PUBLIC    CODE     ---       ?C?SIDIV

      ---         MODULE    ---      ---       ?C?SLDIV
      00FF0108H   PUBLIC    CODE     NEAR LAB  ?C?SLDIV

      ---         MODULE    ---      ---       ?C?BMOVEPP
      00FF013EH   PUBLIC    CODE     ---       ?C?BMOVEPP
      00FF013CH   PUBLIC    CODE     ---       ?C?BMOVEPP8

      ---         MODULE    ---      ---       SPRINTF
      000103BAH   PUBLIC    XDATA    ---       ?SPRINTF?BYTE
      00FF0165H   PUBLIC    CODE     NEAR LAB  SPRINTF

      ---         MODULE    ---      ---       VSPRINTF
      00010610H   PUBLIC    XDATA    ---       ?VSPRINTF?BYTE
      00FF0185H   PUBLIC    CODE     NEAR LAB  VSPRINTF
L251 LINKER/LOCATER V4.66.93.0                                                        07/26/2023  21:08:58  PAGE 26



      ---         MODULE    ---      ---       ATOI
      00FF07FAH   PUBLIC    CODE     ---       atoi?_

      ---         MODULE    ---      ---       STRCPY?_
      00FF0EA1H   PUBLIC    CODE     NEAR LAB  STRCPY?_

      ---         MODULE    ---      ---       memset
      00FF0E35H   PUBLIC    CODE     ---       memset?_

      ---         MODULE    ---      ---       ?C?INITHDATA_END
      00FF1346H   PUBLIC    HCONST   WORD      ?C?INITHDATA_END

      ---         MODULE    ---      ---       ?C?ULDIV
      00FF01A9H   PUBLIC    CODE     NEAR LAB  ?C?ULDIV
      00FF01A7H   PUBLIC    CODE     NEAR LAB  ?C?ULIDIV

      ---         MODULE    ---      ---       ?C?PRNFMT
      00FF0227H   PUBLIC    CODE     ---       ?C?PRNFMT

      ---         MODULE    ---      ---       ISDIGIT
      00FF0ED8H   PUBLIC    CODE     ---       isdigit?_

      ---         MODULE    ---      ---       ISSPACE
      00FF0E8DH   PUBLIC    CODE     ---       isspace?_



*** WARNING L15: MULTIPLE CALL TO FUNCTION
    NAME:    push/tongxin
    CALLER1: PWM_ISR/main
    CALLER2: ?C_C51STARTUP?3

Program Size: data=16.3 edata+hdata=256 xdata=1626 const=1086 code=3841
L251 RUN COMPLETE.  1 WARNING(S),  0 ERROR(S)
